<?xml version="1.0" encoding="ISO-8859-1" ?>
<link_info>
   <banner>TI ARM Clang Linker PC v3.2.0.LTS</banner>
   <copyright>Copyright (c) 1996-2018 Texas Instruments Incorporated</copyright>
   <link_time>0x66950ca7</link_time>
   <link_errors>0x0</link_errors>
   <output_file>E:\CCS\2024.07.15_PRO-E_60V3A_Testing\Debug\2024.07.15_PRO-E_60V3A_Testing.out</output_file>
   <entry_point>
      <name>_c_int00_noargs</name>
      <address>0x48b1</address>
   </entry_point>
   <input_file_list>
      <input_file id="fl-1">
         <path>E:\CCS\2024.07.15_PRO-E_60V3A_Testing\Debug\.\</path>
         <kind>object</kind>
         <file>GlobalDefinitions.o</file>
         <name>GlobalDefinitions.o</name>
      </input_file>
      <input_file id="fl-2">
         <path>E:\CCS\2024.07.15_PRO-E_60V3A_Testing\Debug\.\syscfg\</path>
         <kind>object</kind>
         <file>ti_msp_dl_config.o</file>
         <name>ti_msp_dl_config.o</name>
      </input_file>
      <input_file id="fl-3">
         <path>E:\CCS\2024.07.15_PRO-E_60V3A_Testing\Debug\.\</path>
         <kind>object</kind>
         <file>startup_mspm0g350x_ticlang.o</file>
         <name>startup_mspm0g350x_ticlang.o</name>
      </input_file>
      <input_file id="fl-4">
         <path>E:\CCS\2024.07.15_PRO-E_60V3A_Testing\Debug\.\</path>
         <kind>object</kind>
         <file>System_Recorder.o</file>
         <name>System_Recorder.o</name>
      </input_file>
      <input_file id="fl-5">
         <path>E:\CCS\2024.07.15_PRO-E_60V3A_Testing\Debug\.\</path>
         <kind>object</kind>
         <file>app_EbikeCharger.o</file>
         <name>app_EbikeCharger.o</name>
      </input_file>
      <input_file id="fl-6">
         <path>E:\CCS\2024.07.15_PRO-E_60V3A_Testing\Debug\.\</path>
         <kind>object</kind>
         <file>cal_Controller.o</file>
         <name>cal_Controller.o</name>
      </input_file>
      <input_file id="fl-7">
         <path>E:\CCS\2024.07.15_PRO-E_60V3A_Testing\Debug\.\</path>
         <kind>object</kind>
         <file>cal_FixedPointMath.o</file>
         <name>cal_FixedPointMath.o</name>
      </input_file>
      <input_file id="fl-8">
         <path>E:\CCS\2024.07.15_PRO-E_60V3A_Testing\Debug\.\</path>
         <kind>object</kind>
         <file>cal_Profile.o</file>
         <name>cal_Profile.o</name>
      </input_file>
      <input_file id="fl-9">
         <path>E:\CCS\2024.07.15_PRO-E_60V3A_Testing\Debug\.\</path>
         <kind>object</kind>
         <file>drv_BotLayer.o</file>
         <name>drv_BotLayer.o</name>
      </input_file>
      <input_file id="fl-a">
         <path>E:\CCS\2024.07.15_PRO-E_60V3A_Testing\Debug\.\</path>
         <kind>object</kind>
         <file>main.o</file>
         <name>main.o</name>
      </input_file>
      <input_file id="fl-17">
         <path>E:\CCS\2024.07.15_PRO-E_60V3A_Testing\Debug\</path>
         <kind>object</kind>
         <file>&lt;internal&gt;</file>
         <name>&lt;internal&gt;</name>
      </input_file>
      <input_file id="fl-18">
         <path>C:\ti\mspm0_sdk_2_01_00_03\source\ti\driverlib\lib\ticlang\m0p\mspm0g1x0x_g3x0x\</path>
         <kind>archive</kind>
         <file>driverlib.a</file>
         <name>dl_adc12.o</name>
      </input_file>
      <input_file id="fl-19">
         <path>C:\ti\mspm0_sdk_2_01_00_03\source\ti\driverlib\lib\ticlang\m0p\mspm0g1x0x_g3x0x\</path>
         <kind>archive</kind>
         <file>driverlib.a</file>
         <name>dl_common.o</name>
      </input_file>
      <input_file id="fl-1a">
         <path>C:\ti\mspm0_sdk_2_01_00_03\source\ti\driverlib\lib\ticlang\m0p\mspm0g1x0x_g3x0x\</path>
         <kind>archive</kind>
         <file>driverlib.a</file>
         <name>dl_dma.o</name>
      </input_file>
      <input_file id="fl-1b">
         <path>C:\ti\mspm0_sdk_2_01_00_03\source\ti\driverlib\lib\ticlang\m0p\mspm0g1x0x_g3x0x\</path>
         <kind>archive</kind>
         <file>driverlib.a</file>
         <name>dl_flashctl.o</name>
      </input_file>
      <input_file id="fl-1c">
         <path>C:\ti\mspm0_sdk_2_01_00_03\source\ti\driverlib\lib\ticlang\m0p\mspm0g1x0x_g3x0x\</path>
         <kind>archive</kind>
         <file>driverlib.a</file>
         <name>dl_timer.o</name>
      </input_file>
      <input_file id="fl-1d">
         <path>C:\ti\mspm0_sdk_2_01_00_03\source\ti\driverlib\lib\ticlang\m0p\mspm0g1x0x_g3x0x\</path>
         <kind>archive</kind>
         <file>driverlib.a</file>
         <name>dl_uart.o</name>
      </input_file>
      <input_file id="fl-1e">
         <path>C:\ti\mspm0_sdk_2_01_00_03\source\ti\driverlib\lib\ticlang\m0p\mspm0g1x0x_g3x0x\</path>
         <kind>archive</kind>
         <file>driverlib.a</file>
         <name>dl_sysctl_mspm0g1x0x_g3x0x.o</name>
      </input_file>
      <input_file id="fl-2b">
         <path>C:\ti\ccs1250\ccs\tools\compiler\ti-cgt-armllvm_3.2.0.LTS\lib\armv6m-ti-none-eabi\c\</path>
         <kind>archive</kind>
         <file>libc.a</file>
         <name>sprintf.c.obj</name>
      </input_file>
      <input_file id="fl-2c">
         <path>C:\ti\ccs1250\ccs\tools\compiler\ti-cgt-armllvm_3.2.0.LTS\lib\armv6m-ti-none-eabi\c\</path>
         <kind>archive</kind>
         <file>libc.a</file>
         <name>boot_cortex_m.c.obj</name>
      </input_file>
      <input_file id="fl-2d">
         <path>C:\ti\ccs1250\ccs\tools\compiler\ti-cgt-armllvm_3.2.0.LTS\lib\armv6m-ti-none-eabi\c\</path>
         <kind>archive</kind>
         <file>libc.a</file>
         <name>mathacl_init.c.obj</name>
      </input_file>
      <input_file id="fl-2e">
         <path>C:\ti\ccs1250\ccs\tools\compiler\ti-cgt-armllvm_3.2.0.LTS\lib\armv6m-ti-none-eabi\c\</path>
         <kind>archive</kind>
         <file>libc.a</file>
         <name>autoinit.c.obj</name>
      </input_file>
      <input_file id="fl-2f">
         <path>C:\ti\ccs1250\ccs\tools\compiler\ti-cgt-armllvm_3.2.0.LTS\lib\armv6m-ti-none-eabi\c\</path>
         <kind>archive</kind>
         <file>libc.a</file>
         <name>pre_init.c.obj</name>
      </input_file>
      <input_file id="fl-30">
         <path>C:\ti\ccs1250\ccs\tools\compiler\ti-cgt-armllvm_3.2.0.LTS\lib\armv6m-ti-none-eabi\c\</path>
         <kind>archive</kind>
         <file>libc.a</file>
         <name>cpy_tbl.c.obj</name>
      </input_file>
      <input_file id="fl-31">
         <path>C:\ti\ccs1250\ccs\tools\compiler\ti-cgt-armllvm_3.2.0.LTS\lib\armv6m-ti-none-eabi\c\</path>
         <kind>archive</kind>
         <file>libc.a</file>
         <name>copy_zero_init.c.obj</name>
      </input_file>
      <input_file id="fl-32">
         <path>C:\ti\ccs1250\ccs\tools\compiler\ti-cgt-armllvm_3.2.0.LTS\lib\armv6m-ti-none-eabi\c\</path>
         <kind>archive</kind>
         <file>libc.a</file>
         <name>copy_decompress_none.c.obj</name>
      </input_file>
      <input_file id="fl-33">
         <path>C:\ti\ccs1250\ccs\tools\compiler\ti-cgt-armllvm_3.2.0.LTS\lib\armv6m-ti-none-eabi\c\</path>
         <kind>archive</kind>
         <file>libc.a</file>
         <name>copy_decompress_lzss.c.obj</name>
      </input_file>
      <input_file id="fl-34">
         <path>C:\ti\ccs1250\ccs\tools\compiler\ti-cgt-armllvm_3.2.0.LTS\lib\armv6m-ti-none-eabi\c\</path>
         <kind>archive</kind>
         <file>libc.a</file>
         <name>_printfi.c.obj</name>
      </input_file>
      <input_file id="fl-35">
         <path>C:\ti\ccs1250\ccs\tools\compiler\ti-cgt-armllvm_3.2.0.LTS\lib\armv6m-ti-none-eabi\c\</path>
         <kind>archive</kind>
         <file>libc.a</file>
         <name>wcslen.c.obj</name>
      </input_file>
      <input_file id="fl-36">
         <path>C:\ti\ccs1250\ccs\tools\compiler\ti-cgt-armllvm_3.2.0.LTS\lib\armv6m-ti-none-eabi\c\</path>
         <kind>archive</kind>
         <file>libc.a</file>
         <name>aeabi_portable.c.obj</name>
      </input_file>
      <input_file id="fl-37">
         <path>C:\ti\ccs1250\ccs\tools\compiler\ti-cgt-armllvm_3.2.0.LTS\lib\armv6m-ti-none-eabi\c\</path>
         <kind>archive</kind>
         <file>libc.a</file>
         <name>exit.c.obj</name>
      </input_file>
      <input_file id="fl-38">
         <path>C:\ti\ccs1250\ccs\tools\compiler\ti-cgt-armllvm_3.2.0.LTS\lib\armv6m-ti-none-eabi\c\</path>
         <kind>archive</kind>
         <file>libc.a</file>
         <name>_lock.c.obj</name>
      </input_file>
      <input_file id="fl-39">
         <path>C:\ti\ccs1250\ccs\tools\compiler\ti-cgt-armllvm_3.2.0.LTS\lib\armv6m-ti-none-eabi\c\</path>
         <kind>archive</kind>
         <file>libc.a</file>
         <name>_ltoa.c.obj</name>
      </input_file>
      <input_file id="fl-3a">
         <path>C:\ti\ccs1250\ccs\tools\compiler\ti-cgt-armllvm_3.2.0.LTS\lib\armv6m-ti-none-eabi\c\</path>
         <kind>archive</kind>
         <file>libc.a</file>
         <name>args_main.c.obj</name>
      </input_file>
      <input_file id="fl-3b">
         <path>C:\ti\ccs1250\ccs\tools\compiler\ti-cgt-armllvm_3.2.0.LTS\lib\armv6m-ti-none-eabi\c\</path>
         <kind>archive</kind>
         <file>libc.a</file>
         <name>assert.c.obj</name>
      </input_file>
      <input_file id="fl-3c">
         <path>C:\ti\ccs1250\ccs\tools\compiler\ti-cgt-armllvm_3.2.0.LTS\lib\armv6m-ti-none-eabi\c\</path>
         <kind>archive</kind>
         <file>libc.a</file>
         <name>atoi.c.obj</name>
      </input_file>
      <input_file id="fl-3d">
         <path>C:\ti\ccs1250\ccs\tools\compiler\ti-cgt-armllvm_3.2.0.LTS\lib\armv6m-ti-none-eabi\c\</path>
         <kind>archive</kind>
         <file>libc.a</file>
         <name>defs.c.obj</name>
      </input_file>
      <input_file id="fl-3e">
         <path>C:\ti\ccs1250\ccs\tools\compiler\ti-cgt-armllvm_3.2.0.LTS\lib\armv6m-ti-none-eabi\c\</path>
         <kind>archive</kind>
         <file>libc.a</file>
         <name>memccpy.c.obj</name>
      </input_file>
      <input_file id="fl-3f">
         <path>C:\ti\ccs1250\ccs\tools\compiler\ti-cgt-armllvm_3.2.0.LTS\lib\armv6m-ti-none-eabi\c\</path>
         <kind>archive</kind>
         <file>libc.a</file>
         <name>memory.c.obj</name>
      </input_file>
      <input_file id="fl-40">
         <path>C:\ti\ccs1250\ccs\tools\compiler\ti-cgt-armllvm_3.2.0.LTS\lib\armv6m-ti-none-eabi\c\</path>
         <kind>archive</kind>
         <file>libc.a</file>
         <name>s_frexp.c.obj</name>
      </input_file>
      <input_file id="fl-41">
         <path>C:\ti\ccs1250\ccs\tools\compiler\ti-cgt-armllvm_3.2.0.LTS\lib\armv6m-ti-none-eabi\c\</path>
         <kind>archive</kind>
         <file>libc.a</file>
         <name>s_scalbn.c.obj</name>
      </input_file>
      <input_file id="fl-42">
         <path>C:\ti\ccs1250\ccs\tools\compiler\ti-cgt-armllvm_3.2.0.LTS\lib\armv6m-ti-none-eabi\c\</path>
         <kind>archive</kind>
         <file>libc.a</file>
         <name>fflush.c.obj</name>
      </input_file>
      <input_file id="fl-43">
         <path>C:\ti\ccs1250\ccs\tools\compiler\ti-cgt-armllvm_3.2.0.LTS\lib\armv6m-ti-none-eabi\c\</path>
         <kind>archive</kind>
         <file>libc.a</file>
         <name>fputs.c.obj</name>
      </input_file>
      <input_file id="fl-44">
         <path>C:\ti\ccs1250\ccs\tools\compiler\ti-cgt-armllvm_3.2.0.LTS\lib\armv6m-ti-none-eabi\c\</path>
         <kind>archive</kind>
         <file>libc.a</file>
         <name>_io_perm.c.obj</name>
      </input_file>
      <input_file id="fl-45">
         <path>C:\ti\ccs1250\ccs\tools\compiler\ti-cgt-armllvm_3.2.0.LTS\lib\armv6m-ti-none-eabi\c\</path>
         <kind>archive</kind>
         <file>libc.a</file>
         <name>setvbuf.c.obj</name>
      </input_file>
      <input_file id="fl-46">
         <path>C:\ti\ccs1250\ccs\tools\compiler\ti-cgt-armllvm_3.2.0.LTS\lib\armv6m-ti-none-eabi\c\</path>
         <kind>archive</kind>
         <file>libc.a</file>
         <name>aeabi_ctype.S.obj</name>
      </input_file>
      <input_file id="fl-47">
         <path>C:\ti\ccs1250\ccs\tools\compiler\ti-cgt-armllvm_3.2.0.LTS\lib\armv6m-ti-none-eabi\c\</path>
         <kind>archive</kind>
         <file>libc.a</file>
         <name>fopen.c.obj</name>
      </input_file>
      <input_file id="fl-48">
         <path>C:\ti\ccs1250\ccs\tools\compiler\ti-cgt-armllvm_3.2.0.LTS\lib\armv6m-ti-none-eabi\c\</path>
         <kind>archive</kind>
         <file>libc.a</file>
         <name>fseek.c.obj</name>
      </input_file>
      <input_file id="fl-49">
         <path>C:\ti\ccs1250\ccs\tools\compiler\ti-cgt-armllvm_3.2.0.LTS\lib\armv6m-ti-none-eabi\c\</path>
         <kind>archive</kind>
         <file>libc.a</file>
         <name>fclose.c.obj</name>
      </input_file>
      <input_file id="fl-ad">
         <path>C:\ti\ccs1250\ccs\tools\compiler\ti-cgt-armllvm_3.2.0.LTS\lib\armv6m-ti-none-eabi\c\</path>
         <kind>archive</kind>
         <file>libsysbm.a</file>
         <name>write.c.obj</name>
      </input_file>
      <input_file id="fl-ae">
         <path>C:\ti\ccs1250\ccs\tools\compiler\ti-cgt-armllvm_3.2.0.LTS\lib\armv6m-ti-none-eabi\c\</path>
         <kind>archive</kind>
         <file>libsysbm.a</file>
         <name>host_device.c.obj</name>
      </input_file>
      <input_file id="fl-af">
         <path>C:\ti\ccs1250\ccs\tools\compiler\ti-cgt-armllvm_3.2.0.LTS\lib\armv6m-ti-none-eabi\c\</path>
         <kind>archive</kind>
         <file>libsysbm.a</file>
         <name>remove.c.obj</name>
      </input_file>
      <input_file id="fl-b0">
         <path>C:\ti\ccs1250\ccs\tools\compiler\ti-cgt-armllvm_3.2.0.LTS\lib\armv6m-ti-none-eabi\c\</path>
         <kind>archive</kind>
         <file>libsysbm.a</file>
         <name>open.c.obj</name>
      </input_file>
      <input_file id="fl-b1">
         <path>C:\ti\ccs1250\ccs\tools\compiler\ti-cgt-armllvm_3.2.0.LTS\lib\armv6m-ti-none-eabi\c\</path>
         <kind>archive</kind>
         <file>libsysbm.a</file>
         <name>lseek.c.obj</name>
      </input_file>
      <input_file id="fl-b2">
         <path>C:\ti\ccs1250\ccs\tools\compiler\ti-cgt-armllvm_3.2.0.LTS\lib\armv6m-ti-none-eabi\c\</path>
         <kind>archive</kind>
         <file>libsysbm.a</file>
         <name>close.c.obj</name>
      </input_file>
      <input_file id="fl-b3">
         <path>C:\ti\ccs1250\ccs\tools\compiler\ti-cgt-armllvm_3.2.0.LTS\lib\armv6m-ti-none-eabi\c\</path>
         <kind>archive</kind>
         <file>libsysbm.a</file>
         <name>unlink.c.obj</name>
      </input_file>
      <input_file id="fl-b4">
         <path>C:\ti\ccs1250\ccs\tools\compiler\ti-cgt-armllvm_3.2.0.LTS\lib\armv6m-ti-none-eabi\c\</path>
         <kind>archive</kind>
         <file>libsysbm.a</file>
         <name>hostclose.c.obj</name>
      </input_file>
      <input_file id="fl-b5">
         <path>C:\ti\ccs1250\ccs\tools\compiler\ti-cgt-armllvm_3.2.0.LTS\lib\armv6m-ti-none-eabi\c\</path>
         <kind>archive</kind>
         <file>libsysbm.a</file>
         <name>hostlseek.c.obj</name>
      </input_file>
      <input_file id="fl-b6">
         <path>C:\ti\ccs1250\ccs\tools\compiler\ti-cgt-armllvm_3.2.0.LTS\lib\armv6m-ti-none-eabi\c\</path>
         <kind>archive</kind>
         <file>libsysbm.a</file>
         <name>hostopen.c.obj</name>
      </input_file>
      <input_file id="fl-b7">
         <path>C:\ti\ccs1250\ccs\tools\compiler\ti-cgt-armllvm_3.2.0.LTS\lib\armv6m-ti-none-eabi\c\</path>
         <kind>archive</kind>
         <file>libsysbm.a</file>
         <name>hostread.c.obj</name>
      </input_file>
      <input_file id="fl-b8">
         <path>C:\ti\ccs1250\ccs\tools\compiler\ti-cgt-armllvm_3.2.0.LTS\lib\armv6m-ti-none-eabi\c\</path>
         <kind>archive</kind>
         <file>libsysbm.a</file>
         <name>hostrename.c.obj</name>
      </input_file>
      <input_file id="fl-b9">
         <path>C:\ti\ccs1250\ccs\tools\compiler\ti-cgt-armllvm_3.2.0.LTS\lib\armv6m-ti-none-eabi\c\</path>
         <kind>archive</kind>
         <file>libsysbm.a</file>
         <name>hostunlink.c.obj</name>
      </input_file>
      <input_file id="fl-ba">
         <path>C:\ti\ccs1250\ccs\tools\compiler\ti-cgt-armllvm_3.2.0.LTS\lib\armv6m-ti-none-eabi\c\</path>
         <kind>archive</kind>
         <file>libsysbm.a</file>
         <name>hostwrite.c.obj</name>
      </input_file>
      <input_file id="fl-bb">
         <path>C:\ti\ccs1250\ccs\tools\compiler\ti-cgt-armllvm_3.2.0.LTS\lib\armv6m-ti-none-eabi\c\</path>
         <kind>archive</kind>
         <file>libsysbm.a</file>
         <name>trgmsg.c.obj</name>
      </input_file>
      <input_file id="fl-bc">
         <path>C:\ti\ccs1250\ccs\tools\compiler\ti-cgt-armllvm_3.2.0.LTS\lib\clang\15.0.7\lib\armv6m-ti-none-eabi\</path>
         <kind>archive</kind>
         <file>libclang_rt.builtins.a</file>
         <name>addsf3.S.obj</name>
      </input_file>
      <input_file id="fl-bd">
         <path>C:\ti\ccs1250\ccs\tools\compiler\ti-cgt-armllvm_3.2.0.LTS\lib\clang\15.0.7\lib\armv6m-ti-none-eabi\</path>
         <kind>archive</kind>
         <file>libclang_rt.builtins.a</file>
         <name>adddf3.S.obj</name>
      </input_file>
      <input_file id="fl-be">
         <path>C:\ti\ccs1250\ccs\tools\compiler\ti-cgt-armllvm_3.2.0.LTS\lib\clang\15.0.7\lib\armv6m-ti-none-eabi\</path>
         <kind>archive</kind>
         <file>libclang_rt.builtins.a</file>
         <name>muldf3.S.obj</name>
      </input_file>
      <input_file id="fl-bf">
         <path>C:\ti\ccs1250\ccs\tools\compiler\ti-cgt-armllvm_3.2.0.LTS\lib\clang\15.0.7\lib\armv6m-ti-none-eabi\</path>
         <kind>archive</kind>
         <file>libclang_rt.builtins.a</file>
         <name>muldsi3.S.obj</name>
      </input_file>
      <input_file id="fl-c0">
         <path>C:\ti\ccs1250\ccs\tools\compiler\ti-cgt-armllvm_3.2.0.LTS\lib\clang\15.0.7\lib\armv6m-ti-none-eabi\</path>
         <kind>archive</kind>
         <file>libclang_rt.builtins.a</file>
         <name>mulsf3.S.obj</name>
      </input_file>
      <input_file id="fl-c1">
         <path>C:\ti\ccs1250\ccs\tools\compiler\ti-cgt-armllvm_3.2.0.LTS\lib\clang\15.0.7\lib\armv6m-ti-none-eabi\</path>
         <kind>archive</kind>
         <file>libclang_rt.builtins.a</file>
         <name>divsf3.S.obj</name>
      </input_file>
      <input_file id="fl-c2">
         <path>C:\ti\ccs1250\ccs\tools\compiler\ti-cgt-armllvm_3.2.0.LTS\lib\clang\15.0.7\lib\armv6m-ti-none-eabi\</path>
         <kind>archive</kind>
         <file>libclang_rt.builtins.a</file>
         <name>divdf3.S.obj</name>
      </input_file>
      <input_file id="fl-c3">
         <path>C:\ti\ccs1250\ccs\tools\compiler\ti-cgt-armllvm_3.2.0.LTS\lib\clang\15.0.7\lib\armv6m-ti-none-eabi\</path>
         <kind>archive</kind>
         <file>libclang_rt.builtins.a</file>
         <name>extendsfdf2.S.obj</name>
      </input_file>
      <input_file id="fl-c4">
         <path>C:\ti\ccs1250\ccs\tools\compiler\ti-cgt-armllvm_3.2.0.LTS\lib\clang\15.0.7\lib\armv6m-ti-none-eabi\</path>
         <kind>archive</kind>
         <file>libclang_rt.builtins.a</file>
         <name>fixdfsi.S.obj</name>
      </input_file>
      <input_file id="fl-c5">
         <path>C:\ti\ccs1250\ccs\tools\compiler\ti-cgt-armllvm_3.2.0.LTS\lib\clang\15.0.7\lib\armv6m-ti-none-eabi\</path>
         <kind>archive</kind>
         <file>libclang_rt.builtins.a</file>
         <name>fixsfsi.S.obj</name>
      </input_file>
      <input_file id="fl-c6">
         <path>C:\ti\ccs1250\ccs\tools\compiler\ti-cgt-armllvm_3.2.0.LTS\lib\clang\15.0.7\lib\armv6m-ti-none-eabi\</path>
         <kind>archive</kind>
         <file>libclang_rt.builtins.a</file>
         <name>floatsidf.S.obj</name>
      </input_file>
      <input_file id="fl-c7">
         <path>C:\ti\ccs1250\ccs\tools\compiler\ti-cgt-armllvm_3.2.0.LTS\lib\clang\15.0.7\lib\armv6m-ti-none-eabi\</path>
         <kind>archive</kind>
         <file>libclang_rt.builtins.a</file>
         <name>floatunsisf.S.obj</name>
      </input_file>
      <input_file id="fl-c8">
         <path>C:\ti\ccs1250\ccs\tools\compiler\ti-cgt-armllvm_3.2.0.LTS\lib\clang\15.0.7\lib\armv6m-ti-none-eabi\</path>
         <kind>archive</kind>
         <file>libclang_rt.builtins.a</file>
         <name>muldi3.S.obj</name>
      </input_file>
      <input_file id="fl-c9">
         <path>C:\ti\ccs1250\ccs\tools\compiler\ti-cgt-armllvm_3.2.0.LTS\lib\clang\15.0.7\lib\armv6m-ti-none-eabi\</path>
         <kind>archive</kind>
         <file>libclang_rt.builtins.a</file>
         <name>aeabi_dcmp.S.obj</name>
      </input_file>
      <input_file id="fl-ca">
         <path>C:\ti\ccs1250\ccs\tools\compiler\ti-cgt-armllvm_3.2.0.LTS\lib\clang\15.0.7\lib\armv6m-ti-none-eabi\</path>
         <kind>archive</kind>
         <file>libclang_rt.builtins.a</file>
         <name>aeabi_idivmod.S.obj</name>
      </input_file>
      <input_file id="fl-cb">
         <path>C:\ti\ccs1250\ccs\tools\compiler\ti-cgt-armllvm_3.2.0.LTS\lib\clang\15.0.7\lib\armv6m-ti-none-eabi\</path>
         <kind>archive</kind>
         <file>libclang_rt.builtins.a</file>
         <name>aeabi_memcpy.S.obj</name>
      </input_file>
      <input_file id="fl-cc">
         <path>C:\ti\ccs1250\ccs\tools\compiler\ti-cgt-armllvm_3.2.0.LTS\lib\clang\15.0.7\lib\armv6m-ti-none-eabi\</path>
         <kind>archive</kind>
         <file>libclang_rt.builtins.a</file>
         <name>aeabi_memset.S.obj</name>
      </input_file>
      <input_file id="fl-cd">
         <path>C:\ti\ccs1250\ccs\tools\compiler\ti-cgt-armllvm_3.2.0.LTS\lib\clang\15.0.7\lib\armv6m-ti-none-eabi\</path>
         <kind>archive</kind>
         <file>libclang_rt.builtins.a</file>
         <name>aeabi_uidivmod.S.obj</name>
      </input_file>
      <input_file id="fl-ce">
         <path>C:\ti\ccs1250\ccs\tools\compiler\ti-cgt-armllvm_3.2.0.LTS\lib\clang\15.0.7\lib\armv6m-ti-none-eabi\</path>
         <kind>archive</kind>
         <file>libclang_rt.builtins.a</file>
         <name>aeabi_uldivmod.S.obj</name>
      </input_file>
      <input_file id="fl-cf">
         <path>C:\ti\ccs1250\ccs\tools\compiler\ti-cgt-armllvm_3.2.0.LTS\lib\clang\15.0.7\lib\armv6m-ti-none-eabi\</path>
         <kind>archive</kind>
         <file>libclang_rt.builtins.a</file>
         <name>udivmoddi4.S.obj</name>
      </input_file>
      <input_file id="fl-d0">
         <path>C:\ti\ccs1250\ccs\tools\compiler\ti-cgt-armllvm_3.2.0.LTS\lib\clang\15.0.7\lib\armv6m-ti-none-eabi\</path>
         <kind>archive</kind>
         <file>libclang_rt.builtins.a</file>
         <name>ashldi3.S.obj</name>
      </input_file>
      <input_file id="fl-d1">
         <path>C:\ti\ccs1250\ccs\tools\compiler\ti-cgt-armllvm_3.2.0.LTS\lib\clang\15.0.7\lib\armv6m-ti-none-eabi\</path>
         <kind>archive</kind>
         <file>libclang_rt.builtins.a</file>
         <name>comparedf2.c.obj</name>
      </input_file>
      <input_file id="fl-d2">
         <path>C:\ti\ccs1250\ccs\tools\compiler\ti-cgt-armllvm_3.2.0.LTS\lib\clang\15.0.7\lib\armv6m-ti-none-eabi\</path>
         <kind>archive</kind>
         <file>libclang_rt.builtins.a</file>
         <name>aeabi_div0.c.obj</name>
      </input_file>
      <input_file id="fl-d3">
         <path>C:\ti\ccs1250\ccs\tools\compiler\ti-cgt-armllvm_3.2.0.LTS\lib\armv6m-ti-none-eabi\c\</path>
         <kind>archive</kind>
         <file>libc.a</file>
         <name>getdevice.c.obj</name>
      </input_file>
      <input_file id="fl-d4">
         <path>C:\ti\ccs1250\ccs\tools\compiler\ti-cgt-armllvm_3.2.0.LTS\lib\armv6m-ti-none-eabi\c\</path>
         <kind>archive</kind>
         <file>libc.a</file>
         <name>memcpy16.S.obj</name>
      </input_file>
      <input_file id="fl-d5">
         <path>C:\ti\ccs1250\ccs\tools\compiler\ti-cgt-armllvm_3.2.0.LTS\lib\armv6m-ti-none-eabi\c\</path>
         <kind>archive</kind>
         <file>libc.a</file>
         <name>memset16.S.obj</name>
      </input_file>
   </input_file_list>
   <object_component_list>
      <object_component id="oc-18">
         <name>.intvecs</name>
         <load_address>0x0</load_address>
         <readonly>true</readonly>
         <run_address>0x0</run_address>
         <size>0xc0</size>
         <alignment>0x4</alignment>
         <input_file_ref idref="fl-3"/>
      </object_component>
      <object_component id="oc-1cc">
         <name>.text:__TI_printfi</name>
         <load_address>0xc0</load_address>
         <readonly>true</readonly>
         <executable>true</executable>
         <run_address>0xc0</run_address>
         <size>0xa00</size>
         <alignment>0x4</alignment>
         <input_file_ref idref="fl-34"/>
      </object_component>
      <object_component id="oc-dd">
         <name>.text._Recorder_Execution</name>
         <load_address>0xac0</load_address>
         <readonly>true</readonly>
         <executable>true</executable>
         <run_address>0xac0</run_address>
         <size>0x380</size>
         <alignment>0x4</alignment>
         <input_file_ref idref="fl-4"/>
      </object_component>
      <object_component id="oc-75">
         <name>.text._CHRGR_Set_LED_Indicator</name>
         <load_address>0xe40</load_address>
         <readonly>true</readonly>
         <executable>true</executable>
         <run_address>0xe40</run_address>
         <size>0x30c</size>
         <alignment>0x4</alignment>
         <input_file_ref idref="fl-5"/>
      </object_component>
      <object_component id="oc-8d">
         <name>.text.main</name>
         <load_address>0x114c</load_address>
         <readonly>true</readonly>
         <executable>true</executable>
         <run_address>0x114c</run_address>
         <size>0x280</size>
         <alignment>0x4</alignment>
         <input_file_ref idref="fl-a"/>
      </object_component>
      <object_component id="oc-62">
         <name>.text._CHRGR_Manage_Charger_Operations_State</name>
         <load_address>0x13cc</load_address>
         <readonly>true</readonly>
         <executable>true</executable>
         <run_address>0x13cc</run_address>
         <size>0x23c</size>
         <alignment>0x4</alignment>
         <input_file_ref idref="fl-5"/>
      </object_component>
      <object_component id="oc-213">
         <name>.text._pconv_a</name>
         <load_address>0x1608</load_address>
         <readonly>true</readonly>
         <executable>true</executable>
         <run_address>0x1608</run_address>
         <size>0x220</size>
         <alignment>0x4</alignment>
         <input_file_ref idref="fl-34"/>
      </object_component>
      <object_component id="oc-d9">
         <name>.text._Recorder_Check</name>
         <load_address>0x1828</load_address>
         <readonly>true</readonly>
         <executable>true</executable>
         <run_address>0x1828</run_address>
         <size>0x200</size>
         <alignment>0x4</alignment>
         <input_file_ref idref="fl-4"/>
      </object_component>
      <object_component id="oc-216">
         <name>.text._pconv_g</name>
         <load_address>0x1a28</load_address>
         <readonly>true</readonly>
         <executable>true</executable>
         <run_address>0x1a28</run_address>
         <size>0x1dc</size>
         <alignment>0x4</alignment>
         <input_file_ref idref="fl-34"/>
      </object_component>
      <object_component id="oc-10a">
         <name>.text._CHRGR_Get_Charger_State</name>
         <load_address>0x1c04</load_address>
         <readonly>true</readonly>
         <executable>true</executable>
         <run_address>0x1c04</run_address>
         <size>0x1cc</size>
         <alignment>0x4</alignment>
         <input_file_ref idref="fl-5"/>
      </object_component>
      <object_component id="oc-106">
         <name>.text.adddf3_subdf3</name>
         <load_address>0x1dd0</load_address>
         <readonly>true</readonly>
         <executable>true</executable>
         <run_address>0x1dd0</run_address>
         <size>0x192</size>
         <alignment>0x4</alignment>
         <input_file_ref idref="fl-bd"/>
      </object_component>
      <object_component id="oc-33">
         <name>.text.Default_Handler</name>
         <load_address>0x1f62</load_address>
         <readonly>true</readonly>
         <executable>true</executable>
         <run_address>0x1f62</run_address>
         <size>0x2</size>
         <alignment>0x2</alignment>
         <input_file_ref idref="fl-3"/>
      </object_component>
      <object_component id="oc-5c">
         <name>.text._CHRGR_Lastest_Err_LED_Indicator</name>
         <load_address>0x1f64</load_address>
         <readonly>true</readonly>
         <executable>true</executable>
         <run_address>0x1f64</run_address>
         <size>0x180</size>
         <alignment>0x4</alignment>
         <input_file_ref idref="fl-5"/>
      </object_component>
      <object_component id="oc-34">
         <name>.text.TIMG0_IRQHandler</name>
         <load_address>0x20e4</load_address>
         <readonly>true</readonly>
         <executable>true</executable>
         <run_address>0x20e4</run_address>
         <size>0x160</size>
         <alignment>0x4</alignment>
         <input_file_ref idref="fl-a"/>
      </object_component>
      <object_component id="oc-1be">
         <name>.text.DL_FlashCTL_unprotectSector</name>
         <load_address>0x2244</load_address>
         <readonly>true</readonly>
         <executable>true</executable>
         <run_address>0x2244</run_address>
         <size>0x15c</size>
         <alignment>0x4</alignment>
         <input_file_ref idref="fl-1b"/>
      </object_component>
      <object_component id="oc-ac">
         <name>.text._CTRL_getFxDfromVIDualLoopController</name>
         <load_address>0x23a0</load_address>
         <readonly>true</readonly>
         <executable>true</executable>
         <run_address>0x23a0</run_address>
         <size>0x144</size>
         <alignment>0x4</alignment>
         <input_file_ref idref="fl-6"/>
      </object_component>
      <object_component id="oc-24a">
         <name>.text.fcvt</name>
         <load_address>0x24e4</load_address>
         <readonly>true</readonly>
         <executable>true</executable>
         <run_address>0x24e4</run_address>
         <size>0x13c</size>
         <alignment>0x4</alignment>
         <input_file_ref idref="fl-34"/>
      </object_component>
      <object_component id="oc-214">
         <name>.text._pconv_e</name>
         <load_address>0x2620</load_address>
         <readonly>true</readonly>
         <executable>true</executable>
         <run_address>0x2620</run_address>
         <size>0x120</size>
         <alignment>0x4</alignment>
         <input_file_ref idref="fl-34"/>
      </object_component>
      <object_component id="oc-1ae">
         <name>.text.DL_Timer_initPWMMode</name>
         <load_address>0x2740</load_address>
         <readonly>true</readonly>
         <executable>true</executable>
         <run_address>0x2740</run_address>
         <size>0x110</size>
         <alignment>0x4</alignment>
         <input_file_ref idref="fl-1c"/>
      </object_component>
      <object_component id="oc-163">
         <name>.text._Write_Data_To_Flash</name>
         <load_address>0x2850</load_address>
         <readonly>true</readonly>
         <executable>true</executable>
         <run_address>0x2850</run_address>
         <size>0x10c</size>
         <alignment>0x4</alignment>
         <input_file_ref idref="fl-4"/>
      </object_component>
      <object_component id="oc-e5">
         <name>.text.__divdf3</name>
         <load_address>0x295c</load_address>
         <readonly>true</readonly>
         <executable>true</executable>
         <run_address>0x295c</run_address>
         <size>0x10c</size>
         <alignment>0x4</alignment>
         <input_file_ref idref="fl-c2"/>
      </object_component>
      <object_component id="oc-1b1">
         <name>.text.DL_Timer_initTimerMode</name>
         <load_address>0x2a68</load_address>
         <readonly>true</readonly>
         <executable>true</executable>
         <run_address>0x2a68</run_address>
         <size>0x100</size>
         <alignment>0x4</alignment>
         <input_file_ref idref="fl-1c"/>
      </object_component>
      <object_component id="oc-1a4">
         <name>.text.DL_SYSCTL_configSYSPLL</name>
         <load_address>0x2b68</load_address>
         <readonly>true</readonly>
         <executable>true</executable>
         <run_address>0x2b68</run_address>
         <size>0xec</size>
         <alignment>0x4</alignment>
         <input_file_ref idref="fl-1e"/>
      </object_component>
      <object_component id="oc-1a8">
         <name>.text.DL_TimerA_initPWMMode</name>
         <load_address>0x2c54</load_address>
         <readonly>true</readonly>
         <executable>true</executable>
         <run_address>0x2c54</run_address>
         <size>0xec</size>
         <alignment>0x4</alignment>
         <input_file_ref idref="fl-1c"/>
      </object_component>
      <object_component id="oc-102">
         <name>.text.__muldf3</name>
         <load_address>0x2d40</load_address>
         <readonly>true</readonly>
         <executable>true</executable>
         <run_address>0x2d40</run_address>
         <size>0xe4</size>
         <alignment>0x4</alignment>
         <input_file_ref idref="fl-be"/>
      </object_component>
      <object_component id="oc-23c">
         <name>.text.scalbn</name>
         <load_address>0x2e24</load_address>
         <readonly>true</readonly>
         <executable>true</executable>
         <run_address>0x2e24</run_address>
         <size>0xd8</size>
         <alignment>0x4</alignment>
         <input_file_ref idref="fl-41"/>
      </object_component>
      <object_component id="oc-152">
         <name>.text.SYSCFG_DL_PWM_0_init</name>
         <load_address>0x2efc</load_address>
         <readonly>true</readonly>
         <executable>true</executable>
         <run_address>0x2efc</run_address>
         <size>0xbc</size>
         <alignment>0x4</alignment>
         <input_file_ref idref="fl-2"/>
      </object_component>
      <object_component id="oc-164">
         <name>.text._Move_Data_From_Sector_to_Sector</name>
         <load_address>0x2fb8</load_address>
         <readonly>true</readonly>
         <executable>true</executable>
         <run_address>0x2fb8</run_address>
         <size>0xa4</size>
         <alignment>0x4</alignment>
         <input_file_ref idref="fl-4"/>
      </object_component>
      <object_component id="oc-22b">
         <name>.text</name>
         <load_address>0x305c</load_address>
         <readonly>true</readonly>
         <executable>true</executable>
         <run_address>0x305c</run_address>
         <size>0xa2</size>
         <alignment>0x4</alignment>
         <input_file_ref idref="fl-cf"/>
      </object_component>
      <object_component id="oc-16a">
         <name>.text.__aeabi_idiv0</name>
         <load_address>0x30fe</load_address>
         <readonly>true</readonly>
         <executable>true</executable>
         <run_address>0x30fe</run_address>
         <size>0x2</size>
         <alignment>0x2</alignment>
         <input_file_ref idref="fl-d2"/>
      </object_component>
      <object_component id="oc-66">
         <name>.text.HAL_setLEDsignals</name>
         <load_address>0x3100</load_address>
         <readonly>true</readonly>
         <executable>true</executable>
         <run_address>0x3100</run_address>
         <size>0xa0</size>
         <alignment>0x4</alignment>
         <input_file_ref idref="fl-9"/>
      </object_component>
      <object_component id="oc-cf">
         <name>.text:memcpy</name>
         <load_address>0x31a0</load_address>
         <readonly>true</readonly>
         <executable>true</executable>
         <run_address>0x31a0</run_address>
         <size>0x9a</size>
         <alignment>0x1</alignment>
         <input_file_ref idref="fl-d4"/>
      </object_component>
      <object_component id="oc-24c">
         <name>.text.__aeabi_ldiv0</name>
         <load_address>0x323a</load_address>
         <readonly>true</readonly>
         <executable>true</executable>
         <run_address>0x323a</run_address>
         <size>0x2</size>
         <alignment>0x2</alignment>
         <input_file_ref idref="fl-d2"/>
      </object_component>
      <object_component id="oc-de">
         <name>.text._Record_Data_Update</name>
         <load_address>0x323c</load_address>
         <readonly>true</readonly>
         <executable>true</executable>
         <run_address>0x323c</run_address>
         <size>0x98</size>
         <alignment>0x4</alignment>
         <input_file_ref idref="fl-4"/>
      </object_component>
      <object_component id="oc-156">
         <name>.text.SYSCFG_DL_UART_0_init</name>
         <load_address>0x32d4</load_address>
         <readonly>true</readonly>
         <executable>true</executable>
         <run_address>0x32d4</run_address>
         <size>0x8c</size>
         <alignment>0x4</alignment>
         <input_file_ref idref="fl-2"/>
      </object_component>
      <object_component id="oc-fa">
         <name>.text.__mulsf3</name>
         <load_address>0x3360</load_address>
         <readonly>true</readonly>
         <executable>true</executable>
         <run_address>0x3360</run_address>
         <size>0x8c</size>
         <alignment>0x4</alignment>
         <input_file_ref idref="fl-c0"/>
      </object_component>
      <object_component id="oc-137">
         <name>.text.__divsf3</name>
         <load_address>0x33ec</load_address>
         <readonly>true</readonly>
         <executable>true</executable>
         <run_address>0x33ec</run_address>
         <size>0x82</size>
         <alignment>0x4</alignment>
         <input_file_ref idref="fl-c1"/>
      </object_component>
      <object_component id="oc-a6">
         <name>.text._PRFL_lookup3StageCharging</name>
         <load_address>0x3470</load_address>
         <readonly>true</readonly>
         <executable>true</executable>
         <run_address>0x3470</run_address>
         <size>0x80</size>
         <alignment>0x4</alignment>
         <input_file_ref idref="fl-8"/>
      </object_component>
      <object_component id="oc-157">
         <name>.text.SYSCFG_DL_ADC12_0_init</name>
         <load_address>0x34f0</load_address>
         <readonly>true</readonly>
         <executable>true</executable>
         <run_address>0x34f0</run_address>
         <size>0x78</size>
         <alignment>0x4</alignment>
         <input_file_ref idref="fl-2"/>
      </object_component>
      <object_component id="oc-63">
         <name>.text._CHRGR_Execute_Charging_State</name>
         <load_address>0x3568</load_address>
         <readonly>true</readonly>
         <executable>true</executable>
         <run_address>0x3568</run_address>
         <size>0x78</size>
         <alignment>0x4</alignment>
         <input_file_ref idref="fl-5"/>
      </object_component>
      <object_component id="oc-1c">
         <name>.text:decompress:lzss</name>
         <load_address>0x35e0</load_address>
         <readonly>true</readonly>
         <executable>true</executable>
         <run_address>0x35e0</run_address>
         <size>0x78</size>
         <alignment>0x4</alignment>
         <input_file_ref idref="fl-33"/>
      </object_component>
      <object_component id="oc-14f">
         <name>.text.SYSCFG_DL_GPIO_init</name>
         <load_address>0x3658</load_address>
         <readonly>true</readonly>
         <executable>true</executable>
         <run_address>0x3658</run_address>
         <size>0x74</size>
         <alignment>0x4</alignment>
         <input_file_ref idref="fl-2"/>
      </object_component>
      <object_component id="oc-14e">
         <name>.text.SYSCFG_DL_initPower</name>
         <load_address>0x36cc</load_address>
         <readonly>true</readonly>
         <executable>true</executable>
         <run_address>0x36cc</run_address>
         <size>0x70</size>
         <alignment>0x4</alignment>
         <input_file_ref idref="fl-2"/>
      </object_component>
      <object_component id="oc-236">
         <name>.text.__gedf2</name>
         <load_address>0x373c</load_address>
         <readonly>true</readonly>
         <executable>true</executable>
         <run_address>0x373c</run_address>
         <size>0x70</size>
         <alignment>0x4</alignment>
         <input_file_ref idref="fl-d1"/>
      </object_component>
      <object_component id="oc-230">
         <name>.text.__ledf2</name>
         <load_address>0x37ac</load_address>
         <readonly>true</readonly>
         <executable>true</executable>
         <run_address>0x37ac</run_address>
         <size>0x6c</size>
         <alignment>0x4</alignment>
         <input_file_ref idref="fl-d1"/>
      </object_component>
      <object_component id="oc-74">
         <name>.text._CHRGR_Execute_Close_Loop</name>
         <load_address>0x3818</load_address>
         <readonly>true</readonly>
         <executable>true</executable>
         <run_address>0x3818</run_address>
         <size>0x68</size>
         <alignment>0x4</alignment>
         <input_file_ref idref="fl-5"/>
      </object_component>
      <object_component id="oc-248">
         <name>.text._mcpy</name>
         <load_address>0x3880</load_address>
         <readonly>true</readonly>
         <executable>true</executable>
         <run_address>0x3880</run_address>
         <size>0x66</size>
         <alignment>0x2</alignment>
         <input_file_ref idref="fl-34"/>
      </object_component>
      <object_component id="oc-20f">
         <name>.text.__aeabi_dcmp</name>
         <load_address>0x38e8</load_address>
         <readonly>true</readonly>
         <executable>true</executable>
         <run_address>0x38e8</run_address>
         <size>0x62</size>
         <alignment>0x4</alignment>
         <input_file_ref idref="fl-c9"/>
      </object_component>
      <object_component id="oc-14d">
         <name>.text:memset</name>
         <load_address>0x394a</load_address>
         <readonly>true</readonly>
         <executable>true</executable>
         <run_address>0x394a</run_address>
         <size>0x62</size>
         <alignment>0x1</alignment>
         <input_file_ref idref="fl-d5"/>
      </object_component>
      <object_component id="oc-150">
         <name>.text.SYSCFG_DL_SYSCTL_init</name>
         <load_address>0x39ac</load_address>
         <readonly>true</readonly>
         <executable>true</executable>
         <run_address>0x39ac</run_address>
         <size>0x5c</size>
         <alignment>0x4</alignment>
         <input_file_ref idref="fl-2"/>
      </object_component>
      <object_component id="oc-238">
         <name>.text.frexp</name>
         <load_address>0x3a08</load_address>
         <readonly>true</readonly>
         <executable>true</executable>
         <run_address>0x3a08</run_address>
         <size>0x5c</size>
         <alignment>0x4</alignment>
         <input_file_ref idref="fl-40"/>
      </object_component>
      <object_component id="oc-153">
         <name>.text.SYSCFG_DL_FANPWM_init</name>
         <load_address>0x3a64</load_address>
         <readonly>true</readonly>
         <executable>true</executable>
         <run_address>0x3a64</run_address>
         <size>0x58</size>
         <alignment>0x4</alignment>
         <input_file_ref idref="fl-2"/>
      </object_component>
      <object_component id="oc-d4">
         <name>.text.SYSCFG_DL_init</name>
         <load_address>0x3abc</load_address>
         <readonly>true</readonly>
         <executable>true</executable>
         <run_address>0x3abc</run_address>
         <size>0x58</size>
         <alignment>0x4</alignment>
         <input_file_ref idref="fl-2"/>
      </object_component>
      <object_component id="oc-240">
         <name>.text.__TI_ltoa</name>
         <load_address>0x3b14</load_address>
         <readonly>true</readonly>
         <executable>true</executable>
         <run_address>0x3b14</run_address>
         <size>0x58</size>
         <alignment>0x2</alignment>
         <input_file_ref idref="fl-39"/>
      </object_component>
      <object_component id="oc-215">
         <name>.text._pconv_f</name>
         <load_address>0x3b6c</load_address>
         <readonly>true</readonly>
         <executable>true</executable>
         <run_address>0x3b6c</run_address>
         <size>0x58</size>
         <alignment>0x2</alignment>
         <input_file_ref idref="fl-34"/>
      </object_component>
      <object_component id="oc-f2">
         <name>.text.__aeabi_idivmod</name>
         <load_address>0x3bc4</load_address>
         <readonly>true</readonly>
         <executable>true</executable>
         <run_address>0x3bc4</run_address>
         <size>0x56</size>
         <alignment>0x4</alignment>
         <input_file_ref idref="fl-ca"/>
      </object_component>
      <object_component id="oc-217">
         <name>.text.DL_DMA_configTransfer</name>
         <load_address>0x3c1a</load_address>
         <readonly>true</readonly>
         <executable>true</executable>
         <run_address>0x3c1a</run_address>
         <size>0x54</size>
         <alignment>0x2</alignment>
         <input_file_ref idref="fl-1a"/>
      </object_component>
      <object_component id="oc-db">
         <name>.text.HAL_initSystem</name>
         <load_address>0x3c70</load_address>
         <readonly>true</readonly>
         <executable>true</executable>
         <run_address>0x3c70</run_address>
         <size>0x54</size>
         <alignment>0x4</alignment>
         <input_file_ref idref="fl-9"/>
      </object_component>
      <object_component id="oc-ab">
         <name>.text.PRFL_getTemperatureDeratingCurrent</name>
         <load_address>0x3cc4</load_address>
         <readonly>true</readonly>
         <executable>true</executable>
         <run_address>0x3cc4</run_address>
         <size>0x54</size>
         <alignment>0x4</alignment>
         <input_file_ref idref="fl-8"/>
      </object_component>
      <object_component id="oc-158">
         <name>.text.SYSCFG_DL_COMP_0_init</name>
         <load_address>0x3d18</load_address>
         <readonly>true</readonly>
         <executable>true</executable>
         <run_address>0x3d18</run_address>
         <size>0x54</size>
         <alignment>0x4</alignment>
         <input_file_ref idref="fl-2"/>
      </object_component>
      <object_component id="oc-154">
         <name>.text.SYSCFG_DL_ISRTIMER_init</name>
         <load_address>0x3d6c</load_address>
         <readonly>true</readonly>
         <executable>true</executable>
         <run_address>0x3d6c</run_address>
         <size>0x54</size>
         <alignment>0x4</alignment>
         <input_file_ref idref="fl-2"/>
      </object_component>
      <object_component id="oc-1e9">
         <name>.text.DL_FlashCTL_getFlashSectorNumberInBank</name>
         <load_address>0x3dc0</load_address>
         <readonly>true</readonly>
         <executable>true</executable>
         <run_address>0x3dc0</run_address>
         <size>0x52</size>
         <alignment>0x2</alignment>
         <input_file_ref idref="fl-1b"/>
      </object_component>
      <object_component id="oc-246">
         <name>.text._ecpy</name>
         <load_address>0x3e12</load_address>
         <readonly>true</readonly>
         <executable>true</executable>
         <run_address>0x3e12</run_address>
         <size>0x52</size>
         <alignment>0x2</alignment>
         <input_file_ref idref="fl-34"/>
      </object_component>
      <object_component id="oc-65">
         <name>.text._CHRGR_Execute_System_Stop</name>
         <load_address>0x3e64</load_address>
         <readonly>true</readonly>
         <executable>true</executable>
         <run_address>0x3e64</run_address>
         <size>0x50</size>
         <alignment>0x4</alignment>
         <input_file_ref idref="fl-5"/>
      </object_component>
      <object_component id="oc-1ba">
         <name>.text.DL_ADC12_setClockConfig</name>
         <load_address>0x3eb4</load_address>
         <readonly>true</readonly>
         <executable>true</executable>
         <run_address>0x3eb4</run_address>
         <size>0x4c</size>
         <alignment>0x4</alignment>
         <input_file_ref idref="fl-18"/>
      </object_component>
      <object_component id="oc-1a5">
         <name>.text.DL_SYSCTL_switchMCLKfromSYSOSCtoHSCLK</name>
         <load_address>0x3f00</load_address>
         <readonly>true</readonly>
         <executable>true</executable>
         <run_address>0x3f00</run_address>
         <size>0x4c</size>
         <alignment>0x4</alignment>
         <input_file_ref idref="fl-1e"/>
      </object_component>
      <object_component id="oc-1b7">
         <name>.text.DL_UART_init</name>
         <load_address>0x3f4c</load_address>
         <readonly>true</readonly>
         <executable>true</executable>
         <run_address>0x3f4c</run_address>
         <size>0x4c</size>
         <alignment>0x4</alignment>
         <input_file_ref idref="fl-1d"/>
      </object_component>
      <object_component id="oc-73">
         <name>.text._CHRGR_Execute_HandShake_State</name>
         <load_address>0x3f98</load_address>
         <readonly>true</readonly>
         <executable>true</executable>
         <run_address>0x3f98</run_address>
         <size>0x4c</size>
         <alignment>0x4</alignment>
         <input_file_ref idref="fl-5"/>
      </object_component>
      <object_component id="oc-19d">
         <name>.text.copy_in</name>
         <load_address>0x3fe4</load_address>
         <readonly>true</readonly>
         <executable>true</executable>
         <run_address>0x3fe4</run_address>
         <size>0x4c</size>
         <alignment>0x4</alignment>
         <input_file_ref idref="fl-30"/>
      </object_component>
      <object_component id="oc-129">
         <name>.text:__TI_auto_init_nopinit</name>
         <load_address>0x4030</load_address>
         <readonly>true</readonly>
         <executable>true</executable>
         <run_address>0x4030</run_address>
         <size>0x4c</size>
         <alignment>0x4</alignment>
         <input_file_ref idref="fl-2e"/>
      </object_component>
      <object_component id="oc-e9">
         <name>.text.__fixdfsi</name>
         <load_address>0x407c</load_address>
         <readonly>true</readonly>
         <executable>true</executable>
         <run_address>0x407c</run_address>
         <size>0x4a</size>
         <alignment>0x4</alignment>
         <input_file_ref idref="fl-c4"/>
      </object_component>
      <object_component id="oc-1e5">
         <name>.text.DL_DMA_initChannel</name>
         <load_address>0x40c6</load_address>
         <readonly>true</readonly>
         <executable>true</executable>
         <run_address>0x40c6</run_address>
         <size>0x46</size>
         <alignment>0x2</alignment>
         <input_file_ref idref="fl-1a"/>
      </object_component>
      <object_component id="oc-1a9">
         <name>.text.DL_Timer_setCaptureCompareOutCtl</name>
         <load_address>0x410c</load_address>
         <readonly>true</readonly>
         <executable>true</executable>
         <run_address>0x410c</run_address>
         <size>0x40</size>
         <alignment>0x4</alignment>
         <input_file_ref idref="fl-1c"/>
      </object_component>
      <object_component id="oc-b9">
         <name>.text.HAL_setPFM</name>
         <load_address>0x414c</load_address>
         <readonly>true</readonly>
         <executable>true</executable>
         <run_address>0x414c</run_address>
         <size>0x40</size>
         <alignment>0x4</alignment>
         <input_file_ref idref="fl-9"/>
      </object_component>
      <object_component id="oc-64">
         <name>.text._CHRGR_Execute_Battery_Check_State</name>
         <load_address>0x418c</load_address>
         <readonly>true</readonly>
         <executable>true</executable>
         <run_address>0x418c</run_address>
         <size>0x40</size>
         <alignment>0x4</alignment>
         <input_file_ref idref="fl-5"/>
      </object_component>
      <object_component id="oc-ee">
         <name>.text.__aeabi_uidivmod</name>
         <load_address>0x41cc</load_address>
         <readonly>true</readonly>
         <executable>true</executable>
         <run_address>0x41cc</run_address>
         <size>0x40</size>
         <alignment>0x4</alignment>
         <input_file_ref idref="fl-cd"/>
      </object_component>
      <object_component id="oc-fe">
         <name>.text.__extendsfdf2</name>
         <load_address>0x420c</load_address>
         <readonly>true</readonly>
         <executable>true</executable>
         <run_address>0x420c</run_address>
         <size>0x40</size>
         <alignment>0x4</alignment>
         <input_file_ref idref="fl-c3"/>
      </object_component>
      <object_component id="oc-1f9">
         <name>.text.atoi</name>
         <load_address>0x424c</load_address>
         <readonly>true</readonly>
         <executable>true</executable>
         <run_address>0x424c</run_address>
         <size>0x40</size>
         <alignment>0x4</alignment>
         <input_file_ref idref="fl-3c"/>
      </object_component>
      <object_component id="oc-1ea">
         <name>.text.DL_FactoryRegion_getNumBanks</name>
         <load_address>0x428c</load_address>
         <readonly>true</readonly>
         <executable>true</executable>
         <run_address>0x428c</run_address>
         <size>0x3c</size>
         <alignment>0x4</alignment>
         <input_file_ref idref="fl-1b"/>
      </object_component>
      <object_component id="oc-1dd">
         <name>.text.DL_Timer_setCaptureCompareCtl</name>
         <load_address>0x42c8</load_address>
         <readonly>true</readonly>
         <executable>true</executable>
         <run_address>0x42c8</run_address>
         <size>0x3c</size>
         <alignment>0x4</alignment>
         <input_file_ref idref="fl-1c"/>
      </object_component>
      <object_component id="oc-172">
         <name>.text.__muldsi3</name>
         <load_address>0x4304</load_address>
         <readonly>true</readonly>
         <executable>true</executable>
         <run_address>0x4304</run_address>
         <size>0x3a</size>
         <alignment>0x4</alignment>
         <input_file_ref idref="fl-bf"/>
      </object_component>
      <object_component id="oc-218">
         <name>.text.DL_DMA_setTrigger</name>
         <load_address>0x4340</load_address>
         <readonly>true</readonly>
         <executable>true</executable>
         <run_address>0x4340</run_address>
         <size>0x38</size>
         <alignment>0x4</alignment>
         <input_file_ref idref="fl-1a"/>
      </object_component>
      <object_component id="oc-1eb">
         <name>.text.DL_FactoryRegion_getMAINFlashSize</name>
         <load_address>0x4378</load_address>
         <readonly>true</readonly>
         <executable>true</executable>
         <run_address>0x4378</run_address>
         <size>0x38</size>
         <alignment>0x4</alignment>
         <input_file_ref idref="fl-1b"/>
      </object_component>
      <object_component id="oc-1ed">
         <name>.text.DL_FlashCTL_programMemory64Config</name>
         <load_address>0x43b0</load_address>
         <readonly>true</readonly>
         <executable>true</executable>
         <run_address>0x43b0</run_address>
         <size>0x38</size>
         <alignment>0x4</alignment>
         <input_file_ref idref="fl-1b"/>
      </object_component>
      <object_component id="oc-a0">
         <name>.text.Waiting</name>
         <load_address>0x43e8</load_address>
         <readonly>true</readonly>
         <executable>true</executable>
         <run_address>0x43e8</run_address>
         <size>0x38</size>
         <alignment>0x4</alignment>
         <input_file_ref idref="fl-1"/>
      </object_component>
      <object_component id="oc-6c">
         <name>.text._CTRL_Reset_Dual_Controller</name>
         <load_address>0x4420</load_address>
         <readonly>true</readonly>
         <executable>true</executable>
         <run_address>0x4420</run_address>
         <size>0x38</size>
         <alignment>0x4</alignment>
         <input_file_ref idref="fl-6"/>
      </object_component>
      <object_component id="oc-13b">
         <name>.text.__fixsfsi</name>
         <load_address>0x4458</load_address>
         <readonly>true</readonly>
         <executable>true</executable>
         <run_address>0x4458</run_address>
         <size>0x38</size>
         <alignment>0x4</alignment>
         <input_file_ref idref="fl-c5"/>
      </object_component>
      <object_component id="oc-10b">
         <name>.text.sprintf</name>
         <load_address>0x4490</load_address>
         <readonly>true</readonly>
         <executable>true</executable>
         <run_address>0x4490</run_address>
         <size>0x38</size>
         <alignment>0x4</alignment>
         <input_file_ref idref="fl-2b"/>
      </object_component>
      <object_component id="oc-1aa">
         <name>.text.DL_Timer_setCaptCompUpdateMethod</name>
         <load_address>0x44c8</load_address>
         <readonly>true</readonly>
         <executable>true</executable>
         <run_address>0x44c8</run_address>
         <size>0x34</size>
         <alignment>0x4</alignment>
         <input_file_ref idref="fl-1c"/>
      </object_component>
      <object_component id="oc-1dc">
         <name>.text.DL_Timer_setCaptureCompareAction</name>
         <load_address>0x44fc</load_address>
         <readonly>true</readonly>
         <executable>true</executable>
         <run_address>0x44fc</run_address>
         <size>0x34</size>
         <alignment>0x4</alignment>
         <input_file_ref idref="fl-1c"/>
      </object_component>
      <object_component id="oc-1de">
         <name>.text.DL_Timer_setCaptureCompareInput</name>
         <load_address>0x4530</load_address>
         <readonly>true</readonly>
         <executable>true</executable>
         <run_address>0x4530</run_address>
         <size>0x34</size>
         <alignment>0x2</alignment>
         <input_file_ref idref="fl-1c"/>
      </object_component>
      <object_component id="oc-1a7">
         <name>.text.DL_Timer_setClockConfig</name>
         <load_address>0x4564</load_address>
         <readonly>true</readonly>
         <executable>true</executable>
         <run_address>0x4564</run_address>
         <size>0x34</size>
         <alignment>0x4</alignment>
         <input_file_ref idref="fl-1c"/>
      </object_component>
      <object_component id="oc-1ab">
         <name>.text.DL_Timer_setFaultSourceConfig</name>
         <load_address>0x4598</load_address>
         <readonly>true</readonly>
         <executable>true</executable>
         <run_address>0x4598</run_address>
         <size>0x34</size>
         <alignment>0x4</alignment>
         <input_file_ref idref="fl-1c"/>
      </object_component>
      <object_component id="oc-1c0">
         <name>.text.DL_FlashCTL_eraseMemoryFromRAM</name>
         <load_address>0x45cc</load_address>
         <readonly>true</readonly>
         <executable>true</executable>
         <run_address>0x45cc</run_address>
         <size>0x30</size>
         <alignment>0x4</alignment>
         <input_file_ref idref="fl-1b"/>
      </object_component>
      <object_component id="oc-2a5">
         <name>.tramp.DL_FlashCTL_executeCommandFromRAM.1</name>
         <load_address>0x45fc</load_address>
         <readonly>true</readonly>
         <executable>true</executable>
         <run_address>0x45fc</run_address>
         <size>0x10</size>
         <alignment>0x4</alignment>
         <input_file_ref idref="fl-1b"/>
      </object_component>
      <object_component id="oc-21b">
         <name>.text.DL_FlashCTL_programMemoryConfig</name>
         <load_address>0x460c</load_address>
         <readonly>true</readonly>
         <executable>true</executable>
         <run_address>0x460c</run_address>
         <size>0x30</size>
         <alignment>0x4</alignment>
         <input_file_ref idref="fl-1b"/>
      </object_component>
      <object_component id="oc-247">
         <name>.text._fcpy</name>
         <load_address>0x463c</load_address>
         <readonly>true</readonly>
         <executable>true</executable>
         <run_address>0x463c</run_address>
         <size>0x30</size>
         <alignment>0x2</alignment>
         <input_file_ref idref="fl-34"/>
      </object_component>
      <object_component id="oc-e0">
         <name>.text.DL_Timer_setCaptureCompareValue</name>
         <load_address>0x466c</load_address>
         <readonly>true</readonly>
         <executable>true</executable>
         <run_address>0x466c</run_address>
         <size>0x2c</size>
         <alignment>0x4</alignment>
         <input_file_ref idref="fl-1c"/>
      </object_component>
      <object_component id="oc-b2">
         <name>.text.HAL_setPFWM</name>
         <load_address>0x4698</load_address>
         <readonly>true</readonly>
         <executable>true</executable>
         <run_address>0x4698</run_address>
         <size>0x2c</size>
         <alignment>0x4</alignment>
         <input_file_ref idref="fl-9"/>
      </object_component>
      <object_component id="oc-df">
         <name>.text.PRFL_getTemperatureDeratingFAN</name>
         <load_address>0x46c4</load_address>
         <readonly>true</readonly>
         <executable>true</executable>
         <run_address>0x46c4</run_address>
         <size>0x2c</size>
         <alignment>0x4</alignment>
         <input_file_ref idref="fl-8"/>
      </object_component>
      <object_component id="oc-155">
         <name>.text.SYSCFG_DL_MACHINECYCLETIMER_init</name>
         <load_address>0x46f0</load_address>
         <readonly>true</readonly>
         <executable>true</executable>
         <run_address>0x46f0</run_address>
         <size>0x2c</size>
         <alignment>0x4</alignment>
         <input_file_ref idref="fl-2"/>
      </object_component>
      <object_component id="oc-e1">
         <name>.text.__floatsidf</name>
         <load_address>0x471c</load_address>
         <readonly>true</readonly>
         <executable>true</executable>
         <run_address>0x471c</run_address>
         <size>0x2c</size>
         <alignment>0x4</alignment>
         <input_file_ref idref="fl-c6"/>
      </object_component>
      <object_component id="oc-1e4">
         <name>.text.DL_Common_updateReg</name>
         <load_address>0x4748</load_address>
         <readonly>true</readonly>
         <executable>true</executable>
         <run_address>0x4748</run_address>
         <size>0x28</size>
         <alignment>0x2</alignment>
         <input_file_ref idref="fl-18"/>
      </object_component>
      <object_component id="oc-24b">
         <name>.text.DL_Common_updateReg</name>
         <load_address>0x4770</load_address>
         <readonly>true</readonly>
         <executable>true</executable>
         <run_address>0x4770</run_address>
         <size>0x28</size>
         <alignment>0x2</alignment>
         <input_file_ref idref="fl-1a"/>
      </object_component>
      <object_component id="oc-1d8">
         <name>.text.DL_Common_updateReg</name>
         <load_address>0x4798</load_address>
         <readonly>true</readonly>
         <executable>true</executable>
         <run_address>0x4798</run_address>
         <size>0x28</size>
         <alignment>0x2</alignment>
         <input_file_ref idref="fl-1e"/>
      </object_component>
      <object_component id="oc-1df">
         <name>.text.DL_Common_updateReg</name>
         <load_address>0x47c0</load_address>
         <readonly>true</readonly>
         <executable>true</executable>
         <run_address>0x47c0</run_address>
         <size>0x28</size>
         <alignment>0x2</alignment>
         <input_file_ref idref="fl-1c"/>
      </object_component>
      <object_component id="oc-1e3">
         <name>.text.DL_Common_updateReg</name>
         <load_address>0x47e8</load_address>
         <readonly>true</readonly>
         <executable>true</executable>
         <run_address>0x47e8</run_address>
         <size>0x28</size>
         <alignment>0x2</alignment>
         <input_file_ref idref="fl-1d"/>
      </object_component>
      <object_component id="oc-ed">
         <name>.text.DL_Timer_getCaptureCompareValue</name>
         <load_address>0x4810</load_address>
         <readonly>true</readonly>
         <executable>true</executable>
         <run_address>0x4810</run_address>
         <size>0x28</size>
         <alignment>0x4</alignment>
         <input_file_ref idref="fl-1c"/>
      </object_component>
      <object_component id="oc-98">
         <name>.text.Delay_100us</name>
         <load_address>0x4838</load_address>
         <readonly>true</readonly>
         <executable>true</executable>
         <run_address>0x4838</run_address>
         <size>0x28</size>
         <alignment>0x4</alignment>
         <input_file_ref idref="fl-1"/>
      </object_component>
      <object_component id="oc-72">
         <name>.text._CHRGR_Execute_Soft_Start_State</name>
         <load_address>0x4860</load_address>
         <readonly>true</readonly>
         <executable>true</executable>
         <run_address>0x4860</run_address>
         <size>0x28</size>
         <alignment>0x4</alignment>
         <input_file_ref idref="fl-5"/>
      </object_component>
      <object_component id="oc-f6">
         <name>.text.__floatunsisf</name>
         <load_address>0x4888</load_address>
         <readonly>true</readonly>
         <executable>true</executable>
         <run_address>0x4888</run_address>
         <size>0x28</size>
         <alignment>0x4</alignment>
         <input_file_ref idref="fl-c7"/>
      </object_component>
      <object_component id="oc-55">
         <name>.text:_c_int00_noargs</name>
         <load_address>0x48b0</load_address>
         <readonly>true</readonly>
         <executable>true</executable>
         <run_address>0x48b0</run_address>
         <size>0x28</size>
         <alignment>0x4</alignment>
         <input_file_ref idref="fl-2c"/>
      </object_component>
      <object_component id="oc-1bf">
         <name>.text.DL_FlashCTL_programMemoryFromRAM64WithECCGenerated</name>
         <load_address>0x48d8</load_address>
         <readonly>true</readonly>
         <executable>true</executable>
         <run_address>0x48d8</run_address>
         <size>0x24</size>
         <alignment>0x4</alignment>
         <input_file_ref idref="fl-1b"/>
      </object_component>
      <object_component id="oc-1b6">
         <name>.text.DL_UART_setClockConfig</name>
         <load_address>0x48fc</load_address>
         <readonly>true</readonly>
         <executable>true</executable>
         <run_address>0x48fc</run_address>
         <size>0x24</size>
         <alignment>0x4</alignment>
         <input_file_ref idref="fl-1d"/>
      </object_component>
      <object_component id="oc-206">
         <name>.text.__muldi3</name>
         <load_address>0x4920</load_address>
         <readonly>true</readonly>
         <executable>true</executable>
         <run_address>0x4920</run_address>
         <size>0x24</size>
         <alignment>0x4</alignment>
         <input_file_ref idref="fl-c8"/>
      </object_component>
      <object_component id="oc-1f2">
         <name>.text.memccpy</name>
         <load_address>0x4944</load_address>
         <readonly>true</readonly>
         <executable>true</executable>
         <run_address>0x4944</run_address>
         <size>0x22</size>
         <alignment>0x2</alignment>
         <input_file_ref idref="fl-3e"/>
      </object_component>
      <object_component id="oc-21a">
         <name>.text.DL_CORE_configInstruction</name>
         <load_address>0x4968</load_address>
         <readonly>true</readonly>
         <executable>true</executable>
         <run_address>0x4968</run_address>
         <size>0x20</size>
         <alignment>0x4</alignment>
         <input_file_ref idref="fl-1b"/>
      </object_component>
      <object_component id="oc-1da">
         <name>.text.DL_CORE_configInstruction</name>
         <load_address>0x4988</load_address>
         <readonly>true</readonly>
         <executable>true</executable>
         <run_address>0x4988</run_address>
         <size>0x20</size>
         <alignment>0x4</alignment>
         <input_file_ref idref="fl-1e"/>
      </object_component>
      <object_component id="oc-1e1">
         <name>.text.DL_Timer_setCounterValueAfterEnable</name>
         <load_address>0x49a8</load_address>
         <readonly>true</readonly>
         <executable>true</executable>
         <run_address>0x49a8</run_address>
         <size>0x20</size>
         <alignment>0x4</alignment>
         <input_file_ref idref="fl-1c"/>
      </object_component>
      <object_component id="oc-24d">
         <name>.text.__ashldi3</name>
         <load_address>0x49c8</load_address>
         <readonly>true</readonly>
         <executable>true</executable>
         <run_address>0x49c8</run_address>
         <size>0x1e</size>
         <alignment>0x4</alignment>
         <input_file_ref idref="fl-d0"/>
      </object_component>
      <object_component id="oc-dc">
         <name>.text.HAL_receiveUARTMessage</name>
         <load_address>0x49e8</load_address>
         <readonly>true</readonly>
         <executable>true</executable>
         <run_address>0x49e8</run_address>
         <size>0x1c</size>
         <alignment>0x4</alignment>
         <input_file_ref idref="fl-9"/>
      </object_component>
      <object_component id="oc-111">
         <name>.text.HAL_transmitUARTMessage</name>
         <load_address>0x4a04</load_address>
         <readonly>true</readonly>
         <executable>true</executable>
         <run_address>0x4a04</run_address>
         <size>0x1c</size>
         <alignment>0x4</alignment>
         <input_file_ref idref="fl-9"/>
      </object_component>
      <object_component id="oc-1db">
         <name>.text.DL_SYSCTL_setHSCLKSource</name>
         <load_address>0x4a20</load_address>
         <readonly>true</readonly>
         <executable>true</executable>
         <run_address>0x4a20</run_address>
         <size>0x18</size>
         <alignment>0x4</alignment>
         <input_file_ref idref="fl-1e"/>
      </object_component>
      <object_component id="oc-1e0">
         <name>.text.DL_Timer_setLoadValue</name>
         <load_address>0x4a38</load_address>
         <readonly>true</readonly>
         <executable>true</executable>
         <run_address>0x4a38</run_address>
         <size>0x18</size>
         <alignment>0x4</alignment>
         <input_file_ref idref="fl-1c"/>
      </object_component>
      <object_component id="oc-1bc">
         <name>.text.SYSCFG_DL_DMA_CH_RX_init</name>
         <load_address>0x4a50</load_address>
         <readonly>true</readonly>
         <executable>true</executable>
         <run_address>0x4a50</run_address>
         <size>0x18</size>
         <alignment>0x4</alignment>
         <input_file_ref idref="fl-2"/>
      </object_component>
      <object_component id="oc-1bd">
         <name>.text.SYSCFG_DL_DMA_CH_TX_init</name>
         <load_address>0x4a68</load_address>
         <readonly>true</readonly>
         <executable>true</executable>
         <run_address>0x4a68</run_address>
         <size>0x18</size>
         <alignment>0x4</alignment>
         <input_file_ref idref="fl-2"/>
      </object_component>
      <object_component id="oc-191">
         <name>.text._outs</name>
         <load_address>0x4a80</load_address>
         <readonly>true</readonly>
         <executable>true</executable>
         <run_address>0x4a80</run_address>
         <size>0x18</size>
         <alignment>0x2</alignment>
         <input_file_ref idref="fl-2b"/>
      </object_component>
      <object_component id="oc-1e2">
         <name>.text.DL_UART_disable</name>
         <load_address>0x4a98</load_address>
         <readonly>true</readonly>
         <executable>true</executable>
         <run_address>0x4a98</run_address>
         <size>0x16</size>
         <alignment>0x2</alignment>
         <input_file_ref idref="fl-1d"/>
      </object_component>
      <object_component id="oc-4c">
         <name>.text:decompress:ZI:__TI_zero_init_nomemset</name>
         <load_address>0x4aae</load_address>
         <readonly>true</readonly>
         <executable>true</executable>
         <run_address>0x4aae</run_address>
         <size>0x16</size>
         <alignment>0x2</alignment>
         <input_file_ref idref="fl-31"/>
      </object_component>
      <object_component id="oc-160">
         <name>.text.DL_Common_delayCycles</name>
         <load_address>0x4ac4</load_address>
         <readonly>true</readonly>
         <executable>true</executable>
         <run_address>0x4ac4</run_address>
         <size>0x14</size>
         <alignment>0x2</alignment>
         <input_file_ref idref="fl-19"/>
      </object_component>
      <object_component id="oc-1ef">
         <name>.text.DL_FlashCTL_setCommandAddress</name>
         <load_address>0x4ad8</load_address>
         <readonly>true</readonly>
         <executable>true</executable>
         <run_address>0x4ad8</run_address>
         <size>0x14</size>
         <alignment>0x2</alignment>
         <input_file_ref idref="fl-1b"/>
      </object_component>
      <object_component id="oc-1d6">
         <name>.text.DL_SYSCTL_disableSYSPLL</name>
         <load_address>0x4aec</load_address>
         <readonly>true</readonly>
         <executable>true</executable>
         <run_address>0x4aec</run_address>
         <size>0x14</size>
         <alignment>0x4</alignment>
         <input_file_ref idref="fl-1e"/>
      </object_component>
      <object_component id="oc-20b">
         <name>.text.__aeabi_uldivmod</name>
         <load_address>0x4b00</load_address>
         <readonly>true</readonly>
         <executable>true</executable>
         <run_address>0x4b00</run_address>
         <size>0x14</size>
         <alignment>0x4</alignment>
         <input_file_ref idref="fl-ce"/>
      </object_component>
      <object_component id="oc-245">
         <name>.text.strchr</name>
         <load_address>0x4b14</load_address>
         <readonly>true</readonly>
         <executable>true</executable>
         <run_address>0x4b14</run_address>
         <size>0x14</size>
         <alignment>0x2</alignment>
         <input_file_ref idref="fl-34"/>
      </object_component>
      <object_component id="oc-20">
         <name>.text:decompress:none</name>
         <load_address>0x4b28</load_address>
         <readonly>true</readonly>
         <executable>true</executable>
         <run_address>0x4b28</run_address>
         <size>0x12</size>
         <alignment>0x2</alignment>
         <input_file_ref idref="fl-32"/>
      </object_component>
      <object_component id="oc-219">
         <name>.text.DL_CORE_getInstructionConfig</name>
         <load_address>0x4b3c</load_address>
         <readonly>true</readonly>
         <executable>true</executable>
         <run_address>0x4b3c</run_address>
         <size>0x10</size>
         <alignment>0x4</alignment>
         <input_file_ref idref="fl-1b"/>
      </object_component>
      <object_component id="oc-1d9">
         <name>.text.DL_CORE_getInstructionConfig</name>
         <load_address>0x4b4c</load_address>
         <readonly>true</readonly>
         <executable>true</executable>
         <run_address>0x4b4c</run_address>
         <size>0x10</size>
         <alignment>0x4</alignment>
         <input_file_ref idref="fl-1e"/>
      </object_component>
      <object_component id="oc-1fd">
         <name>.text.wcslen</name>
         <load_address>0x4b5c</load_address>
         <readonly>true</readonly>
         <executable>true</executable>
         <run_address>0x4b5c</run_address>
         <size>0x10</size>
         <alignment>0x2</alignment>
         <input_file_ref idref="fl-35"/>
      </object_component>
      <object_component id="oc-1e8">
         <name>.text.DL_FlashCTL_getFlashSectorNumber</name>
         <load_address>0x4b6c</load_address>
         <readonly>true</readonly>
         <executable>true</executable>
         <run_address>0x4b6c</run_address>
         <size>0xe</size>
         <alignment>0x2</alignment>
         <input_file_ref idref="fl-1b"/>
      </object_component>
      <object_component id="oc-1f1">
         <name>.text.__aeabi_memset</name>
         <load_address>0x4b7c</load_address>
         <readonly>true</readonly>
         <executable>true</executable>
         <run_address>0x4b7c</run_address>
         <size>0xe</size>
         <alignment>0x4</alignment>
         <input_file_ref idref="fl-cc"/>
      </object_component>
      <object_component id="oc-1f0">
         <name>.text.strlen</name>
         <load_address>0x4b8a</load_address>
         <readonly>true</readonly>
         <executable>true</executable>
         <run_address>0x4b8a</run_address>
         <size>0xe</size>
         <alignment>0x2</alignment>
         <input_file_ref idref="fl-34"/>
      </object_component>
      <object_component id="oc-1d7">
         <name>.text.DL_SYSCTL_getClockStatus</name>
         <load_address>0x4b98</load_address>
         <readonly>true</readonly>
         <executable>true</executable>
         <run_address>0x4b98</run_address>
         <size>0xc</size>
         <alignment>0x4</alignment>
         <input_file_ref idref="fl-1e"/>
      </object_component>
      <object_component id="oc-159">
         <name>.text.SYSCFG_DL_DMA_init</name>
         <load_address>0x4ba4</load_address>
         <readonly>true</readonly>
         <executable>true</executable>
         <run_address>0x4ba4</run_address>
         <size>0xc</size>
         <alignment>0x2</alignment>
         <input_file_ref idref="fl-2"/>
      </object_component>
      <object_component id="oc-140">
         <name>.text._CTRL_Get_Ramp_Up_Value</name>
         <load_address>0x4bb0</load_address>
         <readonly>true</readonly>
         <executable>true</executable>
         <run_address>0x4bb0</run_address>
         <size>0xc</size>
         <alignment>0x2</alignment>
         <input_file_ref idref="fl-6"/>
      </object_component>
      <object_component id="oc-244">
         <name>.text.OUTLINED_FUNCTION_0</name>
         <load_address>0x4bbc</load_address>
         <readonly>true</readonly>
         <executable>true</executable>
         <run_address>0x4bbc</run_address>
         <size>0xa</size>
         <alignment>0x2</alignment>
         <input_file_ref idref="fl-34"/>
      </object_component>
      <object_component id="oc-2a6">
         <name>.tramp.__aeabi_dsub.1</name>
         <load_address>0x4bc8</load_address>
         <readonly>true</readonly>
         <executable>true</executable>
         <run_address>0x4bc8</run_address>
         <size>0x10</size>
         <alignment>0x4</alignment>
         <input_file_ref idref="fl-bd"/>
      </object_component>
      <object_component id="oc-249">
         <name>.text.OUTLINED_FUNCTION_1</name>
         <load_address>0x4bd8</load_address>
         <readonly>true</readonly>
         <executable>true</executable>
         <run_address>0x4bd8</run_address>
         <size>0xa</size>
         <alignment>0x2</alignment>
         <input_file_ref idref="fl-34"/>
      </object_component>
      <object_component id="oc-192">
         <name>.text._outc</name>
         <load_address>0x4be2</load_address>
         <readonly>true</readonly>
         <executable>true</executable>
         <run_address>0x4be2</run_address>
         <size>0xa</size>
         <alignment>0x2</alignment>
         <input_file_ref idref="fl-2b"/>
      </object_component>
      <object_component id="oc-201">
         <name>.text.__aeabi_errno_addr</name>
         <load_address>0x4bec</load_address>
         <readonly>true</readonly>
         <executable>true</executable>
         <run_address>0x4bec</run_address>
         <size>0x8</size>
         <alignment>0x4</alignment>
         <input_file_ref idref="fl-36"/>
      </object_component>
      <object_component id="oc-45">
         <name>.text.__aeabi_memcpy</name>
         <load_address>0x4bf4</load_address>
[...]
      </symbol>
      <symbol id="sm-1b4">
         <name>HAL_setPFWM</name>
         <value>0x4699</value>
         <object_component_ref idref="oc-b2"/>
      </symbol>
      <symbol id="sm-1b5">
         <name>HAL_transmitUARTMessage</name>
         <value>0x4a05</value>
         <object_component_ref idref="oc-111"/>
      </symbol>
      <symbol id="sm-1b6">
         <name>HAL_receiveUARTMessage</name>
         <value>0x49e9</value>
         <object_component_ref idref="oc-dc"/>
      </symbol>
      <symbol id="sm-1b7">
         <name>HAL_initSystem</name>
         <value>0x3c71</value>
         <object_component_ref idref="oc-db"/>
      </symbol>
      <symbol id="sm-1b8">
         <name>HAL_setLEDsignals</name>
         <value>0x3101</value>
         <object_component_ref idref="oc-66"/>
      </symbol>
      <symbol id="sm-1cd">
         <name>main</name>
         <value>0x114d</value>
         <object_component_ref idref="oc-8d"/>
      </symbol>
      <symbol id="sm-1ce">
         <name>ReadPackage</name>
         <value>0x20200210</value>
      </symbol>
      <symbol id="sm-1cf">
         <name>Print_Saved_State</name>
         <value>0x202002be</value>
      </symbol>
      <symbol id="sm-1d0">
         <name>WritePackage</name>
         <value>0x20200240</value>
      </symbol>
      <symbol id="sm-1d1">
         <name>Tsw</name>
         <value>0x20200340</value>
         <object_component_ref idref="oc-116"/>
      </symbol>
      <symbol id="sm-1d2">
         <name>Fsw</name>
         <value>0x2020033e</value>
         <object_component_ref idref="oc-117"/>
      </symbol>
      <symbol id="sm-1d3">
         <name>D</name>
         <value>0x2020033c</value>
         <object_component_ref idref="oc-118"/>
      </symbol>
      <symbol id="sm-1d4">
         <name>TIMG0_IRQHandler</name>
         <value>0x20e5</value>
         <object_component_ref idref="oc-34"/>
      </symbol>
      <symbol id="sm-1d5">
         <name>time_measure</name>
         <value>0x20200344</value>
         <object_component_ref idref="oc-7d"/>
      </symbol>
      <symbol id="sm-1d6">
         <name>__TI_ATRegion0_src_addr</name>
         <value>0x0</value>
      </symbol>
      <symbol id="sm-1d7">
         <name>__TI_ATRegion0_trg_addr</name>
         <value>0x0</value>
      </symbol>
      <symbol id="sm-1d8">
         <name>__TI_ATRegion0_region_sz</name>
         <value>0x0</value>
      </symbol>
      <symbol id="sm-1d9">
         <name>__TI_ATRegion1_src_addr</name>
         <value>0x0</value>
      </symbol>
      <symbol id="sm-1da">
         <name>__TI_ATRegion1_trg_addr</name>
         <value>0x0</value>
      </symbol>
      <symbol id="sm-1db">
         <name>__TI_ATRegion1_region_sz</name>
         <value>0x0</value>
      </symbol>
      <symbol id="sm-1dc">
         <name>__TI_ATRegion2_src_addr</name>
         <value>0x0</value>
      </symbol>
      <symbol id="sm-1dd">
         <name>__TI_ATRegion2_trg_addr</name>
         <value>0x0</value>
      </symbol>
      <symbol id="sm-1de">
         <name>__TI_ATRegion2_region_sz</name>
         <value>0x0</value>
      </symbol>
      <symbol id="sm-1e4">
         <name>DL_ADC12_setClockConfig</name>
         <value>0x3eb5</value>
         <object_component_ref idref="oc-1ba"/>
      </symbol>
      <symbol id="sm-1e7">
         <name>DL_Common_delayCycles</name>
         <value>0x4ac5</value>
         <object_component_ref idref="oc-160"/>
      </symbol>
      <symbol id="sm-1f1">
         <name>DL_DMA_initChannel</name>
         <value>0x40c7</value>
         <object_component_ref idref="oc-1e5"/>
      </symbol>
      <symbol id="sm-216">
         <name>DL_FlashCTL_eraseMemoryFromRAM</name>
         <value>0x45cd</value>
         <object_component_ref idref="oc-1c0"/>
      </symbol>
      <symbol id="sm-217">
         <name>DL_FlashCTL_unprotectSector</name>
         <value>0x2245</value>
         <object_component_ref idref="oc-1be"/>
      </symbol>
      <symbol id="sm-218">
         <name>DL_FlashCTL_programMemoryFromRAM64WithECCGenerated</name>
         <value>0x48d9</value>
         <object_component_ref idref="oc-1bf"/>
      </symbol>
      <symbol id="sm-23f">
         <name>DL_Timer_setClockConfig</name>
         <value>0x4565</value>
         <object_component_ref idref="oc-1a7"/>
      </symbol>
      <symbol id="sm-240">
         <name>DL_Timer_initTimerMode</name>
         <value>0x2a69</value>
         <object_component_ref idref="oc-1b1"/>
      </symbol>
      <symbol id="sm-241">
         <name>DL_Timer_setCaptureCompareValue</name>
         <value>0x466d</value>
         <object_component_ref idref="oc-e0"/>
      </symbol>
      <symbol id="sm-242">
         <name>DL_Timer_setCaptureCompareCtl</name>
         <value>0x42c9</value>
         <object_component_ref idref="oc-1dd"/>
      </symbol>
      <symbol id="sm-243">
         <name>DL_Timer_setCaptureCompareInput</name>
         <value>0x4531</value>
         <object_component_ref idref="oc-1de"/>
      </symbol>
      <symbol id="sm-244">
         <name>DL_Timer_initPWMMode</name>
         <value>0x2741</value>
         <object_component_ref idref="oc-1ae"/>
      </symbol>
      <symbol id="sm-245">
         <name>DL_Timer_setCaptureCompareAction</name>
         <value>0x44fd</value>
         <object_component_ref idref="oc-1dc"/>
      </symbol>
      <symbol id="sm-246">
         <name>DL_Timer_setCaptureCompareOutCtl</name>
         <value>0x410d</value>
         <object_component_ref idref="oc-1a9"/>
      </symbol>
      <symbol id="sm-247">
         <name>DL_Timer_getCaptureCompareValue</name>
         <value>0x4811</value>
         <object_component_ref idref="oc-ed"/>
      </symbol>
      <symbol id="sm-248">
         <name>DL_Timer_setCaptCompUpdateMethod</name>
         <value>0x44c9</value>
         <object_component_ref idref="oc-1aa"/>
      </symbol>
      <symbol id="sm-249">
         <name>DL_TimerA_initPWMMode</name>
         <value>0x2c55</value>
         <object_component_ref idref="oc-1a8"/>
      </symbol>
      <symbol id="sm-24a">
         <name>DL_Timer_setFaultSourceConfig</name>
         <value>0x4599</value>
         <object_component_ref idref="oc-1ab"/>
      </symbol>
      <symbol id="sm-254">
         <name>DL_UART_init</name>
         <value>0x3f4d</value>
         <object_component_ref idref="oc-1b7"/>
      </symbol>
      <symbol id="sm-255">
         <name>DL_UART_setClockConfig</name>
         <value>0x48fd</value>
         <object_component_ref idref="oc-1b6"/>
      </symbol>
      <symbol id="sm-26c">
         <name>DL_SYSCTL_configSYSPLL</name>
         <value>0x2b69</value>
         <object_component_ref idref="oc-1a4"/>
      </symbol>
      <symbol id="sm-26d">
         <name>DL_SYSCTL_switchMCLKfromSYSOSCtoHSCLK</name>
         <value>0x3f01</value>
         <object_component_ref idref="oc-1a5"/>
      </symbol>
      <symbol id="sm-27e">
         <name>sprintf</name>
         <value>0x4491</value>
         <object_component_ref idref="oc-10b"/>
      </symbol>
      <symbol id="sm-289">
         <name>_c_int00_noargs</name>
         <value>0x48b1</value>
         <object_component_ref idref="oc-55"/>
      </symbol>
      <symbol id="sm-28a">
         <name>__stack</name>
         <value>0x20203e00</value>
         <object_component_ref idref="oc-1a"/>
      </symbol>
      <symbol id="sm-296">
         <name>__TI_auto_init_nopinit</name>
         <value>0x4031</value>
         <object_component_ref idref="oc-129"/>
      </symbol>
      <symbol id="sm-29e">
         <name>_system_pre_init</name>
         <value>0x4c05</value>
         <object_component_ref idref="oc-89"/>
      </symbol>
      <symbol id="sm-2a8">
         <name>copy_in</name>
         <value>0x3fe5</value>
         <object_component_ref idref="oc-19d"/>
      </symbol>
      <symbol id="sm-2b2">
         <name>__TI_zero_init_nomemset</name>
         <value>0x4aaf</value>
         <object_component_ref idref="oc-4c"/>
      </symbol>
      <symbol id="sm-2bb">
         <name>__TI_decompress_none</name>
         <value>0x4b29</value>
         <object_component_ref idref="oc-20"/>
      </symbol>
      <symbol id="sm-2c6">
         <name>__TI_decompress_lzss</name>
         <value>0x35e1</value>
         <object_component_ref idref="oc-1c"/>
      </symbol>
      <symbol id="sm-30f">
         <name>__TI_printfi</name>
         <value>0xc1</value>
         <object_component_ref idref="oc-1cc"/>
      </symbol>
      <symbol id="sm-318">
         <name>wcslen</name>
         <value>0x4b5d</value>
         <object_component_ref idref="oc-1fd"/>
      </symbol>
      <symbol id="sm-323">
         <name>__aeabi_errno_addr</name>
         <value>0x4bed</value>
         <object_component_ref idref="oc-201"/>
      </symbol>
      <symbol id="sm-324">
         <name>__aeabi_errno</name>
         <value>0x20200338</value>
         <object_component_ref idref="oc-226"/>
      </symbol>
      <symbol id="sm-32e">
         <name>abort</name>
         <value>0x4c09</value>
         <object_component_ref idref="oc-11b"/>
      </symbol>
      <symbol id="sm-32f">
         <name>C$$EXIT</name>
         <value>0x4c08</value>
         <object_component_ref idref="oc-11b"/>
      </symbol>
      <symbol id="sm-339">
         <name>__TI_ltoa</name>
         <value>0x3b15</value>
         <object_component_ref idref="oc-240"/>
      </symbol>
      <symbol id="sm-345">
         <name>atoi</name>
         <value>0x424d</value>
         <object_component_ref idref="oc-1f9"/>
      </symbol>
      <symbol id="sm-34f">
         <name>memccpy</name>
         <value>0x4945</value>
         <object_component_ref idref="oc-1f2"/>
      </symbol>
      <symbol id="sm-35a">
         <name>frexp</name>
         <value>0x3a09</value>
         <object_component_ref idref="oc-238"/>
      </symbol>
      <symbol id="sm-35b">
         <name>frexpl</name>
         <value>0x3a09</value>
         <object_component_ref idref="oc-238"/>
      </symbol>
      <symbol id="sm-365">
         <name>scalbn</name>
         <value>0x2e25</value>
         <object_component_ref idref="oc-23c"/>
      </symbol>
      <symbol id="sm-366">
         <name>ldexp</name>
         <value>0x2e25</value>
         <object_component_ref idref="oc-23c"/>
      </symbol>
      <symbol id="sm-367">
         <name>scalbnl</name>
         <value>0x2e25</value>
         <object_component_ref idref="oc-23c"/>
      </symbol>
      <symbol id="sm-368">
         <name>ldexpl</name>
         <value>0x2e25</value>
         <object_component_ref idref="oc-23c"/>
      </symbol>
      <symbol id="sm-36d">
         <name>__aeabi_ctype_table_</name>
         <value>0x4c10</value>
         <object_component_ref idref="oc-21f"/>
      </symbol>
      <symbol id="sm-36e">
         <name>__aeabi_ctype_table_C</name>
         <value>0x4c10</value>
         <object_component_ref idref="oc-21f"/>
      </symbol>
      <symbol id="sm-386">
         <name>__aeabi_dadd</name>
         <value>0x1ddb</value>
         <object_component_ref idref="oc-106"/>
      </symbol>
      <symbol id="sm-387">
         <name>__adddf3</name>
         <value>0x1ddb</value>
         <object_component_ref idref="oc-106"/>
      </symbol>
      <symbol id="sm-388">
         <name>__aeabi_dsub</name>
         <value>0x1dd1</value>
         <object_component_ref idref="oc-106"/>
      </symbol>
      <symbol id="sm-389">
         <name>__subdf3</name>
         <value>0x1dd1</value>
         <object_component_ref idref="oc-106"/>
      </symbol>
      <symbol id="sm-392">
         <name>__aeabi_dmul</name>
         <value>0x2d41</value>
         <object_component_ref idref="oc-102"/>
      </symbol>
      <symbol id="sm-393">
         <name>__muldf3</name>
         <value>0x2d41</value>
         <object_component_ref idref="oc-102"/>
      </symbol>
      <symbol id="sm-399">
         <name>__muldsi3</name>
         <value>0x4305</value>
         <object_component_ref idref="oc-172"/>
      </symbol>
      <symbol id="sm-39f">
         <name>__aeabi_fmul</name>
         <value>0x3361</value>
         <object_component_ref idref="oc-fa"/>
      </symbol>
      <symbol id="sm-3a0">
         <name>__mulsf3</name>
         <value>0x3361</value>
         <object_component_ref idref="oc-fa"/>
      </symbol>
      <symbol id="sm-3a6">
         <name>__aeabi_fdiv</name>
         <value>0x33ed</value>
         <object_component_ref idref="oc-137"/>
      </symbol>
      <symbol id="sm-3a7">
         <name>__divsf3</name>
         <value>0x33ed</value>
         <object_component_ref idref="oc-137"/>
      </symbol>
      <symbol id="sm-3ad">
         <name>__aeabi_ddiv</name>
         <value>0x295d</value>
         <object_component_ref idref="oc-e5"/>
      </symbol>
      <symbol id="sm-3ae">
         <name>__divdf3</name>
         <value>0x295d</value>
         <object_component_ref idref="oc-e5"/>
      </symbol>
      <symbol id="sm-3b4">
         <name>__aeabi_f2d</name>
         <value>0x420d</value>
         <object_component_ref idref="oc-fe"/>
      </symbol>
      <symbol id="sm-3b5">
         <name>__extendsfdf2</name>
         <value>0x420d</value>
         <object_component_ref idref="oc-fe"/>
      </symbol>
      <symbol id="sm-3bb">
         <name>__aeabi_d2iz</name>
         <value>0x407d</value>
         <object_component_ref idref="oc-e9"/>
      </symbol>
      <symbol id="sm-3bc">
         <name>__fixdfsi</name>
         <value>0x407d</value>
         <object_component_ref idref="oc-e9"/>
      </symbol>
      <symbol id="sm-3c2">
         <name>__aeabi_f2iz</name>
         <value>0x4459</value>
         <object_component_ref idref="oc-13b"/>
      </symbol>
      <symbol id="sm-3c3">
         <name>__fixsfsi</name>
         <value>0x4459</value>
         <object_component_ref idref="oc-13b"/>
      </symbol>
      <symbol id="sm-3c9">
         <name>__aeabi_i2d</name>
         <value>0x471d</value>
         <object_component_ref idref="oc-e1"/>
      </symbol>
      <symbol id="sm-3ca">
         <name>__floatsidf</name>
         <value>0x471d</value>
         <object_component_ref idref="oc-e1"/>
      </symbol>
      <symbol id="sm-3d0">
         <name>__aeabi_ui2f</name>
         <value>0x4889</value>
         <object_component_ref idref="oc-f6"/>
      </symbol>
      <symbol id="sm-3d1">
         <name>__floatunsisf</name>
         <value>0x4889</value>
         <object_component_ref idref="oc-f6"/>
      </symbol>
      <symbol id="sm-3d7">
         <name>__aeabi_lmul</name>
         <value>0x4921</value>
         <object_component_ref idref="oc-206"/>
      </symbol>
      <symbol id="sm-3d8">
         <name>__muldi3</name>
         <value>0x4921</value>
         <object_component_ref idref="oc-206"/>
      </symbol>
      <symbol id="sm-3de">
         <name>__aeabi_dcmpeq</name>
         <value>0x38e9</value>
         <object_component_ref idref="oc-20f"/>
      </symbol>
      <symbol id="sm-3df">
         <name>__aeabi_dcmplt</name>
         <value>0x38fd</value>
         <object_component_ref idref="oc-20f"/>
      </symbol>
      <symbol id="sm-3e0">
         <name>__aeabi_dcmple</name>
         <value>0x3911</value>
         <object_component_ref idref="oc-20f"/>
      </symbol>
      <symbol id="sm-3e1">
         <name>__aeabi_dcmpge</name>
         <value>0x3925</value>
         <object_component_ref idref="oc-20f"/>
      </symbol>
      <symbol id="sm-3e2">
         <name>__aeabi_dcmpgt</name>
         <value>0x3939</value>
         <object_component_ref idref="oc-20f"/>
      </symbol>
      <symbol id="sm-3e8">
         <name>__aeabi_idiv</name>
         <value>0x3bc5</value>
         <object_component_ref idref="oc-f2"/>
      </symbol>
      <symbol id="sm-3e9">
         <name>__aeabi_idivmod</name>
         <value>0x3bc5</value>
         <object_component_ref idref="oc-f2"/>
      </symbol>
      <symbol id="sm-3ef">
         <name>__aeabi_memcpy</name>
         <value>0x4bf5</value>
         <object_component_ref idref="oc-45"/>
      </symbol>
      <symbol id="sm-3f0">
         <name>__aeabi_memcpy4</name>
         <value>0x4bf5</value>
         <object_component_ref idref="oc-45"/>
      </symbol>
      <symbol id="sm-3f1">
         <name>__aeabi_memcpy8</name>
         <value>0x4bf5</value>
         <object_component_ref idref="oc-45"/>
      </symbol>
      <symbol id="sm-3f8">
         <name>__aeabi_memset</name>
         <value>0x4b7d</value>
         <object_component_ref idref="oc-1f1"/>
      </symbol>
      <symbol id="sm-3f9">
         <name>__aeabi_memset4</name>
         <value>0x4b7d</value>
         <object_component_ref idref="oc-1f1"/>
      </symbol>
      <symbol id="sm-3fa">
         <name>__aeabi_memset8</name>
         <value>0x4b7d</value>
         <object_component_ref idref="oc-1f1"/>
      </symbol>
      <symbol id="sm-400">
         <name>__aeabi_uidiv</name>
         <value>0x41cd</value>
         <object_component_ref idref="oc-ee"/>
      </symbol>
      <symbol id="sm-401">
         <name>__aeabi_uidivmod</name>
         <value>0x41cd</value>
         <object_component_ref idref="oc-ee"/>
      </symbol>
      <symbol id="sm-407">
         <name>__aeabi_uldivmod</name>
         <value>0x4b01</value>
         <object_component_ref idref="oc-20b"/>
      </symbol>
      <symbol id="sm-40d">
         <name>__udivmoddi4</name>
         <value>0x305d</value>
         <object_component_ref idref="oc-22b"/>
      </symbol>
      <symbol id="sm-413">
         <name>__aeabi_llsl</name>
         <value>0x49c9</value>
         <object_component_ref idref="oc-24d"/>
      </symbol>
      <symbol id="sm-414">
         <name>__ashldi3</name>
         <value>0x49c9</value>
         <object_component_ref idref="oc-24d"/>
      </symbol>
      <symbol id="sm-422">
         <name>__ledf2</name>
         <value>0x37ad</value>
         <object_component_ref idref="oc-230"/>
      </symbol>
      <symbol id="sm-423">
         <name>__gedf2</name>
         <value>0x373d</value>
         <object_component_ref idref="oc-236"/>
      </symbol>
      <symbol id="sm-424">
         <name>__cmpdf2</name>
         <value>0x37ad</value>
         <object_component_ref idref="oc-230"/>
      </symbol>
      <symbol id="sm-425">
         <name>__eqdf2</name>
         <value>0x37ad</value>
         <object_component_ref idref="oc-230"/>
      </symbol>
      <symbol id="sm-426">
         <name>__ltdf2</name>
         <value>0x37ad</value>
         <object_component_ref idref="oc-230"/>
      </symbol>
      <symbol id="sm-427">
         <name>__nedf2</name>
         <value>0x37ad</value>
         <object_component_ref idref="oc-230"/>
      </symbol>
      <symbol id="sm-428">
         <name>__gtdf2</name>
         <value>0x373d</value>
         <object_component_ref idref="oc-236"/>
      </symbol>
      <symbol id="sm-434">
         <name>__aeabi_idiv0</name>
         <value>0x30ff</value>
         <object_component_ref idref="oc-16a"/>
      </symbol>
      <symbol id="sm-435">
         <name>__aeabi_ldiv0</name>
         <value>0x323b</value>
         <object_component_ref idref="oc-24c"/>
      </symbol>
      <symbol id="sm-44f">
         <name>memcpy</name>
         <value>0x31a1</value>
         <object_component_ref idref="oc-cf"/>
      </symbol>
      <symbol id="sm-45e">
         <name>memset</name>
         <value>0x394b</value>
         <object_component_ref idref="oc-14d"/>
      </symbol>
      <symbol id="sm-45f">
         <name>__TI_static_base__</name>
         <value>0x0</value>
      </symbol>
      <symbol id="sm-463">
         <name>__mpu_init</name>
         <value>0x0</value>
      </symbol>
      <symbol id="sm-464">
         <name>_system_post_cinit</name>
         <value>0x0</value>
      </symbol>
   </symbol_table>
   <title>Link successful</title>
</link_info>
