<?xml version="1.0" encoding="ISO-8859-1" ?>
<link_info>
   <banner>TI ARM Clang Linker PC v3.2.0.LTS</banner>
   <copyright>Copyright (c) 1996-2018 Texas Instruments Incorporated</copyright>
   <link_time>0x6694d36b</link_time>
   <link_errors>0x0</link_errors>
   <output_file>E:\CCS\empty_mspm0g3505_nortos_ticlang\Debug\empty_mspm0g3505_nortos_ticlang.out</output_file>
   <entry_point>
      <name>_c_int00_noargs</name>
      <address>0x48c1</address>
   </entry_point>
   <input_file_list>
      <input_file id="fl-1">
         <path>E:\CCS\empty_mspm0g3505_nortos_ticlang\Debug\.\</path>
         <kind>object</kind>
         <file>GlobalDefinitions.o</file>
         <name>GlobalDefinitions.o</name>
      </input_file>
      <input_file id="fl-2">
         <path>E:\CCS\empty_mspm0g3505_nortos_ticlang\Debug\.\</path>
         <kind>object</kind>
         <file>System_Recorder.o</file>
         <name>System_Recorder.o</name>
      </input_file>
      <input_file id="fl-3">
         <path>E:\CCS\empty_mspm0g3505_nortos_ticlang\Debug\.\</path>
         <kind>object</kind>
         <file>app_EbikeCharger.o</file>
         <name>app_EbikeCharger.o</name>
      </input_file>
      <input_file id="fl-4">
         <path>E:\CCS\empty_mspm0g3505_nortos_ticlang\Debug\.\</path>
         <kind>object</kind>
         <file>cal_Controller.o</file>
         <name>cal_Controller.o</name>
      </input_file>
      <input_file id="fl-5">
         <path>E:\CCS\empty_mspm0g3505_nortos_ticlang\Debug\.\</path>
         <kind>object</kind>
         <file>cal_FixedPointMath.o</file>
         <name>cal_FixedPointMath.o</name>
      </input_file>
      <input_file id="fl-6">
         <path>E:\CCS\empty_mspm0g3505_nortos_ticlang\Debug\.\</path>
         <kind>object</kind>
         <file>cal_Profile.o</file>
         <name>cal_Profile.o</name>
      </input_file>
      <input_file id="fl-7">
         <path>E:\CCS\empty_mspm0g3505_nortos_ticlang\Debug\.\</path>
         <kind>object</kind>
         <file>drv_BotLayer.o</file>
         <name>drv_BotLayer.o</name>
      </input_file>
      <input_file id="fl-8">
         <path>E:\CCS\empty_mspm0g3505_nortos_ticlang\Debug\.\syscfg\</path>
         <kind>object</kind>
         <file>ti_msp_dl_config.o</file>
         <name>ti_msp_dl_config.o</name>
      </input_file>
      <input_file id="fl-9">
         <path>E:\CCS\empty_mspm0g3505_nortos_ticlang\Debug\.\</path>
         <kind>object</kind>
         <file>startup_mspm0g350x_ticlang.o</file>
         <name>startup_mspm0g350x_ticlang.o</name>
      </input_file>
      <input_file id="fl-a">
         <path>E:\CCS\empty_mspm0g3505_nortos_ticlang\Debug\.\</path>
         <kind>object</kind>
         <file>main.o</file>
         <name>main.o</name>
      </input_file>
      <input_file id="fl-17">
         <path>E:\CCS\empty_mspm0g3505_nortos_ticlang\Debug\</path>
         <kind>object</kind>
         <file>&lt;internal&gt;</file>
         <name>&lt;internal&gt;</name>
      </input_file>
      <input_file id="fl-18">
         <path>C:\ti\mspm0_sdk_2_01_00_03\source\ti\driverlib\lib\ticlang\m0p\mspm0g1x0x_g3x0x\</path>
         <kind>archive</kind>
         <file>driverlib.a</file>
         <name>dl_adc12.o</name>
      </input_file>
      <input_file id="fl-19">
         <path>C:\ti\mspm0_sdk_2_01_00_03\source\ti\driverlib\lib\ticlang\m0p\mspm0g1x0x_g3x0x\</path>
         <kind>archive</kind>
         <file>driverlib.a</file>
         <name>dl_common.o</name>
      </input_file>
      <input_file id="fl-1a">
         <path>C:\ti\mspm0_sdk_2_01_00_03\source\ti\driverlib\lib\ticlang\m0p\mspm0g1x0x_g3x0x\</path>
         <kind>archive</kind>
         <file>driverlib.a</file>
         <name>dl_dma.o</name>
      </input_file>
      <input_file id="fl-1b">
         <path>C:\ti\mspm0_sdk_2_01_00_03\source\ti\driverlib\lib\ticlang\m0p\mspm0g1x0x_g3x0x\</path>
         <kind>archive</kind>
         <file>driverlib.a</file>
         <name>dl_flashctl.o</name>
      </input_file>
      <input_file id="fl-1c">
         <path>C:\ti\mspm0_sdk_2_01_00_03\source\ti\driverlib\lib\ticlang\m0p\mspm0g1x0x_g3x0x\</path>
         <kind>archive</kind>
         <file>driverlib.a</file>
         <name>dl_timer.o</name>
      </input_file>
      <input_file id="fl-1d">
         <path>C:\ti\mspm0_sdk_2_01_00_03\source\ti\driverlib\lib\ticlang\m0p\mspm0g1x0x_g3x0x\</path>
         <kind>archive</kind>
         <file>driverlib.a</file>
         <name>dl_uart.o</name>
      </input_file>
      <input_file id="fl-1e">
         <path>C:\ti\mspm0_sdk_2_01_00_03\source\ti\driverlib\lib\ticlang\m0p\mspm0g1x0x_g3x0x\</path>
         <kind>archive</kind>
         <file>driverlib.a</file>
         <name>dl_sysctl_mspm0g1x0x_g3x0x.o</name>
      </input_file>
      <input_file id="fl-2b">
         <path>C:\ti\ccs1250\ccs\tools\compiler\ti-cgt-armllvm_3.2.0.LTS\lib\armv6m-ti-none-eabi\c\</path>
         <kind>archive</kind>
         <file>libc.a</file>
         <name>sprintf.c.obj</name>
      </input_file>
      <input_file id="fl-2c">
         <path>C:\ti\ccs1250\ccs\tools\compiler\ti-cgt-armllvm_3.2.0.LTS\lib\armv6m-ti-none-eabi\c\</path>
         <kind>archive</kind>
         <file>libc.a</file>
         <name>boot_cortex_m.c.obj</name>
      </input_file>
      <input_file id="fl-2d">
         <path>C:\ti\ccs1250\ccs\tools\compiler\ti-cgt-armllvm_3.2.0.LTS\lib\armv6m-ti-none-eabi\c\</path>
         <kind>archive</kind>
         <file>libc.a</file>
         <name>mathacl_init.c.obj</name>
      </input_file>
      <input_file id="fl-2e">
         <path>C:\ti\ccs1250\ccs\tools\compiler\ti-cgt-armllvm_3.2.0.LTS\lib\armv6m-ti-none-eabi\c\</path>
         <kind>archive</kind>
         <file>libc.a</file>
         <name>autoinit.c.obj</name>
      </input_file>
      <input_file id="fl-2f">
         <path>C:\ti\ccs1250\ccs\tools\compiler\ti-cgt-armllvm_3.2.0.LTS\lib\armv6m-ti-none-eabi\c\</path>
         <kind>archive</kind>
         <file>libc.a</file>
         <name>pre_init.c.obj</name>
      </input_file>
      <input_file id="fl-30">
         <path>C:\ti\ccs1250\ccs\tools\compiler\ti-cgt-armllvm_3.2.0.LTS\lib\armv6m-ti-none-eabi\c\</path>
         <kind>archive</kind>
         <file>libc.a</file>
         <name>cpy_tbl.c.obj</name>
      </input_file>
      <input_file id="fl-31">
         <path>C:\ti\ccs1250\ccs\tools\compiler\ti-cgt-armllvm_3.2.0.LTS\lib\armv6m-ti-none-eabi\c\</path>
         <kind>archive</kind>
         <file>libc.a</file>
         <name>copy_zero_init.c.obj</name>
      </input_file>
      <input_file id="fl-32">
         <path>C:\ti\ccs1250\ccs\tools\compiler\ti-cgt-armllvm_3.2.0.LTS\lib\armv6m-ti-none-eabi\c\</path>
         <kind>archive</kind>
         <file>libc.a</file>
         <name>copy_decompress_none.c.obj</name>
      </input_file>
      <input_file id="fl-33">
         <path>C:\ti\ccs1250\ccs\tools\compiler\ti-cgt-armllvm_3.2.0.LTS\lib\armv6m-ti-none-eabi\c\</path>
         <kind>archive</kind>
         <file>libc.a</file>
         <name>copy_decompress_lzss.c.obj</name>
      </input_file>
      <input_file id="fl-34">
         <path>C:\ti\ccs1250\ccs\tools\compiler\ti-cgt-armllvm_3.2.0.LTS\lib\armv6m-ti-none-eabi\c\</path>
         <kind>archive</kind>
         <file>libc.a</file>
         <name>_printfi.c.obj</name>
      </input_file>
      <input_file id="fl-35">
         <path>C:\ti\ccs1250\ccs\tools\compiler\ti-cgt-armllvm_3.2.0.LTS\lib\armv6m-ti-none-eabi\c\</path>
         <kind>archive</kind>
         <file>libc.a</file>
         <name>wcslen.c.obj</name>
      </input_file>
      <input_file id="fl-36">
         <path>C:\ti\ccs1250\ccs\tools\compiler\ti-cgt-armllvm_3.2.0.LTS\lib\armv6m-ti-none-eabi\c\</path>
         <kind>archive</kind>
         <file>libc.a</file>
         <name>aeabi_portable.c.obj</name>
      </input_file>
      <input_file id="fl-37">
         <path>C:\ti\ccs1250\ccs\tools\compiler\ti-cgt-armllvm_3.2.0.LTS\lib\armv6m-ti-none-eabi\c\</path>
         <kind>archive</kind>
         <file>libc.a</file>
         <name>exit.c.obj</name>
      </input_file>
      <input_file id="fl-38">
         <path>C:\ti\ccs1250\ccs\tools\compiler\ti-cgt-armllvm_3.2.0.LTS\lib\armv6m-ti-none-eabi\c\</path>
         <kind>archive</kind>
         <file>libc.a</file>
         <name>_lock.c.obj</name>
      </input_file>
      <input_file id="fl-39">
         <path>C:\ti\ccs1250\ccs\tools\compiler\ti-cgt-armllvm_3.2.0.LTS\lib\armv6m-ti-none-eabi\c\</path>
         <kind>archive</kind>
         <file>libc.a</file>
         <name>_ltoa.c.obj</name>
      </input_file>
      <input_file id="fl-3a">
         <path>C:\ti\ccs1250\ccs\tools\compiler\ti-cgt-armllvm_3.2.0.LTS\lib\armv6m-ti-none-eabi\c\</path>
         <kind>archive</kind>
         <file>libc.a</file>
         <name>args_main.c.obj</name>
      </input_file>
      <input_file id="fl-3b">
         <path>C:\ti\ccs1250\ccs\tools\compiler\ti-cgt-armllvm_3.2.0.LTS\lib\armv6m-ti-none-eabi\c\</path>
         <kind>archive</kind>
         <file>libc.a</file>
         <name>assert.c.obj</name>
      </input_file>
      <input_file id="fl-3c">
         <path>C:\ti\ccs1250\ccs\tools\compiler\ti-cgt-armllvm_3.2.0.LTS\lib\armv6m-ti-none-eabi\c\</path>
         <kind>archive</kind>
         <file>libc.a</file>
         <name>atoi.c.obj</name>
      </input_file>
      <input_file id="fl-3d">
         <path>C:\ti\ccs1250\ccs\tools\compiler\ti-cgt-armllvm_3.2.0.LTS\lib\armv6m-ti-none-eabi\c\</path>
         <kind>archive</kind>
         <file>libc.a</file>
         <name>defs.c.obj</name>
      </input_file>
      <input_file id="fl-3e">
         <path>C:\ti\ccs1250\ccs\tools\compiler\ti-cgt-armllvm_3.2.0.LTS\lib\armv6m-ti-none-eabi\c\</path>
         <kind>archive</kind>
         <file>libc.a</file>
         <name>memccpy.c.obj</name>
      </input_file>
      <input_file id="fl-3f">
         <path>C:\ti\ccs1250\ccs\tools\compiler\ti-cgt-armllvm_3.2.0.LTS\lib\armv6m-ti-none-eabi\c\</path>
         <kind>archive</kind>
         <file>libc.a</file>
         <name>memory.c.obj</name>
      </input_file>
      <input_file id="fl-40">
         <path>C:\ti\ccs1250\ccs\tools\compiler\ti-cgt-armllvm_3.2.0.LTS\lib\armv6m-ti-none-eabi\c\</path>
         <kind>archive</kind>
         <file>libc.a</file>
         <name>s_frexp.c.obj</name>
      </input_file>
      <input_file id="fl-41">
         <path>C:\ti\ccs1250\ccs\tools\compiler\ti-cgt-armllvm_3.2.0.LTS\lib\armv6m-ti-none-eabi\c\</path>
         <kind>archive</kind>
         <file>libc.a</file>
         <name>s_scalbn.c.obj</name>
      </input_file>
      <input_file id="fl-42">
         <path>C:\ti\ccs1250\ccs\tools\compiler\ti-cgt-armllvm_3.2.0.LTS\lib\armv6m-ti-none-eabi\c\</path>
         <kind>archive</kind>
         <file>libc.a</file>
         <name>fflush.c.obj</name>
      </input_file>
      <input_file id="fl-43">
         <path>C:\ti\ccs1250\ccs\tools\compiler\ti-cgt-armllvm_3.2.0.LTS\lib\armv6m-ti-none-eabi\c\</path>
         <kind>archive</kind>
         <file>libc.a</file>
         <name>fputs.c.obj</name>
      </input_file>
      <input_file id="fl-44">
         <path>C:\ti\ccs1250\ccs\tools\compiler\ti-cgt-armllvm_3.2.0.LTS\lib\armv6m-ti-none-eabi\c\</path>
         <kind>archive</kind>
         <file>libc.a</file>
         <name>_io_perm.c.obj</name>
      </input_file>
      <input_file id="fl-45">
         <path>C:\ti\ccs1250\ccs\tools\compiler\ti-cgt-armllvm_3.2.0.LTS\lib\armv6m-ti-none-eabi\c\</path>
         <kind>archive</kind>
         <file>libc.a</file>
         <name>setvbuf.c.obj</name>
      </input_file>
      <input_file id="fl-46">
         <path>C:\ti\ccs1250\ccs\tools\compiler\ti-cgt-armllvm_3.2.0.LTS\lib\armv6m-ti-none-eabi\c\</path>
         <kind>archive</kind>
         <file>libc.a</file>
         <name>aeabi_ctype.S.obj</name>
      </input_file>
      <input_file id="fl-47">
         <path>C:\ti\ccs1250\ccs\tools\compiler\ti-cgt-armllvm_3.2.0.LTS\lib\armv6m-ti-none-eabi\c\</path>
         <kind>archive</kind>
         <file>libc.a</file>
         <name>fopen.c.obj</name>
      </input_file>
      <input_file id="fl-48">
         <path>C:\ti\ccs1250\ccs\tools\compiler\ti-cgt-armllvm_3.2.0.LTS\lib\armv6m-ti-none-eabi\c\</path>
         <kind>archive</kind>
         <file>libc.a</file>
         <name>fseek.c.obj</name>
      </input_file>
      <input_file id="fl-49">
         <path>C:\ti\ccs1250\ccs\tools\compiler\ti-cgt-armllvm_3.2.0.LTS\lib\armv6m-ti-none-eabi\c\</path>
         <kind>archive</kind>
         <file>libc.a</file>
         <name>fclose.c.obj</name>
      </input_file>
      <input_file id="fl-ad">
         <path>C:\ti\ccs1250\ccs\tools\compiler\ti-cgt-armllvm_3.2.0.LTS\lib\armv6m-ti-none-eabi\c\</path>
         <kind>archive</kind>
         <file>libsysbm.a</file>
         <name>write.c.obj</name>
      </input_file>
      <input_file id="fl-ae">
         <path>C:\ti\ccs1250\ccs\tools\compiler\ti-cgt-armllvm_3.2.0.LTS\lib\armv6m-ti-none-eabi\c\</path>
         <kind>archive</kind>
         <file>libsysbm.a</file>
         <name>host_device.c.obj</name>
      </input_file>
      <input_file id="fl-af">
         <path>C:\ti\ccs1250\ccs\tools\compiler\ti-cgt-armllvm_3.2.0.LTS\lib\armv6m-ti-none-eabi\c\</path>
         <kind>archive</kind>
         <file>libsysbm.a</file>
         <name>remove.c.obj</name>
      </input_file>
      <input_file id="fl-b0">
         <path>C:\ti\ccs1250\ccs\tools\compiler\ti-cgt-armllvm_3.2.0.LTS\lib\armv6m-ti-none-eabi\c\</path>
         <kind>archive</kind>
         <file>libsysbm.a</file>
         <name>open.c.obj</name>
      </input_file>
      <input_file id="fl-b1">
         <path>C:\ti\ccs1250\ccs\tools\compiler\ti-cgt-armllvm_3.2.0.LTS\lib\armv6m-ti-none-eabi\c\</path>
         <kind>archive</kind>
         <file>libsysbm.a</file>
         <name>lseek.c.obj</name>
      </input_file>
      <input_file id="fl-b2">
         <path>C:\ti\ccs1250\ccs\tools\compiler\ti-cgt-armllvm_3.2.0.LTS\lib\armv6m-ti-none-eabi\c\</path>
         <kind>archive</kind>
         <file>libsysbm.a</file>
         <name>close.c.obj</name>
      </input_file>
      <input_file id="fl-b3">
         <path>C:\ti\ccs1250\ccs\tools\compiler\ti-cgt-armllvm_3.2.0.LTS\lib\armv6m-ti-none-eabi\c\</path>
         <kind>archive</kind>
         <file>libsysbm.a</file>
         <name>unlink.c.obj</name>
      </input_file>
      <input_file id="fl-b4">
         <path>C:\ti\ccs1250\ccs\tools\compiler\ti-cgt-armllvm_3.2.0.LTS\lib\armv6m-ti-none-eabi\c\</path>
         <kind>archive</kind>
         <file>libsysbm.a</file>
         <name>hostclose.c.obj</name>
      </input_file>
      <input_file id="fl-b5">
         <path>C:\ti\ccs1250\ccs\tools\compiler\ti-cgt-armllvm_3.2.0.LTS\lib\armv6m-ti-none-eabi\c\</path>
         <kind>archive</kind>
         <file>libsysbm.a</file>
         <name>hostlseek.c.obj</name>
      </input_file>
      <input_file id="fl-b6">
         <path>C:\ti\ccs1250\ccs\tools\compiler\ti-cgt-armllvm_3.2.0.LTS\lib\armv6m-ti-none-eabi\c\</path>
         <kind>archive</kind>
         <file>libsysbm.a</file>
         <name>hostopen.c.obj</name>
      </input_file>
      <input_file id="fl-b7">
         <path>C:\ti\ccs1250\ccs\tools\compiler\ti-cgt-armllvm_3.2.0.LTS\lib\armv6m-ti-none-eabi\c\</path>
         <kind>archive</kind>
         <file>libsysbm.a</file>
         <name>hostread.c.obj</name>
      </input_file>
      <input_file id="fl-b8">
         <path>C:\ti\ccs1250\ccs\tools\compiler\ti-cgt-armllvm_3.2.0.LTS\lib\armv6m-ti-none-eabi\c\</path>
         <kind>archive</kind>
         <file>libsysbm.a</file>
         <name>hostrename.c.obj</name>
      </input_file>
      <input_file id="fl-b9">
         <path>C:\ti\ccs1250\ccs\tools\compiler\ti-cgt-armllvm_3.2.0.LTS\lib\armv6m-ti-none-eabi\c\</path>
         <kind>archive</kind>
         <file>libsysbm.a</file>
         <name>hostunlink.c.obj</name>
      </input_file>
      <input_file id="fl-ba">
         <path>C:\ti\ccs1250\ccs\tools\compiler\ti-cgt-armllvm_3.2.0.LTS\lib\armv6m-ti-none-eabi\c\</path>
         <kind>archive</kind>
         <file>libsysbm.a</file>
         <name>hostwrite.c.obj</name>
      </input_file>
      <input_file id="fl-bb">
         <path>C:\ti\ccs1250\ccs\tools\compiler\ti-cgt-armllvm_3.2.0.LTS\lib\armv6m-ti-none-eabi\c\</path>
         <kind>archive</kind>
         <file>libsysbm.a</file>
         <name>trgmsg.c.obj</name>
      </input_file>
      <input_file id="fl-bc">
         <path>C:\ti\ccs1250\ccs\tools\compiler\ti-cgt-armllvm_3.2.0.LTS\lib\clang\15.0.7\lib\armv6m-ti-none-eabi\</path>
         <kind>archive</kind>
         <file>libclang_rt.builtins.a</file>
         <name>addsf3.S.obj</name>
      </input_file>
      <input_file id="fl-bd">
         <path>C:\ti\ccs1250\ccs\tools\compiler\ti-cgt-armllvm_3.2.0.LTS\lib\clang\15.0.7\lib\armv6m-ti-none-eabi\</path>
         <kind>archive</kind>
         <file>libclang_rt.builtins.a</file>
         <name>adddf3.S.obj</name>
      </input_file>
      <input_file id="fl-be">
         <path>C:\ti\ccs1250\ccs\tools\compiler\ti-cgt-armllvm_3.2.0.LTS\lib\clang\15.0.7\lib\armv6m-ti-none-eabi\</path>
         <kind>archive</kind>
         <file>libclang_rt.builtins.a</file>
         <name>muldf3.S.obj</name>
      </input_file>
      <input_file id="fl-bf">
         <path>C:\ti\ccs1250\ccs\tools\compiler\ti-cgt-armllvm_3.2.0.LTS\lib\clang\15.0.7\lib\armv6m-ti-none-eabi\</path>
         <kind>archive</kind>
         <file>libclang_rt.builtins.a</file>
         <name>muldsi3.S.obj</name>
      </input_file>
      <input_file id="fl-c0">
         <path>C:\ti\ccs1250\ccs\tools\compiler\ti-cgt-armllvm_3.2.0.LTS\lib\clang\15.0.7\lib\armv6m-ti-none-eabi\</path>
         <kind>archive</kind>
         <file>libclang_rt.builtins.a</file>
         <name>mulsf3.S.obj</name>
      </input_file>
      <input_file id="fl-c1">
         <path>C:\ti\ccs1250\ccs\tools\compiler\ti-cgt-armllvm_3.2.0.LTS\lib\clang\15.0.7\lib\armv6m-ti-none-eabi\</path>
         <kind>archive</kind>
         <file>libclang_rt.builtins.a</file>
         <name>divsf3.S.obj</name>
      </input_file>
      <input_file id="fl-c2">
         <path>C:\ti\ccs1250\ccs\tools\compiler\ti-cgt-armllvm_3.2.0.LTS\lib\clang\15.0.7\lib\armv6m-ti-none-eabi\</path>
         <kind>archive</kind>
         <file>libclang_rt.builtins.a</file>
         <name>divdf3.S.obj</name>
      </input_file>
      <input_file id="fl-c3">
         <path>C:\ti\ccs1250\ccs\tools\compiler\ti-cgt-armllvm_3.2.0.LTS\lib\clang\15.0.7\lib\armv6m-ti-none-eabi\</path>
         <kind>archive</kind>
         <file>libclang_rt.builtins.a</file>
         <name>extendsfdf2.S.obj</name>
      </input_file>
      <input_file id="fl-c4">
         <path>C:\ti\ccs1250\ccs\tools\compiler\ti-cgt-armllvm_3.2.0.LTS\lib\clang\15.0.7\lib\armv6m-ti-none-eabi\</path>
         <kind>archive</kind>
         <file>libclang_rt.builtins.a</file>
         <name>fixdfsi.S.obj</name>
      </input_file>
      <input_file id="fl-c5">
         <path>C:\ti\ccs1250\ccs\tools\compiler\ti-cgt-armllvm_3.2.0.LTS\lib\clang\15.0.7\lib\armv6m-ti-none-eabi\</path>
         <kind>archive</kind>
         <file>libclang_rt.builtins.a</file>
         <name>fixsfsi.S.obj</name>
      </input_file>
      <input_file id="fl-c6">
         <path>C:\ti\ccs1250\ccs\tools\compiler\ti-cgt-armllvm_3.2.0.LTS\lib\clang\15.0.7\lib\armv6m-ti-none-eabi\</path>
         <kind>archive</kind>
         <file>libclang_rt.builtins.a</file>
         <name>floatsidf.S.obj</name>
      </input_file>
      <input_file id="fl-c7">
         <path>C:\ti\ccs1250\ccs\tools\compiler\ti-cgt-armllvm_3.2.0.LTS\lib\clang\15.0.7\lib\armv6m-ti-none-eabi\</path>
         <kind>archive</kind>
         <file>libclang_rt.builtins.a</file>
         <name>floatunsisf.S.obj</name>
      </input_file>
      <input_file id="fl-c8">
         <path>C:\ti\ccs1250\ccs\tools\compiler\ti-cgt-armllvm_3.2.0.LTS\lib\clang\15.0.7\lib\armv6m-ti-none-eabi\</path>
         <kind>archive</kind>
         <file>libclang_rt.builtins.a</file>
         <name>muldi3.S.obj</name>
      </input_file>
      <input_file id="fl-c9">
         <path>C:\ti\ccs1250\ccs\tools\compiler\ti-cgt-armllvm_3.2.0.LTS\lib\clang\15.0.7\lib\armv6m-ti-none-eabi\</path>
         <kind>archive</kind>
         <file>libclang_rt.builtins.a</file>
         <name>aeabi_dcmp.S.obj</name>
      </input_file>
      <input_file id="fl-ca">
         <path>C:\ti\ccs1250\ccs\tools\compiler\ti-cgt-armllvm_3.2.0.LTS\lib\clang\15.0.7\lib\armv6m-ti-none-eabi\</path>
         <kind>archive</kind>
         <file>libclang_rt.builtins.a</file>
         <name>aeabi_idivmod.S.obj</name>
      </input_file>
      <input_file id="fl-cb">
         <path>C:\ti\ccs1250\ccs\tools\compiler\ti-cgt-armllvm_3.2.0.LTS\lib\clang\15.0.7\lib\armv6m-ti-none-eabi\</path>
         <kind>archive</kind>
         <file>libclang_rt.builtins.a</file>
         <name>aeabi_memcpy.S.obj</name>
      </input_file>
      <input_file id="fl-cc">
         <path>C:\ti\ccs1250\ccs\tools\compiler\ti-cgt-armllvm_3.2.0.LTS\lib\clang\15.0.7\lib\armv6m-ti-none-eabi\</path>
         <kind>archive</kind>
         <file>libclang_rt.builtins.a</file>
         <name>aeabi_memset.S.obj</name>
      </input_file>
      <input_file id="fl-cd">
         <path>C:\ti\ccs1250\ccs\tools\compiler\ti-cgt-armllvm_3.2.0.LTS\lib\clang\15.0.7\lib\armv6m-ti-none-eabi\</path>
         <kind>archive</kind>
         <file>libclang_rt.builtins.a</file>
         <name>aeabi_uidivmod.S.obj</name>
      </input_file>
      <input_file id="fl-ce">
         <path>C:\ti\ccs1250\ccs\tools\compiler\ti-cgt-armllvm_3.2.0.LTS\lib\clang\15.0.7\lib\armv6m-ti-none-eabi\</path>
         <kind>archive</kind>
         <file>libclang_rt.builtins.a</file>
         <name>aeabi_uldivmod.S.obj</name>
      </input_file>
      <input_file id="fl-cf">
         <path>C:\ti\ccs1250\ccs\tools\compiler\ti-cgt-armllvm_3.2.0.LTS\lib\clang\15.0.7\lib\armv6m-ti-none-eabi\</path>
         <kind>archive</kind>
         <file>libclang_rt.builtins.a</file>
         <name>udivmoddi4.S.obj</name>
      </input_file>
      <input_file id="fl-d0">
         <path>C:\ti\ccs1250\ccs\tools\compiler\ti-cgt-armllvm_3.2.0.LTS\lib\clang\15.0.7\lib\armv6m-ti-none-eabi\</path>
         <kind>archive</kind>
         <file>libclang_rt.builtins.a</file>
         <name>ashldi3.S.obj</name>
      </input_file>
      <input_file id="fl-d1">
         <path>C:\ti\ccs1250\ccs\tools\compiler\ti-cgt-armllvm_3.2.0.LTS\lib\clang\15.0.7\lib\armv6m-ti-none-eabi\</path>
         <kind>archive</kind>
         <file>libclang_rt.builtins.a</file>
         <name>comparedf2.c.obj</name>
      </input_file>
      <input_file id="fl-d2">
         <path>C:\ti\ccs1250\ccs\tools\compiler\ti-cgt-armllvm_3.2.0.LTS\lib\clang\15.0.7\lib\armv6m-ti-none-eabi\</path>
         <kind>archive</kind>
         <file>libclang_rt.builtins.a</file>
         <name>aeabi_div0.c.obj</name>
      </input_file>
      <input_file id="fl-d3">
         <path>C:\ti\ccs1250\ccs\tools\compiler\ti-cgt-armllvm_3.2.0.LTS\lib\armv6m-ti-none-eabi\c\</path>
         <kind>archive</kind>
         <file>libc.a</file>
         <name>getdevice.c.obj</name>
      </input_file>
      <input_file id="fl-d4">
         <path>C:\ti\ccs1250\ccs\tools\compiler\ti-cgt-armllvm_3.2.0.LTS\lib\armv6m-ti-none-eabi\c\</path>
         <kind>archive</kind>
         <file>libc.a</file>
         <name>memcpy16.S.obj</name>
      </input_file>
      <input_file id="fl-d5">
         <path>C:\ti\ccs1250\ccs\tools\compiler\ti-cgt-armllvm_3.2.0.LTS\lib\armv6m-ti-none-eabi\c\</path>
         <kind>archive</kind>
         <file>libc.a</file>
         <name>memset16.S.obj</name>
      </input_file>
   </input_file_list>
   <object_component_list>
      <object_component id="oc-18">
         <name>.intvecs</name>
         <load_address>0x0</load_address>
         <readonly>true</readonly>
         <run_address>0x0</run_address>
         <size>0xc0</size>
         <alignment>0x4</alignment>
         <input_file_ref idref="fl-9"/>
      </object_component>
      <object_component id="oc-1cd">
         <name>.text:__TI_printfi</name>
         <load_address>0xc0</load_address>
         <readonly>true</readonly>
         <executable>true</executable>
         <run_address>0xc0</run_address>
         <size>0xa00</size>
         <alignment>0x4</alignment>
         <input_file_ref idref="fl-34"/>
      </object_component>
      <object_component id="oc-dd">
         <name>.text._Recorder_Execution</name>
         <load_address>0xac0</load_address>
         <readonly>true</readonly>
         <executable>true</executable>
         <run_address>0xac0</run_address>
         <size>0x380</size>
         <alignment>0x4</alignment>
         <input_file_ref idref="fl-2"/>
      </object_component>
      <object_component id="oc-75">
         <name>.text._CHRGR_Set_LED_Indicator</name>
         <load_address>0xe40</load_address>
         <readonly>true</readonly>
         <executable>true</executable>
         <run_address>0xe40</run_address>
         <size>0x30c</size>
         <alignment>0x4</alignment>
         <input_file_ref idref="fl-3"/>
      </object_component>
      <object_component id="oc-8d">
         <name>.text.main</name>
         <load_address>0x114c</load_address>
         <readonly>true</readonly>
         <executable>true</executable>
         <run_address>0x114c</run_address>
         <size>0x280</size>
         <alignment>0x4</alignment>
         <input_file_ref idref="fl-a"/>
      </object_component>
      <object_component id="oc-62">
         <name>.text._CHRGR_Manage_Charger_Operations_State</name>
         <load_address>0x13cc</load_address>
         <readonly>true</readonly>
         <executable>true</executable>
         <run_address>0x13cc</run_address>
         <size>0x23c</size>
         <alignment>0x4</alignment>
         <input_file_ref idref="fl-3"/>
      </object_component>
      <object_component id="oc-214">
         <name>.text._pconv_a</name>
         <load_address>0x1608</load_address>
         <readonly>true</readonly>
         <executable>true</executable>
         <run_address>0x1608</run_address>
         <size>0x220</size>
         <alignment>0x4</alignment>
         <input_file_ref idref="fl-34"/>
      </object_component>
      <object_component id="oc-d9">
         <name>.text._Recorder_Check</name>
         <load_address>0x1828</load_address>
         <readonly>true</readonly>
         <executable>true</executable>
         <run_address>0x1828</run_address>
         <size>0x200</size>
         <alignment>0x4</alignment>
         <input_file_ref idref="fl-2"/>
      </object_component>
      <object_component id="oc-217">
         <name>.text._pconv_g</name>
         <load_address>0x1a28</load_address>
         <readonly>true</readonly>
         <executable>true</executable>
         <run_address>0x1a28</run_address>
         <size>0x1dc</size>
         <alignment>0x4</alignment>
         <input_file_ref idref="fl-34"/>
      </object_component>
      <object_component id="oc-10a">
         <name>.text._CHRGR_Get_Charger_State</name>
         <load_address>0x1c04</load_address>
         <readonly>true</readonly>
         <executable>true</executable>
         <run_address>0x1c04</run_address>
         <size>0x1cc</size>
         <alignment>0x4</alignment>
         <input_file_ref idref="fl-3"/>
      </object_component>
      <object_component id="oc-106">
         <name>.text.adddf3_subdf3</name>
         <load_address>0x1dd0</load_address>
         <readonly>true</readonly>
         <executable>true</executable>
         <run_address>0x1dd0</run_address>
         <size>0x192</size>
         <alignment>0x4</alignment>
         <input_file_ref idref="fl-bd"/>
      </object_component>
      <object_component id="oc-33">
         <name>.text.Default_Handler</name>
         <load_address>0x1f62</load_address>
         <readonly>true</readonly>
         <executable>true</executable>
         <run_address>0x1f62</run_address>
         <size>0x2</size>
         <alignment>0x2</alignment>
         <input_file_ref idref="fl-9"/>
      </object_component>
      <object_component id="oc-5c">
         <name>.text._CHRGR_Lastest_Err_LED_Indicator</name>
         <load_address>0x1f64</load_address>
         <readonly>true</readonly>
         <executable>true</executable>
         <run_address>0x1f64</run_address>
         <size>0x180</size>
         <alignment>0x4</alignment>
         <input_file_ref idref="fl-3"/>
      </object_component>
      <object_component id="oc-34">
         <name>.text.TIMG0_IRQHandler</name>
         <load_address>0x20e4</load_address>
         <readonly>true</readonly>
         <executable>true</executable>
         <run_address>0x20e4</run_address>
         <size>0x160</size>
         <alignment>0x4</alignment>
         <input_file_ref idref="fl-a"/>
      </object_component>
      <object_component id="oc-1bf">
         <name>.text.DL_FlashCTL_unprotectSector</name>
         <load_address>0x2244</load_address>
         <readonly>true</readonly>
         <executable>true</executable>
         <run_address>0x2244</run_address>
         <size>0x15c</size>
         <alignment>0x4</alignment>
         <input_file_ref idref="fl-1b"/>
      </object_component>
      <object_component id="oc-ac">
         <name>.text._CTRL_getFxDfromVIDualLoopController</name>
         <load_address>0x23a0</load_address>
         <readonly>true</readonly>
         <executable>true</executable>
         <run_address>0x23a0</run_address>
         <size>0x13c</size>
         <alignment>0x4</alignment>
         <input_file_ref idref="fl-4"/>
      </object_component>
      <object_component id="oc-24b">
         <name>.text.fcvt</name>
         <load_address>0x24dc</load_address>
         <readonly>true</readonly>
         <executable>true</executable>
         <run_address>0x24dc</run_address>
         <size>0x13c</size>
         <alignment>0x4</alignment>
         <input_file_ref idref="fl-34"/>
      </object_component>
      <object_component id="oc-215">
         <name>.text._pconv_e</name>
         <load_address>0x2618</load_address>
         <readonly>true</readonly>
         <executable>true</executable>
         <run_address>0x2618</run_address>
         <size>0x120</size>
         <alignment>0x4</alignment>
         <input_file_ref idref="fl-34"/>
      </object_component>
      <object_component id="oc-1af">
         <name>.text.DL_Timer_initPWMMode</name>
         <load_address>0x2738</load_address>
         <readonly>true</readonly>
         <executable>true</executable>
         <run_address>0x2738</run_address>
         <size>0x110</size>
         <alignment>0x4</alignment>
         <input_file_ref idref="fl-1c"/>
      </object_component>
      <object_component id="oc-163">
         <name>.text._Write_Data_To_Flash</name>
         <load_address>0x2848</load_address>
         <readonly>true</readonly>
         <executable>true</executable>
         <run_address>0x2848</run_address>
         <size>0x10c</size>
         <alignment>0x4</alignment>
         <input_file_ref idref="fl-2"/>
      </object_component>
      <object_component id="oc-e5">
         <name>.text.__divdf3</name>
         <load_address>0x2954</load_address>
         <readonly>true</readonly>
         <executable>true</executable>
         <run_address>0x2954</run_address>
         <size>0x10c</size>
         <alignment>0x4</alignment>
         <input_file_ref idref="fl-c2"/>
      </object_component>
      <object_component id="oc-1b2">
         <name>.text.DL_Timer_initTimerMode</name>
         <load_address>0x2a60</load_address>
         <readonly>true</readonly>
         <executable>true</executable>
         <run_address>0x2a60</run_address>
         <size>0x100</size>
         <alignment>0x4</alignment>
         <input_file_ref idref="fl-1c"/>
      </object_component>
      <object_component id="oc-1a5">
         <name>.text.DL_SYSCTL_configSYSPLL</name>
         <load_address>0x2b60</load_address>
         <readonly>true</readonly>
         <executable>true</executable>
         <run_address>0x2b60</run_address>
         <size>0xec</size>
         <alignment>0x4</alignment>
         <input_file_ref idref="fl-1e"/>
      </object_component>
      <object_component id="oc-1a9">
         <name>.text.DL_TimerA_initPWMMode</name>
         <load_address>0x2c4c</load_address>
         <readonly>true</readonly>
         <executable>true</executable>
         <run_address>0x2c4c</run_address>
         <size>0xec</size>
         <alignment>0x4</alignment>
         <input_file_ref idref="fl-1c"/>
      </object_component>
      <object_component id="oc-102">
         <name>.text.__muldf3</name>
         <load_address>0x2d38</load_address>
         <readonly>true</readonly>
         <executable>true</executable>
         <run_address>0x2d38</run_address>
         <size>0xe4</size>
         <alignment>0x4</alignment>
         <input_file_ref idref="fl-be"/>
      </object_component>
      <object_component id="oc-23d">
         <name>.text.scalbn</name>
         <load_address>0x2e1c</load_address>
         <readonly>true</readonly>
         <executable>true</executable>
         <run_address>0x2e1c</run_address>
         <size>0xd8</size>
         <alignment>0x4</alignment>
         <input_file_ref idref="fl-41"/>
      </object_component>
      <object_component id="oc-152">
         <name>.text.SYSCFG_DL_PWM_0_init</name>
         <load_address>0x2ef4</load_address>
         <readonly>true</readonly>
         <executable>true</executable>
         <run_address>0x2ef4</run_address>
         <size>0xbc</size>
         <alignment>0x4</alignment>
         <input_file_ref idref="fl-8"/>
      </object_component>
      <object_component id="oc-164">
         <name>.text._Move_Data_From_Sector_to_Sector</name>
         <load_address>0x2fb0</load_address>
         <readonly>true</readonly>
         <executable>true</executable>
         <run_address>0x2fb0</run_address>
         <size>0xa4</size>
         <alignment>0x4</alignment>
         <input_file_ref idref="fl-2"/>
      </object_component>
      <object_component id="oc-22c">
         <name>.text</name>
         <load_address>0x3054</load_address>
         <readonly>true</readonly>
         <executable>true</executable>
         <run_address>0x3054</run_address>
         <size>0xa2</size>
         <alignment>0x4</alignment>
         <input_file_ref idref="fl-cf"/>
      </object_component>
      <object_component id="oc-16b">
         <name>.text.__aeabi_idiv0</name>
         <load_address>0x30f6</load_address>
         <readonly>true</readonly>
         <executable>true</executable>
         <run_address>0x30f6</run_address>
         <size>0x2</size>
         <alignment>0x2</alignment>
         <input_file_ref idref="fl-d2"/>
      </object_component>
      <object_component id="oc-66">
         <name>.text.HAL_setLEDsignals</name>
         <load_address>0x30f8</load_address>
         <readonly>true</readonly>
         <executable>true</executable>
         <run_address>0x30f8</run_address>
         <size>0xa0</size>
         <alignment>0x4</alignment>
         <input_file_ref idref="fl-7"/>
      </object_component>
      <object_component id="oc-cf">
         <name>.text:memcpy</name>
         <load_address>0x3198</load_address>
         <readonly>true</readonly>
         <executable>true</executable>
         <run_address>0x3198</run_address>
         <size>0x9a</size>
         <alignment>0x1</alignment>
         <input_file_ref idref="fl-d4"/>
      </object_component>
      <object_component id="oc-24d">
         <name>.text.__aeabi_ldiv0</name>
         <load_address>0x3232</load_address>
         <readonly>true</readonly>
         <executable>true</executable>
         <run_address>0x3232</run_address>
         <size>0x2</size>
         <alignment>0x2</alignment>
         <input_file_ref idref="fl-d2"/>
      </object_component>
      <object_component id="oc-de">
         <name>.text._Record_Data_Update</name>
         <load_address>0x3234</load_address>
         <readonly>true</readonly>
         <executable>true</executable>
         <run_address>0x3234</run_address>
         <size>0x98</size>
         <alignment>0x4</alignment>
         <input_file_ref idref="fl-2"/>
      </object_component>
      <object_component id="oc-156">
         <name>.text.SYSCFG_DL_UART_0_init</name>
         <load_address>0x32cc</load_address>
         <readonly>true</readonly>
         <executable>true</executable>
         <run_address>0x32cc</run_address>
         <size>0x8c</size>
         <alignment>0x4</alignment>
         <input_file_ref idref="fl-8"/>
      </object_component>
      <object_component id="oc-fa">
         <name>.text.__mulsf3</name>
         <load_address>0x3358</load_address>
         <readonly>true</readonly>
         <executable>true</executable>
         <run_address>0x3358</run_address>
         <size>0x8c</size>
         <alignment>0x4</alignment>
         <input_file_ref idref="fl-c0"/>
      </object_component>
      <object_component id="oc-137">
         <name>.text.__divsf3</name>
         <load_address>0x33e4</load_address>
         <readonly>true</readonly>
         <executable>true</executable>
         <run_address>0x33e4</run_address>
         <size>0x82</size>
         <alignment>0x4</alignment>
         <input_file_ref idref="fl-c1"/>
      </object_component>
      <object_component id="oc-a6">
         <name>.text._PRFL_lookup3StageCharging</name>
         <load_address>0x3468</load_address>
         <readonly>true</readonly>
         <executable>true</executable>
         <run_address>0x3468</run_address>
         <size>0x80</size>
         <alignment>0x4</alignment>
         <input_file_ref idref="fl-6"/>
      </object_component>
      <object_component id="oc-157">
         <name>.text.SYSCFG_DL_ADC12_0_init</name>
         <load_address>0x34e8</load_address>
         <readonly>true</readonly>
         <executable>true</executable>
         <run_address>0x34e8</run_address>
         <size>0x78</size>
         <alignment>0x4</alignment>
         <input_file_ref idref="fl-8"/>
      </object_component>
      <object_component id="oc-63">
         <name>.text._CHRGR_Execute_Charging_State</name>
         <load_address>0x3560</load_address>
         <readonly>true</readonly>
         <executable>true</executable>
         <run_address>0x3560</run_address>
         <size>0x78</size>
         <alignment>0x4</alignment>
         <input_file_ref idref="fl-3"/>
      </object_component>
      <object_component id="oc-1c">
         <name>.text:decompress:lzss</name>
         <load_address>0x35d8</load_address>
         <readonly>true</readonly>
         <executable>true</executable>
         <run_address>0x35d8</run_address>
         <size>0x78</size>
         <alignment>0x4</alignment>
         <input_file_ref idref="fl-33"/>
      </object_component>
      <object_component id="oc-14f">
         <name>.text.SYSCFG_DL_GPIO_init</name>
         <load_address>0x3650</load_address>
         <readonly>true</readonly>
         <executable>true</executable>
         <run_address>0x3650</run_address>
         <size>0x74</size>
         <alignment>0x4</alignment>
         <input_file_ref idref="fl-8"/>
      </object_component>
      <object_component id="oc-14e">
         <name>.text.SYSCFG_DL_initPower</name>
         <load_address>0x36c4</load_address>
         <readonly>true</readonly>
         <executable>true</executable>
         <run_address>0x36c4</run_address>
         <size>0x70</size>
         <alignment>0x4</alignment>
         <input_file_ref idref="fl-8"/>
      </object_component>
      <object_component id="oc-237">
         <name>.text.__gedf2</name>
         <load_address>0x3734</load_address>
         <readonly>true</readonly>
         <executable>true</executable>
         <run_address>0x3734</run_address>
         <size>0x70</size>
         <alignment>0x4</alignment>
         <input_file_ref idref="fl-d1"/>
      </object_component>
      <object_component id="oc-231">
         <name>.text.__ledf2</name>
         <load_address>0x37a4</load_address>
         <readonly>true</readonly>
         <executable>true</executable>
         <run_address>0x37a4</run_address>
         <size>0x6c</size>
         <alignment>0x4</alignment>
         <input_file_ref idref="fl-d1"/>
      </object_component>
      <object_component id="oc-74">
         <name>.text._CHRGR_Execute_Close_Loop</name>
         <load_address>0x3810</load_address>
         <readonly>true</readonly>
         <executable>true</executable>
         <run_address>0x3810</run_address>
         <size>0x68</size>
         <alignment>0x4</alignment>
         <input_file_ref idref="fl-3"/>
      </object_component>
      <object_component id="oc-249">
         <name>.text._mcpy</name>
         <load_address>0x3878</load_address>
         <readonly>true</readonly>
         <executable>true</executable>
         <run_address>0x3878</run_address>
         <size>0x66</size>
         <alignment>0x2</alignment>
         <input_file_ref idref="fl-34"/>
      </object_component>
      <object_component id="oc-210">
         <name>.text.__aeabi_dcmp</name>
         <load_address>0x38e0</load_address>
         <readonly>true</readonly>
         <executable>true</executable>
         <run_address>0x38e0</run_address>
         <size>0x62</size>
         <alignment>0x4</alignment>
         <input_file_ref idref="fl-c9"/>
      </object_component>
      <object_component id="oc-14d">
         <name>.text:memset</name>
         <load_address>0x3942</load_address>
         <readonly>true</readonly>
         <executable>true</executable>
         <run_address>0x3942</run_address>
         <size>0x62</size>
         <alignment>0x1</alignment>
         <input_file_ref idref="fl-d5"/>
      </object_component>
      <object_component id="oc-150">
         <name>.text.SYSCFG_DL_SYSCTL_init</name>
         <load_address>0x39a4</load_address>
         <readonly>true</readonly>
         <executable>true</executable>
         <run_address>0x39a4</run_address>
         <size>0x5c</size>
         <alignment>0x4</alignment>
         <input_file_ref idref="fl-8"/>
      </object_component>
      <object_component id="oc-239">
         <name>.text.frexp</name>
         <load_address>0x3a00</load_address>
         <readonly>true</readonly>
         <executable>true</executable>
         <run_address>0x3a00</run_address>
         <size>0x5c</size>
         <alignment>0x4</alignment>
         <input_file_ref idref="fl-40"/>
      </object_component>
      <object_component id="oc-153">
         <name>.text.SYSCFG_DL_FANPWM_init</name>
         <load_address>0x3a5c</load_address>
         <readonly>true</readonly>
         <executable>true</executable>
         <run_address>0x3a5c</run_address>
         <size>0x58</size>
         <alignment>0x4</alignment>
         <input_file_ref idref="fl-8"/>
      </object_component>
      <object_component id="oc-d4">
         <name>.text.SYSCFG_DL_init</name>
         <load_address>0x3ab4</load_address>
         <readonly>true</readonly>
         <executable>true</executable>
         <run_address>0x3ab4</run_address>
         <size>0x58</size>
         <alignment>0x4</alignment>
         <input_file_ref idref="fl-8"/>
      </object_component>
      <object_component id="oc-241">
         <name>.text.__TI_ltoa</name>
         <load_address>0x3b0c</load_address>
         <readonly>true</readonly>
         <executable>true</executable>
         <run_address>0x3b0c</run_address>
         <size>0x58</size>
         <alignment>0x2</alignment>
         <input_file_ref idref="fl-39"/>
      </object_component>
      <object_component id="oc-216">
         <name>.text._pconv_f</name>
         <load_address>0x3b64</load_address>
         <readonly>true</readonly>
         <executable>true</executable>
         <run_address>0x3b64</run_address>
         <size>0x58</size>
         <alignment>0x2</alignment>
         <input_file_ref idref="fl-34"/>
      </object_component>
      <object_component id="oc-f2">
         <name>.text.__aeabi_idivmod</name>
         <load_address>0x3bbc</load_address>
         <readonly>true</readonly>
         <executable>true</executable>
         <run_address>0x3bbc</run_address>
         <size>0x56</size>
         <alignment>0x4</alignment>
         <input_file_ref idref="fl-ca"/>
      </object_component>
      <object_component id="oc-218">
         <name>.text.DL_DMA_configTransfer</name>
         <load_address>0x3c12</load_address>
         <readonly>true</readonly>
         <executable>true</executable>
         <run_address>0x3c12</run_address>
         <size>0x54</size>
         <alignment>0x2</alignment>
         <input_file_ref idref="fl-1a"/>
      </object_component>
      <object_component id="oc-db">
         <name>.text.HAL_initSystem</name>
         <load_address>0x3c68</load_address>
         <readonly>true</readonly>
         <executable>true</executable>
         <run_address>0x3c68</run_address>
         <size>0x54</size>
         <alignment>0x4</alignment>
         <input_file_ref idref="fl-7"/>
      </object_component>
      <object_component id="oc-ab">
         <name>.text.PRFL_getTemperatureDeratingCurrent</name>
         <load_address>0x3cbc</load_address>
         <readonly>true</readonly>
         <executable>true</executable>
         <run_address>0x3cbc</run_address>
         <size>0x54</size>
         <alignment>0x4</alignment>
         <input_file_ref idref="fl-6"/>
      </object_component>
      <object_component id="oc-158">
         <name>.text.SYSCFG_DL_COMP_0_init</name>
         <load_address>0x3d10</load_address>
         <readonly>true</readonly>
         <executable>true</executable>
         <run_address>0x3d10</run_address>
         <size>0x54</size>
         <alignment>0x4</alignment>
         <input_file_ref idref="fl-8"/>
      </object_component>
      <object_component id="oc-154">
         <name>.text.SYSCFG_DL_ISRTIMER_init</name>
         <load_address>0x3d64</load_address>
         <readonly>true</readonly>
         <executable>true</executable>
         <run_address>0x3d64</run_address>
         <size>0x54</size>
         <alignment>0x4</alignment>
         <input_file_ref idref="fl-8"/>
      </object_component>
      <object_component id="oc-1ea">
         <name>.text.DL_FlashCTL_getFlashSectorNumberInBank</name>
         <load_address>0x3db8</load_address>
         <readonly>true</readonly>
         <executable>true</executable>
         <run_address>0x3db8</run_address>
         <size>0x52</size>
         <alignment>0x2</alignment>
         <input_file_ref idref="fl-1b"/>
      </object_component>
      <object_component id="oc-247">
         <name>.text._ecpy</name>
         <load_address>0x3e0a</load_address>
         <readonly>true</readonly>
         <executable>true</executable>
         <run_address>0x3e0a</run_address>
         <size>0x52</size>
         <alignment>0x2</alignment>
         <input_file_ref idref="fl-34"/>
      </object_component>
      <object_component id="oc-65">
         <name>.text._CHRGR_Execute_System_Stop</name>
         <load_address>0x3e5c</load_address>
         <readonly>true</readonly>
         <executable>true</executable>
         <run_address>0x3e5c</run_address>
         <size>0x50</size>
         <alignment>0x4</alignment>
         <input_file_ref idref="fl-3"/>
      </object_component>
      <object_component id="oc-1bb">
         <name>.text.DL_ADC12_setClockConfig</name>
         <load_address>0x3eac</load_address>
         <readonly>true</readonly>
         <executable>true</executable>
         <run_address>0x3eac</run_address>
         <size>0x4c</size>
         <alignment>0x4</alignment>
         <input_file_ref idref="fl-18"/>
      </object_component>
      <object_component id="oc-1a6">
         <name>.text.DL_SYSCTL_switchMCLKfromSYSOSCtoHSCLK</name>
         <load_address>0x3ef8</load_address>
         <readonly>true</readonly>
         <executable>true</executable>
         <run_address>0x3ef8</run_address>
         <size>0x4c</size>
         <alignment>0x4</alignment>
         <input_file_ref idref="fl-1e"/>
      </object_component>
      <object_component id="oc-1b8">
         <name>.text.DL_UART_init</name>
         <load_address>0x3f44</load_address>
         <readonly>true</readonly>
         <executable>true</executable>
         <run_address>0x3f44</run_address>
         <size>0x4c</size>
         <alignment>0x4</alignment>
         <input_file_ref idref="fl-1d"/>
      </object_component>
      <object_component id="oc-73">
         <name>.text._CHRGR_Execute_HandShake_State</name>
         <load_address>0x3f90</load_address>
         <readonly>true</readonly>
         <executable>true</executable>
         <run_address>0x3f90</run_address>
         <size>0x4c</size>
         <alignment>0x4</alignment>
         <input_file_ref idref="fl-3"/>
      </object_component>
      <object_component id="oc-19e">
         <name>.text.copy_in</name>
         <load_address>0x3fdc</load_address>
         <readonly>true</readonly>
         <executable>true</executable>
         <run_address>0x3fdc</run_address>
         <size>0x4c</size>
         <alignment>0x4</alignment>
         <input_file_ref idref="fl-30"/>
      </object_component>
      <object_component id="oc-129">
         <name>.text:__TI_auto_init_nopinit</name>
         <load_address>0x4028</load_address>
         <readonly>true</readonly>
         <executable>true</executable>
         <run_address>0x4028</run_address>
         <size>0x4c</size>
         <alignment>0x4</alignment>
         <input_file_ref idref="fl-2e"/>
      </object_component>
      <object_component id="oc-e9">
         <name>.text.__fixdfsi</name>
         <load_address>0x4074</load_address>
         <readonly>true</readonly>
         <executable>true</executable>
         <run_address>0x4074</run_address>
         <size>0x4a</size>
         <alignment>0x4</alignment>
         <input_file_ref idref="fl-c4"/>
      </object_component>
      <object_component id="oc-1e6">
         <name>.text.DL_DMA_initChannel</name>
         <load_address>0x40be</load_address>
         <readonly>true</readonly>
         <executable>true</executable>
         <run_address>0x40be</run_address>
         <size>0x46</size>
         <alignment>0x2</alignment>
         <input_file_ref idref="fl-1a"/>
      </object_component>
      <object_component id="oc-df">
         <name>.text.PRFL_getTemperatureDeratingFAN</name>
         <load_address>0x4104</load_address>
         <readonly>true</readonly>
         <executable>true</executable>
         <run_address>0x4104</run_address>
         <size>0x44</size>
         <alignment>0x4</alignment>
         <input_file_ref idref="fl-6"/>
      </object_component>
      <object_component id="oc-1aa">
         <name>.text.DL_Timer_setCaptureCompareOutCtl</name>
         <load_address>0x4148</load_address>
         <readonly>true</readonly>
         <executable>true</executable>
         <run_address>0x4148</run_address>
         <size>0x40</size>
         <alignment>0x4</alignment>
         <input_file_ref idref="fl-1c"/>
      </object_component>
      <object_component id="oc-b9">
         <name>.text.HAL_setPFM</name>
         <load_address>0x4188</load_address>
         <readonly>true</readonly>
         <executable>true</executable>
         <run_address>0x4188</run_address>
         <size>0x40</size>
         <alignment>0x4</alignment>
         <input_file_ref idref="fl-7"/>
      </object_component>
      <object_component id="oc-64">
         <name>.text._CHRGR_Execute_Battery_Check_State</name>
         <load_address>0x41c8</load_address>
         <readonly>true</readonly>
         <executable>true</executable>
         <run_address>0x41c8</run_address>
         <size>0x40</size>
         <alignment>0x4</alignment>
         <input_file_ref idref="fl-3"/>
      </object_component>
      <object_component id="oc-ee">
         <name>.text.__aeabi_uidivmod</name>
         <load_address>0x4208</load_address>
         <readonly>true</readonly>
         <executable>true</executable>
         <run_address>0x4208</run_address>
         <size>0x40</size>
         <alignment>0x4</alignment>
         <input_file_ref idref="fl-cd"/>
      </object_component>
      <object_component id="oc-fe">
         <name>.text.__extendsfdf2</name>
         <load_address>0x4248</load_address>
         <readonly>true</readonly>
         <executable>true</executable>
         <run_address>0x4248</run_address>
         <size>0x40</size>
         <alignment>0x4</alignment>
         <input_file_ref idref="fl-c3"/>
      </object_component>
      <object_component id="oc-1fa">
         <name>.text.atoi</name>
         <load_address>0x4288</load_address>
         <readonly>true</readonly>
         <executable>true</executable>
         <run_address>0x4288</run_address>
         <size>0x40</size>
         <alignment>0x4</alignment>
         <input_file_ref idref="fl-3c"/>
      </object_component>
      <object_component id="oc-1eb">
         <name>.text.DL_FactoryRegion_getNumBanks</name>
         <load_address>0x42c8</load_address>
         <readonly>true</readonly>
         <executable>true</executable>
         <run_address>0x42c8</run_address>
         <size>0x3c</size>
         <alignment>0x4</alignment>
         <input_file_ref idref="fl-1b"/>
      </object_component>
      <object_component id="oc-1de">
         <name>.text.DL_Timer_setCaptureCompareCtl</name>
         <load_address>0x4304</load_address>
         <readonly>true</readonly>
         <executable>true</executable>
         <run_address>0x4304</run_address>
         <size>0x3c</size>
         <alignment>0x4</alignment>
         <input_file_ref idref="fl-1c"/>
      </object_component>
      <object_component id="oc-173">
         <name>.text.__muldsi3</name>
         <load_address>0x4340</load_address>
         <readonly>true</readonly>
         <executable>true</executable>
         <run_address>0x4340</run_address>
         <size>0x3a</size>
         <alignment>0x4</alignment>
         <input_file_ref idref="fl-bf"/>
      </object_component>
      <object_component id="oc-219">
         <name>.text.DL_DMA_setTrigger</name>
         <load_address>0x437c</load_address>
         <readonly>true</readonly>
         <executable>true</executable>
         <run_address>0x437c</run_address>
         <size>0x38</size>
         <alignment>0x4</alignment>
         <input_file_ref idref="fl-1a"/>
      </object_component>
      <object_component id="oc-1ec">
         <name>.text.DL_FactoryRegion_getMAINFlashSize</name>
         <load_address>0x43b4</load_address>
         <readonly>true</readonly>
         <executable>true</executable>
         <run_address>0x43b4</run_address>
         <size>0x38</size>
         <alignment>0x4</alignment>
         <input_file_ref idref="fl-1b"/>
      </object_component>
      <object_component id="oc-1ee">
         <name>.text.DL_FlashCTL_programMemory64Config</name>
         <load_address>0x43ec</load_address>
         <readonly>true</readonly>
         <executable>true</executable>
         <run_address>0x43ec</run_address>
         <size>0x38</size>
         <alignment>0x4</alignment>
         <input_file_ref idref="fl-1b"/>
      </object_component>
      <object_component id="oc-a0">
         <name>.text.Waiting</name>
         <load_address>0x4424</load_address>
         <readonly>true</readonly>
         <executable>true</executable>
         <run_address>0x4424</run_address>
         <size>0x38</size>
         <alignment>0x4</alignment>
         <input_file_ref idref="fl-1"/>
      </object_component>
      <object_component id="oc-6c">
         <name>.text._CTRL_Reset_Dual_Controller</name>
         <load_address>0x445c</load_address>
         <readonly>true</readonly>
         <executable>true</executable>
         <run_address>0x445c</run_address>
         <size>0x38</size>
         <alignment>0x4</alignment>
         <input_file_ref idref="fl-4"/>
      </object_component>
      <object_component id="oc-13b">
         <name>.text.__fixsfsi</name>
         <load_address>0x4494</load_address>
         <readonly>true</readonly>
         <executable>true</executable>
         <run_address>0x4494</run_address>
         <size>0x38</size>
         <alignment>0x4</alignment>
         <input_file_ref idref="fl-c5"/>
      </object_component>
      <object_component id="oc-10b">
         <name>.text.sprintf</name>
         <load_address>0x44cc</load_address>
         <readonly>true</readonly>
         <executable>true</executable>
         <run_address>0x44cc</run_address>
         <size>0x38</size>
         <alignment>0x4</alignment>
         <input_file_ref idref="fl-2b"/>
      </object_component>
      <object_component id="oc-1ab">
         <name>.text.DL_Timer_setCaptCompUpdateMethod</name>
         <load_address>0x4504</load_address>
         <readonly>true</readonly>
         <executable>true</executable>
         <run_address>0x4504</run_address>
         <size>0x34</size>
         <alignment>0x4</alignment>
         <input_file_ref idref="fl-1c"/>
      </object_component>
      <object_component id="oc-1dd">
         <name>.text.DL_Timer_setCaptureCompareAction</name>
         <load_address>0x4538</load_address>
         <readonly>true</readonly>
         <executable>true</executable>
         <run_address>0x4538</run_address>
         <size>0x34</size>
         <alignment>0x4</alignment>
         <input_file_ref idref="fl-1c"/>
      </object_component>
      <object_component id="oc-1df">
         <name>.text.DL_Timer_setCaptureCompareInput</name>
         <load_address>0x456c</load_address>
         <readonly>true</readonly>
         <executable>true</executable>
         <run_address>0x456c</run_address>
         <size>0x34</size>
         <alignment>0x2</alignment>
         <input_file_ref idref="fl-1c"/>
      </object_component>
      <object_component id="oc-1a8">
         <name>.text.DL_Timer_setClockConfig</name>
         <load_address>0x45a0</load_address>
         <readonly>true</readonly>
         <executable>true</executable>
         <run_address>0x45a0</run_address>
         <size>0x34</size>
         <alignment>0x4</alignment>
         <input_file_ref idref="fl-1c"/>
      </object_component>
      <object_component id="oc-1ac">
         <name>.text.DL_Timer_setFaultSourceConfig</name>
         <load_address>0x45d4</load_address>
         <readonly>true</readonly>
         <executable>true</executable>
         <run_address>0x45d4</run_address>
         <size>0x34</size>
         <alignment>0x4</alignment>
         <input_file_ref idref="fl-1c"/>
      </object_component>
      <object_component id="oc-1c1">
         <name>.text.DL_FlashCTL_eraseMemoryFromRAM</name>
         <load_address>0x4608</load_address>
         <readonly>true</readonly>
         <executable>true</executable>
         <run_address>0x4608</run_address>
         <size>0x30</size>
         <alignment>0x4</alignment>
         <input_file_ref idref="fl-1b"/>
      </object_component>
      <object_component id="oc-2a6">
         <name>.tramp.DL_FlashCTL_executeCommandFromRAM.1</name>
         <load_address>0x4638</load_address>
         <readonly>true</readonly>
         <executable>true</executable>
         <run_address>0x4638</run_address>
         <size>0x10</size>
         <alignment>0x4</alignment>
         <input_file_ref idref="fl-1b"/>
      </object_component>
      <object_component id="oc-21c">
         <name>.text.DL_FlashCTL_programMemoryConfig</name>
         <load_address>0x4648</load_address>
         <readonly>true</readonly>
         <executable>true</executable>
         <run_address>0x4648</run_address>
         <size>0x30</size>
         <alignment>0x4</alignment>
         <input_file_ref idref="fl-1b"/>
      </object_component>
      <object_component id="oc-248">
         <name>.text._fcpy</name>
         <load_address>0x4678</load_address>
         <readonly>true</readonly>
         <executable>true</executable>
         <run_address>0x4678</run_address>
         <size>0x30</size>
         <alignment>0x2</alignment>
         <input_file_ref idref="fl-34"/>
      </object_component>
      <object_component id="oc-e0">
         <name>.text.DL_Timer_setCaptureCompareValue</name>
         <load_address>0x46a8</load_address>
         <readonly>true</readonly>
         <executable>true</executable>
         <run_address>0x46a8</run_address>
         <size>0x2c</size>
         <alignment>0x4</alignment>
         <input_file_ref idref="fl-1c"/>
      </object_component>
      <object_component id="oc-b2">
         <name>.text.HAL_setPFWM</name>
         <load_address>0x46d4</load_address>
         <readonly>true</readonly>
         <executable>true</executable>
         <run_address>0x46d4</run_address>
         <size>0x2c</size>
         <alignment>0x4</alignment>
         <input_file_ref idref="fl-7"/>
      </object_component>
      <object_component id="oc-155">
         <name>.text.SYSCFG_DL_MACHINECYCLETIMER_init</name>
         <load_address>0x4700</load_address>
         <readonly>true</readonly>
         <executable>true</executable>
         <run_address>0x4700</run_address>
         <size>0x2c</size>
         <alignment>0x4</alignment>
         <input_file_ref idref="fl-8"/>
      </object_component>
      <object_component id="oc-e1">
         <name>.text.__floatsidf</name>
         <load_address>0x472c</load_address>
         <readonly>true</readonly>
         <executable>true</executable>
         <run_address>0x472c</run_address>
         <size>0x2c</size>
         <alignment>0x4</alignment>
         <input_file_ref idref="fl-c6"/>
      </object_component>
      <object_component id="oc-1e5">
         <name>.text.DL_Common_updateReg</name>
         <load_address>0x4758</load_address>
         <readonly>true</readonly>
         <executable>true</executable>
         <run_address>0x4758</run_address>
         <size>0x28</size>
         <alignment>0x2</alignment>
         <input_file_ref idref="fl-18"/>
      </object_component>
      <object_component id="oc-24c">
         <name>.text.DL_Common_updateReg</name>
         <load_address>0x4780</load_address>
         <readonly>true</readonly>
         <executable>true</executable>
         <run_address>0x4780</run_address>
         <size>0x28</size>
         <alignment>0x2</alignment>
         <input_file_ref idref="fl-1a"/>
      </object_component>
      <object_component id="oc-1d9">
         <name>.text.DL_Common_updateReg</name>
         <load_address>0x47a8</load_address>
         <readonly>true</readonly>
         <executable>true</executable>
         <run_address>0x47a8</run_address>
         <size>0x28</size>
         <alignment>0x2</alignment>
         <input_file_ref idref="fl-1e"/>
      </object_component>
      <object_component id="oc-1e0">
         <name>.text.DL_Common_updateReg</name>
         <load_address>0x47d0</load_address>
         <readonly>true</readonly>
         <executable>true</executable>
         <run_address>0x47d0</run_address>
         <size>0x28</size>
         <alignment>0x2</alignment>
         <input_file_ref idref="fl-1c"/>
      </object_component>
      <object_component id="oc-1e4">
         <name>.text.DL_Common_updateReg</name>
         <load_address>0x47f8</load_address>
         <readonly>true</readonly>
         <executable>true</executable>
         <run_address>0x47f8</run_address>
         <size>0x28</size>
         <alignment>0x2</alignment>
         <input_file_ref idref="fl-1d"/>
      </object_component>
      <object_component id="oc-ed">
         <name>.text.DL_Timer_getCaptureCompareValue</name>
         <load_address>0x4820</load_address>
         <readonly>true</readonly>
         <executable>true</executable>
         <run_address>0x4820</run_address>
         <size>0x28</size>
         <alignment>0x4</alignment>
         <input_file_ref idref="fl-1c"/>
      </object_component>
      <object_component id="oc-98">
         <name>.text.Delay_100us</name>
         <load_address>0x4848</load_address>
         <readonly>true</readonly>
         <executable>true</executable>
         <run_address>0x4848</run_address>
         <size>0x28</size>
         <alignment>0x4</alignment>
         <input_file_ref idref="fl-1"/>
      </object_component>
      <object_component id="oc-72">
         <name>.text._CHRGR_Execute_Soft_Start_State</name>
         <load_address>0x4870</load_address>
         <readonly>true</readonly>
         <executable>true</executable>
         <run_address>0x4870</run_address>
         <size>0x28</size>
         <alignment>0x4</alignment>
         <input_file_ref idref="fl-3"/>
      </object_component>
      <object_component id="oc-f6">
         <name>.text.__floatunsisf</name>
         <load_address>0x4898</load_address>
         <readonly>true</readonly>
         <executable>true</executable>
         <run_address>0x4898</run_address>
         <size>0x28</size>
         <alignment>0x4</alignment>
         <input_file_ref idref="fl-c7"/>
      </object_component>
      <object_component id="oc-55">
         <name>.text:_c_int00_noargs</name>
         <load_address>0x48c0</load_address>
         <readonly>true</readonly>
         <executable>true</executable>
         <run_address>0x48c0</run_address>
         <size>0x28</size>
         <alignment>0x4</alignment>
         <input_file_ref idref="fl-2c"/>
      </object_component>
      <object_component id="oc-1c0">
         <name>.text.DL_FlashCTL_programMemoryFromRAM64WithECCGenerated</name>
         <load_address>0x48e8</load_address>
         <readonly>true</readonly>
         <executable>true</executable>
         <run_address>0x48e8</run_address>
         <size>0x24</size>
         <alignment>0x4</alignment>
         <input_file_ref idref="fl-1b"/>
      </object_component>
      <object_component id="oc-1b7">
         <name>.text.DL_UART_setClockConfig</name>
         <load_address>0x490c</load_address>
         <readonly>true</readonly>
         <executable>true</executable>
         <run_address>0x490c</run_address>
         <size>0x24</size>
         <alignment>0x4</alignment>
         <input_file_ref idref="fl-1d"/>
      </object_component>
      <object_component id="oc-207">
         <name>.text.__muldi3</name>
         <load_address>0x4930</load_address>
         <readonly>true</readonly>
         <executable>true</executable>
         <run_address>0x4930</run_address>
         <size>0x24</size>
         <alignment>0x4</alignment>
         <input_file_ref idref="fl-c8"/>
      </object_component>
      <object_component id="oc-1f3">
         <name>.text.memccpy</name>
         <load_address>0x4954</load_address>
         <readonly>true</readonly>
         <executable>true</executable>
         <run_address>0x4954</run_address>
         <size>0x22</size>
         <alignment>0x2</alignment>
         <input_file_ref idref="fl-3e"/>
      </object_component>
      <object_component id="oc-21b">
         <name>.text.DL_CORE_configInstruction</name>
         <load_address>0x4978</load_address>
         <readonly>true</readonly>
         <executable>true</executable>
         <run_address>0x4978</run_address>
         <size>0x20</size>
         <alignment>0x4</alignment>
         <input_file_ref idref="fl-1b"/>
      </object_component>
      <object_component id="oc-1db">
         <name>.text.DL_CORE_configInstruction</name>
         <load_address>0x4998</load_address>
         <readonly>true</readonly>
         <executable>true</executable>
         <run_address>0x4998</run_address>
         <size>0x20</size>
         <alignment>0x4</alignment>
         <input_file_ref idref="fl-1e"/>
      </object_component>
      <object_component id="oc-1e2">
         <name>.text.DL_Timer_setCounterValueAfterEnable</name>
         <load_address>0x49b8</load_address>
         <readonly>true</readonly>
         <executable>true</executable>
         <run_address>0x49b8</run_address>
         <size>0x20</size>
         <alignment>0x4</alignment>
         <input_file_ref idref="fl-1c"/>
      </object_component>
      <object_component id="oc-24e">
         <name>.text.__ashldi3</name>
         <load_address>0x49d8</load_address>
         <readonly>true</readonly>
         <executable>true</executable>
         <run_address>0x49d8</run_address>
         <size>0x1e</size>
         <alignment>0x4</alignment>
         <input_file_ref idref="fl-d0"/>
      </object_component>
      <object_component id="oc-dc">
         <name>.text.HAL_receiveUARTMessage</name>
         <load_address>0x49f8</load_address>
         <readonly>true</readonly>
         <executable>true</executable>
         <run_address>0x49f8</run_address>
         <size>0x1c</size>
         <alignment>0x4</alignment>
         <input_file_ref idref="fl-7"/>
      </object_component>
      <object_component id="oc-111">
         <name>.text.HAL_transmitUARTMessage</name>
         <load_address>0x4a14</load_address>
         <readonly>true</readonly>
         <executable>true</executable>
         <run_address>0x4a14</run_address>
         <size>0x1c</size>
         <alignment>0x4</alignment>
         <input_file_ref idref="fl-7"/>
      </object_component>
      <object_component id="oc-1dc">
         <name>.text.DL_SYSCTL_setHSCLKSource</name>
         <load_address>0x4a30</load_address>
         <readonly>true</readonly>
         <executable>true</executable>
         <run_address>0x4a30</run_address>
         <size>0x18</size>
         <alignment>0x4</alignment>
         <input_file_ref idref="fl-1e"/>
      </object_component>
      <object_component id="oc-1e1">
         <name>.text.DL_Timer_setLoadValue</name>
         <load_address>0x4a48</load_address>
         <readonly>true</readonly>
         <executable>true</executable>
         <run_address>0x4a48</run_address>
         <size>0x18</size>
         <alignment>0x4</alignment>
         <input_file_ref idref="fl-1c"/>
      </object_component>
      <object_component id="oc-1bd">
         <name>.text.SYSCFG_DL_DMA_CH_RX_init</name>
         <load_address>0x4a60</load_address>
         <readonly>true</readonly>
         <executable>true</executable>
         <run_address>0x4a60</run_address>
         <size>0x18</size>
         <alignment>0x4</alignment>
         <input_file_ref idref="fl-8"/>
      </object_component>
      <object_component id="oc-1be">
         <name>.text.SYSCFG_DL_DMA_CH_TX_init</name>
         <load_address>0x4a78</load_address>
         <readonly>true</readonly>
         <executable>true</executable>
         <run_address>0x4a78</run_address>
         <size>0x18</size>
         <alignment>0x4</alignment>
         <input_file_ref idref="fl-8"/>
      </object_component>
      <object_component id="oc-192">
         <name>.text._outs</name>
         <load_address>0x4a90</load_address>
         <readonly>true</readonly>
         <executable>true</executable>
         <run_address>0x4a90</run_address>
         <size>0x18</size>
         <alignment>0x2</alignment>
         <input_file_ref idref="fl-2b"/>
      </object_component>
      <object_component id="oc-1e3">
         <name>.text.DL_UART_disable</name>
         <load_address>0x4aa8</load_address>
         <readonly>true</readonly>
         <executable>true</executable>
         <run_address>0x4aa8</run_address>
         <size>0x16</size>
         <alignment>0x2</alignment>
         <input_file_ref idref="fl-1d"/>
      </object_component>
      <object_component id="oc-4c">
         <name>.text:decompress:ZI:__TI_zero_init_nomemset</name>
         <load_address>0x4abe</load_address>
         <readonly>true</readonly>
         <executable>true</executable>
         <run_address>0x4abe</run_address>
         <size>0x16</size>
         <alignment>0x2</alignment>
         <input_file_ref idref="fl-31"/>
      </object_component>
      <object_component id="oc-160">
         <name>.text.DL_Common_delayCycles</name>
         <load_address>0x4ad4</load_address>
         <readonly>true</readonly>
         <executable>true</executable>
         <run_address>0x4ad4</run_address>
         <size>0x14</size>
         <alignment>0x2</alignment>
         <input_file_ref idref="fl-19"/>
      </object_component>
      <object_component id="oc-1f0">
         <name>.text.DL_FlashCTL_setCommandAddress</name>
         <load_address>0x4ae8</load_address>
         <readonly>true</readonly>
         <executable>true</executable>
         <run_address>0x4ae8</run_address>
         <size>0x14</size>
         <alignment>0x2</alignment>
         <input_file_ref idref="fl-1b"/>
      </object_component>
      <object_component id="oc-1d7">
         <name>.text.DL_SYSCTL_disableSYSPLL</name>
         <load_address>0x4afc</load_address>
         <readonly>true</readonly>
         <executable>true</executable>
         <run_address>0x4afc</run_address>
         <size>0x14</size>
         <alignment>0x4</alignment>
         <input_file_ref idref="fl-1e"/>
      </object_component>
      <object_component id="oc-20c">
         <name>.text.__aeabi_uldivmod</name>
         <load_address>0x4b10</load_address>
         <readonly>true</readonly>
         <executable>true</executable>
         <run_address>0x4b10</run_address>
         <size>0x14</size>
         <alignment>0x4</alignment>
         <input_file_ref idref="fl-ce"/>
      </object_component>
      <object_component id="oc-246">
         <name>.text.strchr</name>
         <load_address>0x4b24</load_address>
         <readonly>true</readonly>
         <executable>true</executable>
         <run_address>0x4b24</run_address>
         <size>0x14</size>
         <alignment>0x2</alignment>
         <input_file_ref idref="fl-34"/>
      </object_component>
      <object_component id="oc-20">
         <name>.text:decompress:none</name>
         <load_address>0x4b38</load_address>
         <readonly>true</readonly>
         <executable>true</executable>
         <run_address>0x4b38</run_address>
         <size>0x12</size>
         <alignment>0x2</alignment>
         <input_file_ref idref="fl-32"/>
      </object_component>
      <object_component id="oc-21a">
         <name>.text.DL_CORE_getInstructionConfig</name>
         <load_address>0x4b4c</load_address>
         <readonly>true</readonly>
         <executable>true</executable>
         <run_address>0x4b4c</run_address>
         <size>0x10</size>
         <alignment>0x4</alignment>
         <input_file_ref idref="fl-1b"/>
      </object_component>
      <object_component id="oc-1da">
         <name>.text.DL_CORE_getInstructionConfig</name>
         <load_address>0x4b5c</load_address>
         <readonly>true</readonly>
         <executable>true</executable>
         <run_address>0x4b5c</run_address>
         <size>0x10</size>
         <alignment>0x4</alignment>
         <input_file_ref idref="fl-1e"/>
      </object_component>
      <object_component id="oc-1fe">
         <name>.text.wcslen</name>
         <load_address>0x4b6c</load_address>
         <readonly>true</readonly>
         <executable>true</executable>
         <run_address>0x4b6c</run_address>
         <size>0x10</size>
         <alignment>0x2</alignment>
         <input_file_ref idref="fl-35"/>
      </object_component>
      <object_component id="oc-1e9">
         <name>.text.DL_FlashCTL_getFlashSectorNumber</name>
         <load_address>0x4b7c</load_address>
         <readonly>true</readonly>
         <executable>true</executable>
         <run_address>0x4b7c</run_address>
         <size>0xe</size>
         <alignment>0x2</alignment>
         <input_file_ref idref="fl-1b"/>
      </object_component>
      <object_component id="oc-1f2">
         <name>.text.__aeabi_memset</name>
         <load_address>0x4b8c</load_address>
         <readonly>true</readonly>
         <executable>true</executable>
         <run_address>0x4b8c</run_address>
         <size>0xe</size>
         <alignment>0x4</alignment>
         <input_file_ref idref="fl-cc"/>
      </object_component>
      <object_component id="oc-1f1">
         <name>.text.strlen</name>
         <load_address>0x4b9a</load_address>
         <readonly>true</readonly>
         <executable>true</executable>
         <run_address>0x4b9a</run_address>
         <size>0xe</size>
         <alignment>0x2</alignment>
         <input_file_ref idref="fl-34"/>
      </object_component>
      <object_component id="oc-1d8">
         <name>.text.DL_SYSCTL_getClockStatus</name>
         <load_address>0x4ba8</load_address>
         <readonly>true</readonly>
         <executable>true</executable>
         <run_address>0x4ba8</run_address>
         <size>0xc</size>
         <alignment>0x4</alignment>
         <input_file_ref idref="fl-1e"/>
      </object_component>
      <object_component id="oc-159">
         <name>.text.SYSCFG_DL_DMA_init</name>
         <load_address>0x4bb4</load_address>
         <readonly>true</readonly>
         <executable>true</executable>
         <run_address>0x4bb4</run_address>
         <size>0xc</size>
         <alignment>0x2</alignment>
         <input_file_ref idref="fl-8"/>
      </object_component>
      <object_component id="oc-140">
         <name>.text._CTRL_Get_Ramp_Up_Value</name>
         <load_address>0x4bc0</load_address>
         <readonly>true</readonly>
         <executable>true</executable>
         <run_address>0x4bc0</run_address>
         <size>0xc</size>
         <alignment>0x2</alignment>
         <input_file_ref idref="fl-4"/>
      </object_component>
      <object_component id="oc-245">
         <name>.text.OUTLINED_FUNCTION_0</name>
         <load_address>0x4bcc</load_address>
         <readonly>true</readonly>
         <executable>true</executable>
         <run_address>0x4bcc</run_address>
         <size>0xa</size>
         <alignment>0x2</alignment>
         <input_file_ref idref="fl-34"/>
      </object_component>
      <object_component id="oc-2a7">
         <name>.tramp.__aeabi_dsub.1</name>
         <load_address>0x4bd8</load_address>
         <readonly>true</readonly>
         <executable>true</executable>
         <run_address>0x4bd8</run_address>
         <size>0x10</size>
         <alignment>0x4</alignment>
         <input_file_ref idref="fl-bd"/>
      </object_component>
      <object_component id="oc-24a">
         <name>.text.OUTLINED_FUNCTION_1</name>
         <load_address>0x4be8</load_address>
         <readonly>true</readonly>
         <executable>true</executable>
         <run_address>0x4be8</run_address>
         <size>0xa</size>
         <alignment>0x2</alignment>
         <input_file_ref idref="fl-34"/>
      </object_component>
      <object_component id="oc-193">
         <name>.text._outc</name>
         <load_address>0x4bf2</load_address>
         <readonly>true</readonly>
         <executable>true</executable>
         <run_address>0x4bf2</run_address>
         <size>0xa</size>
         <alignment>0x2</alignment>
         <input_file_ref idref="fl-2b"/>
      </object_component>
      <object_component id="oc-202">
         <name>.text.__aeabi_errno_addr</name>
         <load_address>0x4bfc</load_address>
         <readonly>true</readonly>
         <executable>true</executable>
         <run_address>0x4bfc</run_address>
         <size>0x8</size>
         <alignment>0x4</alignment>
         <input_file_ref idref="fl-36"/>
      </object_component>
      <object_component id="oc-45">
         <name>.text.__aeabi_memcpy</name>
         <load_address>0x4c04</load_address>
[...]
         <object_component_ref idref="oc-33"/>
      </symbol>
      <symbol id="sm-1b6">
         <name>I2C0_IRQHandler</name>
         <value>0x1f63</value>
         <object_component_ref idref="oc-33"/>
      </symbol>
      <symbol id="sm-1b7">
         <name>I2C1_IRQHandler</name>
         <value>0x1f63</value>
         <object_component_ref idref="oc-33"/>
      </symbol>
      <symbol id="sm-1b8">
         <name>AES_IRQHandler</name>
         <value>0x1f63</value>
         <object_component_ref idref="oc-33"/>
      </symbol>
      <symbol id="sm-1b9">
         <name>RTC_IRQHandler</name>
         <value>0x1f63</value>
         <object_component_ref idref="oc-33"/>
      </symbol>
      <symbol id="sm-1ba">
         <name>DMA_IRQHandler</name>
         <value>0x1f63</value>
         <object_component_ref idref="oc-33"/>
      </symbol>
      <symbol id="sm-1cf">
         <name>main</name>
         <value>0x114d</value>
         <object_component_ref idref="oc-8d"/>
      </symbol>
      <symbol id="sm-1d0">
         <name>ReadPackage</name>
         <value>0x20200210</value>
      </symbol>
      <symbol id="sm-1d1">
         <name>Print_Saved_State</name>
         <value>0x202002be</value>
      </symbol>
      <symbol id="sm-1d2">
         <name>WritePackage</name>
         <value>0x20200240</value>
      </symbol>
      <symbol id="sm-1d3">
         <name>Tsw</name>
         <value>0x20200344</value>
         <object_component_ref idref="oc-116"/>
      </symbol>
      <symbol id="sm-1d4">
         <name>Fsw</name>
         <value>0x20200342</value>
         <object_component_ref idref="oc-117"/>
      </symbol>
      <symbol id="sm-1d5">
         <name>D</name>
         <value>0x20200340</value>
         <object_component_ref idref="oc-118"/>
      </symbol>
      <symbol id="sm-1d6">
         <name>TIMG0_IRQHandler</name>
         <value>0x20e5</value>
         <object_component_ref idref="oc-34"/>
      </symbol>
      <symbol id="sm-1d7">
         <name>time_measure</name>
         <value>0x20200348</value>
         <object_component_ref idref="oc-7d"/>
      </symbol>
      <symbol id="sm-1d8">
         <name>__TI_ATRegion0_src_addr</name>
         <value>0x0</value>
      </symbol>
      <symbol id="sm-1d9">
         <name>__TI_ATRegion0_trg_addr</name>
         <value>0x0</value>
      </symbol>
      <symbol id="sm-1da">
         <name>__TI_ATRegion0_region_sz</name>
         <value>0x0</value>
      </symbol>
      <symbol id="sm-1db">
         <name>__TI_ATRegion1_src_addr</name>
         <value>0x0</value>
      </symbol>
      <symbol id="sm-1dc">
         <name>__TI_ATRegion1_trg_addr</name>
         <value>0x0</value>
      </symbol>
      <symbol id="sm-1dd">
         <name>__TI_ATRegion1_region_sz</name>
         <value>0x0</value>
      </symbol>
      <symbol id="sm-1de">
         <name>__TI_ATRegion2_src_addr</name>
         <value>0x0</value>
      </symbol>
      <symbol id="sm-1df">
         <name>__TI_ATRegion2_trg_addr</name>
         <value>0x0</value>
      </symbol>
      <symbol id="sm-1e0">
         <name>__TI_ATRegion2_region_sz</name>
         <value>0x0</value>
      </symbol>
      <symbol id="sm-1e6">
         <name>DL_ADC12_setClockConfig</name>
         <value>0x3ead</value>
         <object_component_ref idref="oc-1bb"/>
      </symbol>
      <symbol id="sm-1e9">
         <name>DL_Common_delayCycles</name>
         <value>0x4ad5</value>
         <object_component_ref idref="oc-160"/>
      </symbol>
      <symbol id="sm-1f3">
         <name>DL_DMA_initChannel</name>
         <value>0x40bf</value>
         <object_component_ref idref="oc-1e6"/>
      </symbol>
      <symbol id="sm-218">
         <name>DL_FlashCTL_eraseMemoryFromRAM</name>
         <value>0x4609</value>
         <object_component_ref idref="oc-1c1"/>
      </symbol>
      <symbol id="sm-219">
         <name>DL_FlashCTL_unprotectSector</name>
         <value>0x2245</value>
         <object_component_ref idref="oc-1bf"/>
      </symbol>
      <symbol id="sm-21a">
         <name>DL_FlashCTL_programMemoryFromRAM64WithECCGenerated</name>
         <value>0x48e9</value>
         <object_component_ref idref="oc-1c0"/>
      </symbol>
      <symbol id="sm-241">
         <name>DL_Timer_setClockConfig</name>
         <value>0x45a1</value>
         <object_component_ref idref="oc-1a8"/>
      </symbol>
      <symbol id="sm-242">
         <name>DL_Timer_initTimerMode</name>
         <value>0x2a61</value>
         <object_component_ref idref="oc-1b2"/>
      </symbol>
      <symbol id="sm-243">
         <name>DL_Timer_setCaptureCompareValue</name>
         <value>0x46a9</value>
         <object_component_ref idref="oc-e0"/>
      </symbol>
      <symbol id="sm-244">
         <name>DL_Timer_setCaptureCompareCtl</name>
         <value>0x4305</value>
         <object_component_ref idref="oc-1de"/>
      </symbol>
      <symbol id="sm-245">
         <name>DL_Timer_setCaptureCompareInput</name>
         <value>0x456d</value>
         <object_component_ref idref="oc-1df"/>
      </symbol>
      <symbol id="sm-246">
         <name>DL_Timer_initPWMMode</name>
         <value>0x2739</value>
         <object_component_ref idref="oc-1af"/>
      </symbol>
      <symbol id="sm-247">
         <name>DL_Timer_setCaptureCompareAction</name>
         <value>0x4539</value>
         <object_component_ref idref="oc-1dd"/>
      </symbol>
      <symbol id="sm-248">
         <name>DL_Timer_setCaptureCompareOutCtl</name>
         <value>0x4149</value>
         <object_component_ref idref="oc-1aa"/>
      </symbol>
      <symbol id="sm-249">
         <name>DL_Timer_getCaptureCompareValue</name>
         <value>0x4821</value>
         <object_component_ref idref="oc-ed"/>
      </symbol>
      <symbol id="sm-24a">
         <name>DL_Timer_setCaptCompUpdateMethod</name>
         <value>0x4505</value>
         <object_component_ref idref="oc-1ab"/>
      </symbol>
      <symbol id="sm-24b">
         <name>DL_TimerA_initPWMMode</name>
         <value>0x2c4d</value>
         <object_component_ref idref="oc-1a9"/>
      </symbol>
      <symbol id="sm-24c">
         <name>DL_Timer_setFaultSourceConfig</name>
         <value>0x45d5</value>
         <object_component_ref idref="oc-1ac"/>
      </symbol>
      <symbol id="sm-256">
         <name>DL_UART_init</name>
         <value>0x3f45</value>
         <object_component_ref idref="oc-1b8"/>
      </symbol>
      <symbol id="sm-257">
         <name>DL_UART_setClockConfig</name>
         <value>0x490d</value>
         <object_component_ref idref="oc-1b7"/>
      </symbol>
      <symbol id="sm-26e">
         <name>DL_SYSCTL_configSYSPLL</name>
         <value>0x2b61</value>
         <object_component_ref idref="oc-1a5"/>
      </symbol>
      <symbol id="sm-26f">
         <name>DL_SYSCTL_switchMCLKfromSYSOSCtoHSCLK</name>
         <value>0x3ef9</value>
         <object_component_ref idref="oc-1a6"/>
      </symbol>
      <symbol id="sm-280">
         <name>sprintf</name>
         <value>0x44cd</value>
         <object_component_ref idref="oc-10b"/>
      </symbol>
      <symbol id="sm-28b">
         <name>_c_int00_noargs</name>
         <value>0x48c1</value>
         <object_component_ref idref="oc-55"/>
      </symbol>
      <symbol id="sm-28c">
         <name>__stack</name>
         <value>0x20203e00</value>
         <object_component_ref idref="oc-1a"/>
      </symbol>
      <symbol id="sm-298">
         <name>__TI_auto_init_nopinit</name>
         <value>0x4029</value>
         <object_component_ref idref="oc-129"/>
      </symbol>
      <symbol id="sm-2a0">
         <name>_system_pre_init</name>
         <value>0x4c15</value>
         <object_component_ref idref="oc-89"/>
      </symbol>
      <symbol id="sm-2aa">
         <name>copy_in</name>
         <value>0x3fdd</value>
         <object_component_ref idref="oc-19e"/>
      </symbol>
      <symbol id="sm-2b4">
         <name>__TI_zero_init_nomemset</name>
         <value>0x4abf</value>
         <object_component_ref idref="oc-4c"/>
      </symbol>
      <symbol id="sm-2bd">
         <name>__TI_decompress_none</name>
         <value>0x4b39</value>
         <object_component_ref idref="oc-20"/>
      </symbol>
      <symbol id="sm-2c8">
         <name>__TI_decompress_lzss</name>
         <value>0x35d9</value>
         <object_component_ref idref="oc-1c"/>
      </symbol>
      <symbol id="sm-311">
         <name>__TI_printfi</name>
         <value>0xc1</value>
         <object_component_ref idref="oc-1cd"/>
      </symbol>
      <symbol id="sm-31a">
         <name>wcslen</name>
         <value>0x4b6d</value>
         <object_component_ref idref="oc-1fe"/>
      </symbol>
      <symbol id="sm-325">
         <name>__aeabi_errno_addr</name>
         <value>0x4bfd</value>
         <object_component_ref idref="oc-202"/>
      </symbol>
      <symbol id="sm-326">
         <name>__aeabi_errno</name>
         <value>0x2020033c</value>
         <object_component_ref idref="oc-227"/>
      </symbol>
      <symbol id="sm-330">
         <name>abort</name>
         <value>0x4c19</value>
         <object_component_ref idref="oc-11b"/>
      </symbol>
      <symbol id="sm-331">
         <name>C$$EXIT</name>
         <value>0x4c18</value>
         <object_component_ref idref="oc-11b"/>
      </symbol>
      <symbol id="sm-33b">
         <name>__TI_ltoa</name>
         <value>0x3b0d</value>
         <object_component_ref idref="oc-241"/>
      </symbol>
      <symbol id="sm-347">
         <name>atoi</name>
         <value>0x4289</value>
         <object_component_ref idref="oc-1fa"/>
      </symbol>
      <symbol id="sm-351">
         <name>memccpy</name>
         <value>0x4955</value>
         <object_component_ref idref="oc-1f3"/>
      </symbol>
      <symbol id="sm-35c">
         <name>frexp</name>
         <value>0x3a01</value>
         <object_component_ref idref="oc-239"/>
      </symbol>
      <symbol id="sm-35d">
         <name>frexpl</name>
         <value>0x3a01</value>
         <object_component_ref idref="oc-239"/>
      </symbol>
      <symbol id="sm-367">
         <name>scalbn</name>
         <value>0x2e1d</value>
         <object_component_ref idref="oc-23d"/>
      </symbol>
      <symbol id="sm-368">
         <name>ldexp</name>
         <value>0x2e1d</value>
         <object_component_ref idref="oc-23d"/>
      </symbol>
      <symbol id="sm-369">
         <name>scalbnl</name>
         <value>0x2e1d</value>
         <object_component_ref idref="oc-23d"/>
      </symbol>
      <symbol id="sm-36a">
         <name>ldexpl</name>
         <value>0x2e1d</value>
         <object_component_ref idref="oc-23d"/>
      </symbol>
      <symbol id="sm-36f">
         <name>__aeabi_ctype_table_</name>
         <value>0x4c20</value>
         <object_component_ref idref="oc-220"/>
      </symbol>
      <symbol id="sm-370">
         <name>__aeabi_ctype_table_C</name>
         <value>0x4c20</value>
         <object_component_ref idref="oc-220"/>
      </symbol>
      <symbol id="sm-388">
         <name>__aeabi_dadd</name>
         <value>0x1ddb</value>
         <object_component_ref idref="oc-106"/>
      </symbol>
      <symbol id="sm-389">
         <name>__adddf3</name>
         <value>0x1ddb</value>
         <object_component_ref idref="oc-106"/>
      </symbol>
      <symbol id="sm-38a">
         <name>__aeabi_dsub</name>
         <value>0x1dd1</value>
         <object_component_ref idref="oc-106"/>
      </symbol>
      <symbol id="sm-38b">
         <name>__subdf3</name>
         <value>0x1dd1</value>
         <object_component_ref idref="oc-106"/>
      </symbol>
      <symbol id="sm-394">
         <name>__aeabi_dmul</name>
         <value>0x2d39</value>
         <object_component_ref idref="oc-102"/>
      </symbol>
      <symbol id="sm-395">
         <name>__muldf3</name>
         <value>0x2d39</value>
         <object_component_ref idref="oc-102"/>
      </symbol>
      <symbol id="sm-39b">
         <name>__muldsi3</name>
         <value>0x4341</value>
         <object_component_ref idref="oc-173"/>
      </symbol>
      <symbol id="sm-3a1">
         <name>__aeabi_fmul</name>
         <value>0x3359</value>
         <object_component_ref idref="oc-fa"/>
      </symbol>
      <symbol id="sm-3a2">
         <name>__mulsf3</name>
         <value>0x3359</value>
         <object_component_ref idref="oc-fa"/>
      </symbol>
      <symbol id="sm-3a8">
         <name>__aeabi_fdiv</name>
         <value>0x33e5</value>
         <object_component_ref idref="oc-137"/>
      </symbol>
      <symbol id="sm-3a9">
         <name>__divsf3</name>
         <value>0x33e5</value>
         <object_component_ref idref="oc-137"/>
      </symbol>
      <symbol id="sm-3af">
         <name>__aeabi_ddiv</name>
         <value>0x2955</value>
         <object_component_ref idref="oc-e5"/>
      </symbol>
      <symbol id="sm-3b0">
         <name>__divdf3</name>
         <value>0x2955</value>
         <object_component_ref idref="oc-e5"/>
      </symbol>
      <symbol id="sm-3b6">
         <name>__aeabi_f2d</name>
         <value>0x4249</value>
         <object_component_ref idref="oc-fe"/>
      </symbol>
      <symbol id="sm-3b7">
         <name>__extendsfdf2</name>
         <value>0x4249</value>
         <object_component_ref idref="oc-fe"/>
      </symbol>
      <symbol id="sm-3bd">
         <name>__aeabi_d2iz</name>
         <value>0x4075</value>
         <object_component_ref idref="oc-e9"/>
      </symbol>
      <symbol id="sm-3be">
         <name>__fixdfsi</name>
         <value>0x4075</value>
         <object_component_ref idref="oc-e9"/>
      </symbol>
      <symbol id="sm-3c4">
         <name>__aeabi_f2iz</name>
         <value>0x4495</value>
         <object_component_ref idref="oc-13b"/>
      </symbol>
      <symbol id="sm-3c5">
         <name>__fixsfsi</name>
         <value>0x4495</value>
         <object_component_ref idref="oc-13b"/>
      </symbol>
      <symbol id="sm-3cb">
         <name>__aeabi_i2d</name>
         <value>0x472d</value>
         <object_component_ref idref="oc-e1"/>
      </symbol>
      <symbol id="sm-3cc">
         <name>__floatsidf</name>
         <value>0x472d</value>
         <object_component_ref idref="oc-e1"/>
      </symbol>
      <symbol id="sm-3d2">
         <name>__aeabi_ui2f</name>
         <value>0x4899</value>
         <object_component_ref idref="oc-f6"/>
      </symbol>
      <symbol id="sm-3d3">
         <name>__floatunsisf</name>
         <value>0x4899</value>
         <object_component_ref idref="oc-f6"/>
      </symbol>
      <symbol id="sm-3d9">
         <name>__aeabi_lmul</name>
         <value>0x4931</value>
         <object_component_ref idref="oc-207"/>
      </symbol>
      <symbol id="sm-3da">
         <name>__muldi3</name>
         <value>0x4931</value>
         <object_component_ref idref="oc-207"/>
      </symbol>
      <symbol id="sm-3e0">
         <name>__aeabi_dcmpeq</name>
         <value>0x38e1</value>
         <object_component_ref idref="oc-210"/>
      </symbol>
      <symbol id="sm-3e1">
         <name>__aeabi_dcmplt</name>
         <value>0x38f5</value>
         <object_component_ref idref="oc-210"/>
      </symbol>
      <symbol id="sm-3e2">
         <name>__aeabi_dcmple</name>
         <value>0x3909</value>
         <object_component_ref idref="oc-210"/>
      </symbol>
      <symbol id="sm-3e3">
         <name>__aeabi_dcmpge</name>
         <value>0x391d</value>
         <object_component_ref idref="oc-210"/>
      </symbol>
      <symbol id="sm-3e4">
         <name>__aeabi_dcmpgt</name>
         <value>0x3931</value>
         <object_component_ref idref="oc-210"/>
      </symbol>
      <symbol id="sm-3ea">
         <name>__aeabi_idiv</name>
         <value>0x3bbd</value>
         <object_component_ref idref="oc-f2"/>
      </symbol>
      <symbol id="sm-3eb">
         <name>__aeabi_idivmod</name>
         <value>0x3bbd</value>
         <object_component_ref idref="oc-f2"/>
      </symbol>
      <symbol id="sm-3f1">
         <name>__aeabi_memcpy</name>
         <value>0x4c05</value>
         <object_component_ref idref="oc-45"/>
      </symbol>
      <symbol id="sm-3f2">
         <name>__aeabi_memcpy4</name>
         <value>0x4c05</value>
         <object_component_ref idref="oc-45"/>
      </symbol>
      <symbol id="sm-3f3">
         <name>__aeabi_memcpy8</name>
         <value>0x4c05</value>
         <object_component_ref idref="oc-45"/>
      </symbol>
      <symbol id="sm-3fa">
         <name>__aeabi_memset</name>
         <value>0x4b8d</value>
         <object_component_ref idref="oc-1f2"/>
      </symbol>
      <symbol id="sm-3fb">
         <name>__aeabi_memset4</name>
         <value>0x4b8d</value>
         <object_component_ref idref="oc-1f2"/>
      </symbol>
      <symbol id="sm-3fc">
         <name>__aeabi_memset8</name>
         <value>0x4b8d</value>
         <object_component_ref idref="oc-1f2"/>
      </symbol>
      <symbol id="sm-402">
         <name>__aeabi_uidiv</name>
         <value>0x4209</value>
         <object_component_ref idref="oc-ee"/>
      </symbol>
      <symbol id="sm-403">
         <name>__aeabi_uidivmod</name>
         <value>0x4209</value>
         <object_component_ref idref="oc-ee"/>
      </symbol>
      <symbol id="sm-409">
         <name>__aeabi_uldivmod</name>
         <value>0x4b11</value>
         <object_component_ref idref="oc-20c"/>
      </symbol>
      <symbol id="sm-40f">
         <name>__udivmoddi4</name>
         <value>0x3055</value>
         <object_component_ref idref="oc-22c"/>
      </symbol>
      <symbol id="sm-415">
         <name>__aeabi_llsl</name>
         <value>0x49d9</value>
         <object_component_ref idref="oc-24e"/>
      </symbol>
      <symbol id="sm-416">
         <name>__ashldi3</name>
         <value>0x49d9</value>
         <object_component_ref idref="oc-24e"/>
      </symbol>
      <symbol id="sm-424">
         <name>__ledf2</name>
         <value>0x37a5</value>
         <object_component_ref idref="oc-231"/>
      </symbol>
      <symbol id="sm-425">
         <name>__gedf2</name>
         <value>0x3735</value>
         <object_component_ref idref="oc-237"/>
      </symbol>
      <symbol id="sm-426">
         <name>__cmpdf2</name>
         <value>0x37a5</value>
         <object_component_ref idref="oc-231"/>
      </symbol>
      <symbol id="sm-427">
         <name>__eqdf2</name>
         <value>0x37a5</value>
         <object_component_ref idref="oc-231"/>
      </symbol>
      <symbol id="sm-428">
         <name>__ltdf2</name>
         <value>0x37a5</value>
         <object_component_ref idref="oc-231"/>
      </symbol>
      <symbol id="sm-429">
         <name>__nedf2</name>
         <value>0x37a5</value>
         <object_component_ref idref="oc-231"/>
      </symbol>
      <symbol id="sm-42a">
         <name>__gtdf2</name>
         <value>0x3735</value>
         <object_component_ref idref="oc-237"/>
      </symbol>
      <symbol id="sm-436">
         <name>__aeabi_idiv0</name>
         <value>0x30f7</value>
         <object_component_ref idref="oc-16b"/>
      </symbol>
      <symbol id="sm-437">
         <name>__aeabi_ldiv0</name>
         <value>0x3233</value>
         <object_component_ref idref="oc-24d"/>
      </symbol>
      <symbol id="sm-451">
         <name>memcpy</name>
         <value>0x3199</value>
         <object_component_ref idref="oc-cf"/>
      </symbol>
      <symbol id="sm-460">
         <name>memset</name>
         <value>0x3943</value>
         <object_component_ref idref="oc-14d"/>
      </symbol>
      <symbol id="sm-461">
         <name>__TI_static_base__</name>
         <value>0x0</value>
      </symbol>
      <symbol id="sm-465">
         <name>__mpu_init</name>
         <value>0x0</value>
      </symbol>
      <symbol id="sm-466">
         <name>_system_post_cinit</name>
         <value>0x0</value>
      </symbol>
   </symbol_table>
   <title>Link successful</title>
</link_info>
