<?xml version="1.0" encoding="ISO-8859-1" ?>
<link_info>
   <banner>TI ARM Clang Linker PC v3.2.0.LTS</banner>
   <copyright>Copyright (c) 1996-2018 Texas Instruments Incorporated</copyright>
   <link_time>0x67418228</link_time>
   <link_errors>0x0</link_errors>
   <output_file>D:\OneDrive - Hanoi University of Science and Technology\Lab\All_temp\18-11-2024-Code Tran Ngat\RC.2_1.0.0.2_PROE_60V3A_SourceCode\Debug\RC.2_1.0.0.2_PROE_60V3A_DianaPOC_SourceCode.out</output_file>
   <entry_point>
      <name>_c_int00_noargs</name>
      <address>0x3949</address>
   </entry_point>
   <input_file_list>
      <input_file id="fl-1">
         <path>D:\OneDrive - Hanoi University of Science and Technology\Lab\All_temp\18-11-2024-Code Tran Ngat\RC.2_1.0.0.2_PROE_60V3A_SourceCode\Debug\.\</path>
         <kind>object</kind>
         <file>GlobalDefinitions.o</file>
         <name>GlobalDefinitions.o</name>
      </input_file>
      <input_file id="fl-2">
         <path>D:\OneDrive - Hanoi University of Science and Technology\Lab\All_temp\18-11-2024-Code Tran Ngat\RC.2_1.0.0.2_PROE_60V3A_SourceCode\Debug\.\syscfg\</path>
         <kind>object</kind>
         <file>ti_msp_dl_config.o</file>
         <name>ti_msp_dl_config.o</name>
      </input_file>
      <input_file id="fl-3">
         <path>D:\OneDrive - Hanoi University of Science and Technology\Lab\All_temp\18-11-2024-Code Tran Ngat\RC.2_1.0.0.2_PROE_60V3A_SourceCode\Debug\.\</path>
         <kind>object</kind>
         <file>startup_mspm0g350x_ticlang.o</file>
         <name>startup_mspm0g350x_ticlang.o</name>
      </input_file>
      <input_file id="fl-4">
         <path>D:\OneDrive - Hanoi University of Science and Technology\Lab\All_temp\18-11-2024-Code Tran Ngat\RC.2_1.0.0.2_PROE_60V3A_SourceCode\Debug\.\</path>
         <kind>object</kind>
         <file>System_Recorder.o</file>
         <name>System_Recorder.o</name>
      </input_file>
      <input_file id="fl-5">
         <path>D:\OneDrive - Hanoi University of Science and Technology\Lab\All_temp\18-11-2024-Code Tran Ngat\RC.2_1.0.0.2_PROE_60V3A_SourceCode\Debug\.\</path>
         <kind>object</kind>
         <file>UARTLib.o</file>
         <name>UARTLib.o</name>
      </input_file>
      <input_file id="fl-6">
         <path>D:\OneDrive - Hanoi University of Science and Technology\Lab\All_temp\18-11-2024-Code Tran Ngat\RC.2_1.0.0.2_PROE_60V3A_SourceCode\Debug\.\</path>
         <kind>object</kind>
         <file>app_EbikeCharger.o</file>
         <name>app_EbikeCharger.o</name>
      </input_file>
      <input_file id="fl-7">
         <path>D:\OneDrive - Hanoi University of Science and Technology\Lab\All_temp\18-11-2024-Code Tran Ngat\RC.2_1.0.0.2_PROE_60V3A_SourceCode\Debug\.\</path>
         <kind>object</kind>
         <file>cal_Controller.o</file>
         <name>cal_Controller.o</name>
      </input_file>
      <input_file id="fl-8">
         <path>D:\OneDrive - Hanoi University of Science and Technology\Lab\All_temp\18-11-2024-Code Tran Ngat\RC.2_1.0.0.2_PROE_60V3A_SourceCode\Debug\.\</path>
         <kind>object</kind>
         <file>cal_FixedPointMath.o</file>
         <name>cal_FixedPointMath.o</name>
      </input_file>
      <input_file id="fl-9">
         <path>D:\OneDrive - Hanoi University of Science and Technology\Lab\All_temp\18-11-2024-Code Tran Ngat\RC.2_1.0.0.2_PROE_60V3A_SourceCode\Debug\.\</path>
         <kind>object</kind>
         <file>cal_Profile.o</file>
         <name>cal_Profile.o</name>
      </input_file>
      <input_file id="fl-a">
         <path>D:\OneDrive - Hanoi University of Science and Technology\Lab\All_temp\18-11-2024-Code Tran Ngat\RC.2_1.0.0.2_PROE_60V3A_SourceCode\Debug\.\</path>
         <kind>object</kind>
         <file>drv_BotLayer.o</file>
         <name>drv_BotLayer.o</name>
      </input_file>
      <input_file id="fl-b">
         <path>D:\OneDrive - Hanoi University of Science and Technology\Lab\All_temp\18-11-2024-Code Tran Ngat\RC.2_1.0.0.2_PROE_60V3A_SourceCode\Debug\.\</path>
         <kind>object</kind>
         <file>main.o</file>
         <name>main.o</name>
      </input_file>
      <input_file id="fl-18">
         <path>D:\OneDrive - Hanoi University of Science and Technology\Lab\All_temp\18-11-2024-Code Tran Ngat\RC.2_1.0.0.2_PROE_60V3A_SourceCode\Debug\</path>
         <kind>object</kind>
         <file>&lt;internal&gt;</file>
         <name>&lt;internal&gt;</name>
      </input_file>
      <input_file id="fl-19">
         <path>C:\ti\mspm0_sdk_2_02_00_05\source\ti\driverlib\lib\ticlang\m0p\mspm0g1x0x_g3x0x\</path>
         <kind>archive</kind>
         <file>driverlib.a</file>
         <name>dl_adc12.o</name>
      </input_file>
      <input_file id="fl-1a">
         <path>C:\ti\mspm0_sdk_2_02_00_05\source\ti\driverlib\lib\ticlang\m0p\mspm0g1x0x_g3x0x\</path>
         <kind>archive</kind>
         <file>driverlib.a</file>
         <name>dl_common.o</name>
      </input_file>
      <input_file id="fl-1b">
         <path>C:\ti\mspm0_sdk_2_02_00_05\source\ti\driverlib\lib\ticlang\m0p\mspm0g1x0x_g3x0x\</path>
         <kind>archive</kind>
         <file>driverlib.a</file>
         <name>dl_dma.o</name>
      </input_file>
      <input_file id="fl-1c">
         <path>C:\ti\mspm0_sdk_2_02_00_05\source\ti\driverlib\lib\ticlang\m0p\mspm0g1x0x_g3x0x\</path>
         <kind>archive</kind>
         <file>driverlib.a</file>
         <name>dl_flashctl.o</name>
      </input_file>
      <input_file id="fl-1d">
         <path>C:\ti\mspm0_sdk_2_02_00_05\source\ti\driverlib\lib\ticlang\m0p\mspm0g1x0x_g3x0x\</path>
         <kind>archive</kind>
         <file>driverlib.a</file>
         <name>dl_timer.o</name>
      </input_file>
      <input_file id="fl-1e">
         <path>C:\ti\mspm0_sdk_2_02_00_05\source\ti\driverlib\lib\ticlang\m0p\mspm0g1x0x_g3x0x\</path>
         <kind>archive</kind>
         <file>driverlib.a</file>
         <name>dl_uart.o</name>
      </input_file>
      <input_file id="fl-1f">
         <path>C:\ti\mspm0_sdk_2_02_00_05\source\ti\driverlib\lib\ticlang\m0p\mspm0g1x0x_g3x0x\</path>
         <kind>archive</kind>
         <file>driverlib.a</file>
         <name>dl_sysctl_mspm0g1x0x_g3x0x.o</name>
      </input_file>
      <input_file id="fl-2c">
         <path>C:\ti\ccs1250\ccs\tools\compiler\ti-cgt-armllvm_3.2.0.LTS\lib\armv6m-ti-none-eabi\c\</path>
         <kind>archive</kind>
         <file>libc.a</file>
         <name>sprintf.c.obj</name>
      </input_file>
      <input_file id="fl-2d">
         <path>C:\ti\ccs1250\ccs\tools\compiler\ti-cgt-armllvm_3.2.0.LTS\lib\armv6m-ti-none-eabi\c\</path>
         <kind>archive</kind>
         <file>libc.a</file>
         <name>atoi.c.obj</name>
      </input_file>
      <input_file id="fl-2e">
         <path>C:\ti\ccs1250\ccs\tools\compiler\ti-cgt-armllvm_3.2.0.LTS\lib\armv6m-ti-none-eabi\c\</path>
         <kind>archive</kind>
         <file>libc.a</file>
         <name>boot_cortex_m.c.obj</name>
      </input_file>
      <input_file id="fl-2f">
         <path>C:\ti\ccs1250\ccs\tools\compiler\ti-cgt-armllvm_3.2.0.LTS\lib\armv6m-ti-none-eabi\c\</path>
         <kind>archive</kind>
         <file>libc.a</file>
         <name>mathacl_init.c.obj</name>
      </input_file>
      <input_file id="fl-30">
         <path>C:\ti\ccs1250\ccs\tools\compiler\ti-cgt-armllvm_3.2.0.LTS\lib\armv6m-ti-none-eabi\c\</path>
         <kind>archive</kind>
         <file>libc.a</file>
         <name>autoinit.c.obj</name>
      </input_file>
      <input_file id="fl-31">
         <path>C:\ti\ccs1250\ccs\tools\compiler\ti-cgt-armllvm_3.2.0.LTS\lib\armv6m-ti-none-eabi\c\</path>
         <kind>archive</kind>
         <file>libc.a</file>
         <name>pre_init.c.obj</name>
      </input_file>
      <input_file id="fl-32">
         <path>C:\ti\ccs1250\ccs\tools\compiler\ti-cgt-armllvm_3.2.0.LTS\lib\armv6m-ti-none-eabi\c\</path>
         <kind>archive</kind>
         <file>libc.a</file>
         <name>cpy_tbl.c.obj</name>
      </input_file>
      <input_file id="fl-33">
         <path>C:\ti\ccs1250\ccs\tools\compiler\ti-cgt-armllvm_3.2.0.LTS\lib\armv6m-ti-none-eabi\c\</path>
         <kind>archive</kind>
         <file>libc.a</file>
         <name>copy_zero_init.c.obj</name>
      </input_file>
      <input_file id="fl-34">
         <path>C:\ti\ccs1250\ccs\tools\compiler\ti-cgt-armllvm_3.2.0.LTS\lib\armv6m-ti-none-eabi\c\</path>
         <kind>archive</kind>
         <file>libc.a</file>
         <name>copy_decompress_none.c.obj</name>
      </input_file>
      <input_file id="fl-35">
         <path>C:\ti\ccs1250\ccs\tools\compiler\ti-cgt-armllvm_3.2.0.LTS\lib\armv6m-ti-none-eabi\c\</path>
         <kind>archive</kind>
         <file>libc.a</file>
         <name>copy_decompress_lzss.c.obj</name>
      </input_file>
      <input_file id="fl-36">
         <path>C:\ti\ccs1250\ccs\tools\compiler\ti-cgt-armllvm_3.2.0.LTS\lib\armv6m-ti-none-eabi\c\</path>
         <kind>archive</kind>
         <file>libc.a</file>
         <name>_printfi.c.obj</name>
      </input_file>
      <input_file id="fl-37">
         <path>C:\ti\ccs1250\ccs\tools\compiler\ti-cgt-armllvm_3.2.0.LTS\lib\armv6m-ti-none-eabi\c\</path>
         <kind>archive</kind>
         <file>libc.a</file>
         <name>wcslen.c.obj</name>
      </input_file>
      <input_file id="fl-38">
         <path>C:\ti\ccs1250\ccs\tools\compiler\ti-cgt-armllvm_3.2.0.LTS\lib\armv6m-ti-none-eabi\c\</path>
         <kind>archive</kind>
         <file>libc.a</file>
         <name>aeabi_ctype.S.obj</name>
      </input_file>
      <input_file id="fl-39">
         <path>C:\ti\ccs1250\ccs\tools\compiler\ti-cgt-armllvm_3.2.0.LTS\lib\armv6m-ti-none-eabi\c\</path>
         <kind>archive</kind>
         <file>libc.a</file>
         <name>aeabi_portable.c.obj</name>
      </input_file>
      <input_file id="fl-3a">
         <path>C:\ti\ccs1250\ccs\tools\compiler\ti-cgt-armllvm_3.2.0.LTS\lib\armv6m-ti-none-eabi\c\</path>
         <kind>archive</kind>
         <file>libc.a</file>
         <name>exit.c.obj</name>
      </input_file>
      <input_file id="fl-3b">
         <path>C:\ti\ccs1250\ccs\tools\compiler\ti-cgt-armllvm_3.2.0.LTS\lib\armv6m-ti-none-eabi\c\</path>
         <kind>archive</kind>
         <file>libc.a</file>
         <name>_lock.c.obj</name>
      </input_file>
      <input_file id="fl-3c">
         <path>C:\ti\ccs1250\ccs\tools\compiler\ti-cgt-armllvm_3.2.0.LTS\lib\armv6m-ti-none-eabi\c\</path>
         <kind>archive</kind>
         <file>libc.a</file>
         <name>_ltoa.c.obj</name>
      </input_file>
      <input_file id="fl-3d">
         <path>C:\ti\ccs1250\ccs\tools\compiler\ti-cgt-armllvm_3.2.0.LTS\lib\armv6m-ti-none-eabi\c\</path>
         <kind>archive</kind>
         <file>libc.a</file>
         <name>args_main.c.obj</name>
      </input_file>
      <input_file id="fl-3e">
         <path>C:\ti\ccs1250\ccs\tools\compiler\ti-cgt-armllvm_3.2.0.LTS\lib\armv6m-ti-none-eabi\c\</path>
         <kind>archive</kind>
         <file>libc.a</file>
         <name>assert.c.obj</name>
      </input_file>
      <input_file id="fl-3f">
         <path>C:\ti\ccs1250\ccs\tools\compiler\ti-cgt-armllvm_3.2.0.LTS\lib\armv6m-ti-none-eabi\c\</path>
         <kind>archive</kind>
         <file>libc.a</file>
         <name>defs.c.obj</name>
      </input_file>
      <input_file id="fl-40">
         <path>C:\ti\ccs1250\ccs\tools\compiler\ti-cgt-armllvm_3.2.0.LTS\lib\armv6m-ti-none-eabi\c\</path>
         <kind>archive</kind>
         <file>libc.a</file>
         <name>memccpy.c.obj</name>
      </input_file>
      <input_file id="fl-41">
         <path>C:\ti\ccs1250\ccs\tools\compiler\ti-cgt-armllvm_3.2.0.LTS\lib\armv6m-ti-none-eabi\c\</path>
         <kind>archive</kind>
         <file>libc.a</file>
         <name>memory.c.obj</name>
      </input_file>
      <input_file id="fl-42">
         <path>C:\ti\ccs1250\ccs\tools\compiler\ti-cgt-armllvm_3.2.0.LTS\lib\armv6m-ti-none-eabi\c\</path>
         <kind>archive</kind>
         <file>libc.a</file>
         <name>s_frexp.c.obj</name>
      </input_file>
      <input_file id="fl-43">
         <path>C:\ti\ccs1250\ccs\tools\compiler\ti-cgt-armllvm_3.2.0.LTS\lib\armv6m-ti-none-eabi\c\</path>
         <kind>archive</kind>
         <file>libc.a</file>
         <name>s_scalbn.c.obj</name>
      </input_file>
      <input_file id="fl-44">
         <path>C:\ti\ccs1250\ccs\tools\compiler\ti-cgt-armllvm_3.2.0.LTS\lib\armv6m-ti-none-eabi\c\</path>
         <kind>archive</kind>
         <file>libc.a</file>
         <name>fflush.c.obj</name>
      </input_file>
      <input_file id="fl-45">
         <path>C:\ti\ccs1250\ccs\tools\compiler\ti-cgt-armllvm_3.2.0.LTS\lib\armv6m-ti-none-eabi\c\</path>
         <kind>archive</kind>
         <file>libc.a</file>
         <name>fputs.c.obj</name>
      </input_file>
      <input_file id="fl-46">
         <path>C:\ti\ccs1250\ccs\tools\compiler\ti-cgt-armllvm_3.2.0.LTS\lib\armv6m-ti-none-eabi\c\</path>
         <kind>archive</kind>
         <file>libc.a</file>
         <name>_io_perm.c.obj</name>
      </input_file>
      <input_file id="fl-47">
         <path>C:\ti\ccs1250\ccs\tools\compiler\ti-cgt-armllvm_3.2.0.LTS\lib\armv6m-ti-none-eabi\c\</path>
         <kind>archive</kind>
         <file>libc.a</file>
         <name>setvbuf.c.obj</name>
      </input_file>
      <input_file id="fl-48">
         <path>C:\ti\ccs1250\ccs\tools\compiler\ti-cgt-armllvm_3.2.0.LTS\lib\armv6m-ti-none-eabi\c\</path>
         <kind>archive</kind>
         <file>libc.a</file>
         <name>fopen.c.obj</name>
      </input_file>
      <input_file id="fl-49">
         <path>C:\ti\ccs1250\ccs\tools\compiler\ti-cgt-armllvm_3.2.0.LTS\lib\armv6m-ti-none-eabi\c\</path>
         <kind>archive</kind>
         <file>libc.a</file>
         <name>fseek.c.obj</name>
      </input_file>
      <input_file id="fl-4a">
         <path>C:\ti\ccs1250\ccs\tools\compiler\ti-cgt-armllvm_3.2.0.LTS\lib\armv6m-ti-none-eabi\c\</path>
         <kind>archive</kind>
         <file>libc.a</file>
         <name>fclose.c.obj</name>
      </input_file>
      <input_file id="fl-ae">
         <path>C:\ti\ccs1250\ccs\tools\compiler\ti-cgt-armllvm_3.2.0.LTS\lib\armv6m-ti-none-eabi\c\</path>
         <kind>archive</kind>
         <file>libsysbm.a</file>
         <name>write.c.obj</name>
      </input_file>
      <input_file id="fl-af">
         <path>C:\ti\ccs1250\ccs\tools\compiler\ti-cgt-armllvm_3.2.0.LTS\lib\armv6m-ti-none-eabi\c\</path>
         <kind>archive</kind>
         <file>libsysbm.a</file>
         <name>host_device.c.obj</name>
      </input_file>
      <input_file id="fl-b0">
         <path>C:\ti\ccs1250\ccs\tools\compiler\ti-cgt-armllvm_3.2.0.LTS\lib\armv6m-ti-none-eabi\c\</path>
         <kind>archive</kind>
         <file>libsysbm.a</file>
         <name>remove.c.obj</name>
      </input_file>
      <input_file id="fl-b1">
         <path>C:\ti\ccs1250\ccs\tools\compiler\ti-cgt-armllvm_3.2.0.LTS\lib\armv6m-ti-none-eabi\c\</path>
         <kind>archive</kind>
         <file>libsysbm.a</file>
         <name>open.c.obj</name>
      </input_file>
      <input_file id="fl-b2">
         <path>C:\ti\ccs1250\ccs\tools\compiler\ti-cgt-armllvm_3.2.0.LTS\lib\armv6m-ti-none-eabi\c\</path>
         <kind>archive</kind>
         <file>libsysbm.a</file>
         <name>lseek.c.obj</name>
      </input_file>
      <input_file id="fl-b3">
         <path>C:\ti\ccs1250\ccs\tools\compiler\ti-cgt-armllvm_3.2.0.LTS\lib\armv6m-ti-none-eabi\c\</path>
         <kind>archive</kind>
         <file>libsysbm.a</file>
         <name>close.c.obj</name>
      </input_file>
      <input_file id="fl-b4">
         <path>C:\ti\ccs1250\ccs\tools\compiler\ti-cgt-armllvm_3.2.0.LTS\lib\armv6m-ti-none-eabi\c\</path>
         <kind>archive</kind>
         <file>libsysbm.a</file>
         <name>unlink.c.obj</name>
      </input_file>
      <input_file id="fl-b5">
         <path>C:\ti\ccs1250\ccs\tools\compiler\ti-cgt-armllvm_3.2.0.LTS\lib\armv6m-ti-none-eabi\c\</path>
         <kind>archive</kind>
         <file>libsysbm.a</file>
         <name>hostclose.c.obj</name>
      </input_file>
      <input_file id="fl-b6">
         <path>C:\ti\ccs1250\ccs\tools\compiler\ti-cgt-armllvm_3.2.0.LTS\lib\armv6m-ti-none-eabi\c\</path>
         <kind>archive</kind>
         <file>libsysbm.a</file>
         <name>hostlseek.c.obj</name>
      </input_file>
      <input_file id="fl-b7">
         <path>C:\ti\ccs1250\ccs\tools\compiler\ti-cgt-armllvm_3.2.0.LTS\lib\armv6m-ti-none-eabi\c\</path>
         <kind>archive</kind>
         <file>libsysbm.a</file>
         <name>hostopen.c.obj</name>
      </input_file>
      <input_file id="fl-b8">
         <path>C:\ti\ccs1250\ccs\tools\compiler\ti-cgt-armllvm_3.2.0.LTS\lib\armv6m-ti-none-eabi\c\</path>
         <kind>archive</kind>
         <file>libsysbm.a</file>
         <name>hostread.c.obj</name>
      </input_file>
      <input_file id="fl-b9">
         <path>C:\ti\ccs1250\ccs\tools\compiler\ti-cgt-armllvm_3.2.0.LTS\lib\armv6m-ti-none-eabi\c\</path>
         <kind>archive</kind>
         <file>libsysbm.a</file>
         <name>hostrename.c.obj</name>
      </input_file>
      <input_file id="fl-ba">
         <path>C:\ti\ccs1250\ccs\tools\compiler\ti-cgt-armllvm_3.2.0.LTS\lib\armv6m-ti-none-eabi\c\</path>
         <kind>archive</kind>
         <file>libsysbm.a</file>
         <name>hostunlink.c.obj</name>
      </input_file>
      <input_file id="fl-bb">
         <path>C:\ti\ccs1250\ccs\tools\compiler\ti-cgt-armllvm_3.2.0.LTS\lib\armv6m-ti-none-eabi\c\</path>
         <kind>archive</kind>
         <file>libsysbm.a</file>
         <name>hostwrite.c.obj</name>
      </input_file>
      <input_file id="fl-bc">
         <path>C:\ti\ccs1250\ccs\tools\compiler\ti-cgt-armllvm_3.2.0.LTS\lib\armv6m-ti-none-eabi\c\</path>
         <kind>archive</kind>
         <file>libsysbm.a</file>
         <name>trgmsg.c.obj</name>
      </input_file>
      <input_file id="fl-bd">
         <path>C:\ti\ccs1250\ccs\tools\compiler\ti-cgt-armllvm_3.2.0.LTS\lib\clang\15.0.7\lib\armv6m-ti-none-eabi\</path>
         <kind>archive</kind>
         <file>libclang_rt.builtins.a</file>
         <name>addsf3.S.obj</name>
      </input_file>
      <input_file id="fl-be">
         <path>C:\ti\ccs1250\ccs\tools\compiler\ti-cgt-armllvm_3.2.0.LTS\lib\clang\15.0.7\lib\armv6m-ti-none-eabi\</path>
         <kind>archive</kind>
         <file>libclang_rt.builtins.a</file>
         <name>adddf3.S.obj</name>
      </input_file>
      <input_file id="fl-bf">
         <path>C:\ti\ccs1250\ccs\tools\compiler\ti-cgt-armllvm_3.2.0.LTS\lib\clang\15.0.7\lib\armv6m-ti-none-eabi\</path>
         <kind>archive</kind>
         <file>libclang_rt.builtins.a</file>
         <name>muldf3.S.obj</name>
      </input_file>
      <input_file id="fl-c0">
         <path>C:\ti\ccs1250\ccs\tools\compiler\ti-cgt-armllvm_3.2.0.LTS\lib\clang\15.0.7\lib\armv6m-ti-none-eabi\</path>
         <kind>archive</kind>
         <file>libclang_rt.builtins.a</file>
         <name>muldsi3.S.obj</name>
      </input_file>
      <input_file id="fl-c1">
         <path>C:\ti\ccs1250\ccs\tools\compiler\ti-cgt-armllvm_3.2.0.LTS\lib\clang\15.0.7\lib\armv6m-ti-none-eabi\</path>
         <kind>archive</kind>
         <file>libclang_rt.builtins.a</file>
         <name>mulsf3.S.obj</name>
      </input_file>
      <input_file id="fl-c2">
         <path>C:\ti\ccs1250\ccs\tools\compiler\ti-cgt-armllvm_3.2.0.LTS\lib\clang\15.0.7\lib\armv6m-ti-none-eabi\</path>
         <kind>archive</kind>
         <file>libclang_rt.builtins.a</file>
         <name>divsf3.S.obj</name>
      </input_file>
      <input_file id="fl-c3">
         <path>C:\ti\ccs1250\ccs\tools\compiler\ti-cgt-armllvm_3.2.0.LTS\lib\clang\15.0.7\lib\armv6m-ti-none-eabi\</path>
         <kind>archive</kind>
         <file>libclang_rt.builtins.a</file>
         <name>divdf3.S.obj</name>
      </input_file>
      <input_file id="fl-c4">
         <path>C:\ti\ccs1250\ccs\tools\compiler\ti-cgt-armllvm_3.2.0.LTS\lib\clang\15.0.7\lib\armv6m-ti-none-eabi\</path>
         <kind>archive</kind>
         <file>libclang_rt.builtins.a</file>
         <name>extendsfdf2.S.obj</name>
      </input_file>
      <input_file id="fl-c5">
         <path>C:\ti\ccs1250\ccs\tools\compiler\ti-cgt-armllvm_3.2.0.LTS\lib\clang\15.0.7\lib\armv6m-ti-none-eabi\</path>
         <kind>archive</kind>
         <file>libclang_rt.builtins.a</file>
         <name>fixdfsi.S.obj</name>
      </input_file>
      <input_file id="fl-c6">
         <path>C:\ti\ccs1250\ccs\tools\compiler\ti-cgt-armllvm_3.2.0.LTS\lib\clang\15.0.7\lib\armv6m-ti-none-eabi\</path>
         <kind>archive</kind>
         <file>libclang_rt.builtins.a</file>
         <name>fixsfsi.S.obj</name>
      </input_file>
      <input_file id="fl-c7">
         <path>C:\ti\ccs1250\ccs\tools\compiler\ti-cgt-armllvm_3.2.0.LTS\lib\clang\15.0.7\lib\armv6m-ti-none-eabi\</path>
         <kind>archive</kind>
         <file>libclang_rt.builtins.a</file>
         <name>fixunssfsi.S.obj</name>
      </input_file>
      <input_file id="fl-c8">
         <path>C:\ti\ccs1250\ccs\tools\compiler\ti-cgt-armllvm_3.2.0.LTS\lib\clang\15.0.7\lib\armv6m-ti-none-eabi\</path>
         <kind>archive</kind>
         <file>libclang_rt.builtins.a</file>
         <name>floatsidf.S.obj</name>
      </input_file>
      <input_file id="fl-c9">
         <path>C:\ti\ccs1250\ccs\tools\compiler\ti-cgt-armllvm_3.2.0.LTS\lib\clang\15.0.7\lib\armv6m-ti-none-eabi\</path>
         <kind>archive</kind>
         <file>libclang_rt.builtins.a</file>
         <name>floatunsidf.S.obj</name>
      </input_file>
      <input_file id="fl-ca">
         <path>C:\ti\ccs1250\ccs\tools\compiler\ti-cgt-armllvm_3.2.0.LTS\lib\clang\15.0.7\lib\armv6m-ti-none-eabi\</path>
         <kind>archive</kind>
         <file>libclang_rt.builtins.a</file>
         <name>floatunsisf.S.obj</name>
      </input_file>
      <input_file id="fl-cb">
         <path>C:\ti\ccs1250\ccs\tools\compiler\ti-cgt-armllvm_3.2.0.LTS\lib\clang\15.0.7\lib\armv6m-ti-none-eabi\</path>
         <kind>archive</kind>
         <file>libclang_rt.builtins.a</file>
         <name>muldi3.S.obj</name>
      </input_file>
      <input_file id="fl-cc">
         <path>C:\ti\ccs1250\ccs\tools\compiler\ti-cgt-armllvm_3.2.0.LTS\lib\clang\15.0.7\lib\armv6m-ti-none-eabi\</path>
         <kind>archive</kind>
         <file>libclang_rt.builtins.a</file>
         <name>truncdfsf2.S.obj</name>
      </input_file>
      <input_file id="fl-cd">
         <path>C:\ti\ccs1250\ccs\tools\compiler\ti-cgt-armllvm_3.2.0.LTS\lib\clang\15.0.7\lib\armv6m-ti-none-eabi\</path>
         <kind>archive</kind>
         <file>libclang_rt.builtins.a</file>
         <name>aeabi_dcmp.S.obj</name>
      </input_file>
      <input_file id="fl-ce">
         <path>C:\ti\ccs1250\ccs\tools\compiler\ti-cgt-armllvm_3.2.0.LTS\lib\clang\15.0.7\lib\armv6m-ti-none-eabi\</path>
         <kind>archive</kind>
         <file>libclang_rt.builtins.a</file>
         <name>aeabi_fcmp.S.obj</name>
      </input_file>
      <input_file id="fl-cf">
         <path>C:\ti\ccs1250\ccs\tools\compiler\ti-cgt-armllvm_3.2.0.LTS\lib\clang\15.0.7\lib\armv6m-ti-none-eabi\</path>
         <kind>archive</kind>
         <file>libclang_rt.builtins.a</file>
         <name>aeabi_idivmod.S.obj</name>
      </input_file>
      <input_file id="fl-d0">
         <path>C:\ti\ccs1250\ccs\tools\compiler\ti-cgt-armllvm_3.2.0.LTS\lib\clang\15.0.7\lib\armv6m-ti-none-eabi\</path>
         <kind>archive</kind>
         <file>libclang_rt.builtins.a</file>
         <name>aeabi_memcpy.S.obj</name>
      </input_file>
      <input_file id="fl-d1">
         <path>C:\ti\ccs1250\ccs\tools\compiler\ti-cgt-armllvm_3.2.0.LTS\lib\clang\15.0.7\lib\armv6m-ti-none-eabi\</path>
         <kind>archive</kind>
         <file>libclang_rt.builtins.a</file>
         <name>aeabi_memset.S.obj</name>
      </input_file>
      <input_file id="fl-d2">
         <path>C:\ti\ccs1250\ccs\tools\compiler\ti-cgt-armllvm_3.2.0.LTS\lib\clang\15.0.7\lib\armv6m-ti-none-eabi\</path>
         <kind>archive</kind>
         <file>libclang_rt.builtins.a</file>
         <name>aeabi_uidivmod.S.obj</name>
      </input_file>
      <input_file id="fl-d3">
         <path>C:\ti\ccs1250\ccs\tools\compiler\ti-cgt-armllvm_3.2.0.LTS\lib\clang\15.0.7\lib\armv6m-ti-none-eabi\</path>
         <kind>archive</kind>
         <file>libclang_rt.builtins.a</file>
         <name>aeabi_uldivmod.S.obj</name>
      </input_file>
      <input_file id="fl-d4">
         <path>C:\ti\ccs1250\ccs\tools\compiler\ti-cgt-armllvm_3.2.0.LTS\lib\clang\15.0.7\lib\armv6m-ti-none-eabi\</path>
         <kind>archive</kind>
         <file>libclang_rt.builtins.a</file>
         <name>comparesf2.S.obj</name>
      </input_file>
      <input_file id="fl-d5">
         <path>C:\ti\ccs1250\ccs\tools\compiler\ti-cgt-armllvm_3.2.0.LTS\lib\clang\15.0.7\lib\armv6m-ti-none-eabi\</path>
         <kind>archive</kind>
         <file>libclang_rt.builtins.a</file>
         <name>udivmoddi4.S.obj</name>
      </input_file>
      <input_file id="fl-d6">
         <path>C:\ti\ccs1250\ccs\tools\compiler\ti-cgt-armllvm_3.2.0.LTS\lib\clang\15.0.7\lib\armv6m-ti-none-eabi\</path>
         <kind>archive</kind>
         <file>libclang_rt.builtins.a</file>
         <name>ashldi3.S.obj</name>
      </input_file>
      <input_file id="fl-d7">
         <path>C:\ti\ccs1250\ccs\tools\compiler\ti-cgt-armllvm_3.2.0.LTS\lib\clang\15.0.7\lib\armv6m-ti-none-eabi\</path>
         <kind>archive</kind>
         <file>libclang_rt.builtins.a</file>
         <name>comparedf2.c.obj</name>
      </input_file>
      <input_file id="fl-d8">
         <path>C:\ti\ccs1250\ccs\tools\compiler\ti-cgt-armllvm_3.2.0.LTS\lib\clang\15.0.7\lib\armv6m-ti-none-eabi\</path>
         <kind>archive</kind>
         <file>libclang_rt.builtins.a</file>
         <name>aeabi_div0.c.obj</name>
      </input_file>
      <input_file id="fl-d9">
         <path>C:\ti\ccs1250\ccs\tools\compiler\ti-cgt-armllvm_3.2.0.LTS\lib\armv6m-ti-none-eabi\c\</path>
         <kind>archive</kind>
         <file>libc.a</file>
         <name>getdevice.c.obj</name>
      </input_file>
      <input_file id="fl-da">
         <path>C:\ti\ccs1250\ccs\tools\compiler\ti-cgt-armllvm_3.2.0.LTS\lib\armv6m-ti-none-eabi\c\</path>
         <kind>archive</kind>
         <file>libc.a</file>
         <name>memcpy16.S.obj</name>
      </input_file>
      <input_file id="fl-db">
         <path>C:\ti\ccs1250\ccs\tools\compiler\ti-cgt-armllvm_3.2.0.LTS\lib\armv6m-ti-none-eabi\c\</path>
         <kind>archive</kind>
         <file>libc.a</file>
         <name>memset16.S.obj</name>
      </input_file>
   </input_file_list>
   <object_component_list>
      <object_component id="oc-18">
         <name>.intvecs</name>
         <load_address>0x0</load_address>
         <readonly>true</readonly>
         <run_address>0x0</run_address>
         <size>0xc0</size>
         <alignment>0x4</alignment>
         <input_file_ref idref="fl-3"/>
      </object_component>
      <object_component id="oc-1ca">
         <name>.text:__TI_printfi</name>
         <load_address>0xc0</load_address>
         <readonly>true</readonly>
         <executable>true</executable>
         <run_address>0xc0</run_address>
         <size>0xa00</size>
         <alignment>0x4</alignment>
         <input_file_ref idref="fl-36"/>
      </object_component>
      <object_component id="oc-8c">
         <name>.text.main</name>
         <load_address>0xac0</load_address>
         <readonly>true</readonly>
         <executable>true</executable>
         <run_address>0xac0</run_address>
         <size>0x228</size>
         <alignment>0x4</alignment>
         <input_file_ref idref="fl-b"/>
      </object_component>
      <object_component id="oc-205">
         <name>.text._pconv_a</name>
         <load_address>0xce8</load_address>
         <readonly>true</readonly>
         <executable>true</executable>
         <run_address>0xce8</run_address>
         <size>0x220</size>
         <alignment>0x4</alignment>
         <input_file_ref idref="fl-36"/>
      </object_component>
      <object_component id="oc-d5">
         <name>.text._Recorder_Check</name>
         <load_address>0xf08</load_address>
         <readonly>true</readonly>
         <executable>true</executable>
         <run_address>0xf08</run_address>
         <size>0x200</size>
         <alignment>0x4</alignment>
         <input_file_ref idref="fl-4"/>
      </object_component>
      <object_component id="oc-a5">
         <name>.text._CTRL_getFxDfromVIDualLoopControllerWith100HzCalcelation</name>
         <load_address>0x1108</load_address>
         <readonly>true</readonly>
         <executable>true</executable>
         <run_address>0x1108</run_address>
         <size>0x1e8</size>
         <alignment>0x4</alignment>
         <input_file_ref idref="fl-7"/>
      </object_component>
      <object_component id="oc-208">
         <name>.text._pconv_g</name>
         <load_address>0x12f0</load_address>
         <readonly>true</readonly>
         <executable>true</executable>
         <run_address>0x12f0</run_address>
         <size>0x1dc</size>
         <alignment>0x4</alignment>
         <input_file_ref idref="fl-36"/>
      </object_component>
      <object_component id="oc-f8">
         <name>.text._CHRGR_Get_Charger_State</name>
         <load_address>0x14cc</load_address>
         <readonly>true</readonly>
         <executable>true</executable>
         <run_address>0x14cc</run_address>
         <size>0x1d8</size>
         <alignment>0x4</alignment>
         <input_file_ref idref="fl-6"/>
      </object_component>
      <object_component id="oc-6a">
         <name>.text.adddf3_subdf3</name>
         <load_address>0x16a4</load_address>
         <readonly>true</readonly>
         <executable>true</executable>
         <run_address>0x16a4</run_address>
         <size>0x192</size>
         <alignment>0x4</alignment>
         <input_file_ref idref="fl-be"/>
      </object_component>
      <object_component id="oc-33">
         <name>.text.Default_Handler</name>
         <load_address>0x1836</load_address>
         <readonly>true</readonly>
         <executable>true</executable>
         <run_address>0x1836</run_address>
         <size>0x2</size>
         <alignment>0x2</alignment>
         <input_file_ref idref="fl-3"/>
      </object_component>
      <object_component id="oc-78">
         <name>.text.CHRGR_manageOperationStates</name>
         <load_address>0x1838</load_address>
         <readonly>true</readonly>
         <executable>true</executable>
         <run_address>0x1838</run_address>
         <size>0x140</size>
         <alignment>0x4</alignment>
         <input_file_ref idref="fl-6"/>
      </object_component>
      <object_component id="oc-235">
         <name>.text.fcvt</name>
         <load_address>0x1978</load_address>
         <readonly>true</readonly>
         <executable>true</executable>
         <run_address>0x1978</run_address>
         <size>0x13c</size>
         <alignment>0x4</alignment>
         <input_file_ref idref="fl-36"/>
      </object_component>
      <object_component id="oc-206">
         <name>.text._pconv_e</name>
         <load_address>0x1ab4</load_address>
         <readonly>true</readonly>
         <executable>true</executable>
         <run_address>0x1ab4</run_address>
         <size>0x120</size>
         <alignment>0x4</alignment>
         <input_file_ref idref="fl-36"/>
      </object_component>
      <object_component id="oc-1dd">
         <name>.text.DL_Timer_initTwoCCPWMMode</name>
         <load_address>0x1bd4</load_address>
         <readonly>true</readonly>
         <executable>true</executable>
         <run_address>0x1bd4</run_address>
         <size>0x110</size>
         <alignment>0x4</alignment>
         <input_file_ref idref="fl-1d"/>
      </object_component>
      <object_component id="oc-e1">
         <name>.text.__divdf3</name>
         <load_address>0x1ce4</load_address>
         <readonly>true</readonly>
         <executable>true</executable>
         <run_address>0x1ce4</run_address>
         <size>0x10c</size>
         <alignment>0x4</alignment>
         <input_file_ref idref="fl-c3"/>
      </object_component>
      <object_component id="oc-1af">
         <name>.text.DL_Timer_initTimerMode</name>
         <load_address>0x1df0</load_address>
         <readonly>true</readonly>
         <executable>true</executable>
         <run_address>0x1df0</run_address>
         <size>0x100</size>
         <alignment>0x4</alignment>
         <input_file_ref idref="fl-1d"/>
      </object_component>
      <object_component id="oc-1a3">
         <name>.text.DL_SYSCTL_configSYSPLL</name>
         <load_address>0x1ef0</load_address>
         <readonly>true</readonly>
         <executable>true</executable>
         <run_address>0x1ef0</run_address>
         <size>0xec</size>
         <alignment>0x4</alignment>
         <input_file_ref idref="fl-1f"/>
      </object_component>
      <object_component id="oc-1a7">
         <name>.text.DL_Timer_initFourCCPWMMode</name>
         <load_address>0x1fdc</load_address>
         <readonly>true</readonly>
         <executable>true</executable>
         <run_address>0x1fdc</run_address>
         <size>0xec</size>
         <alignment>0x4</alignment>
         <input_file_ref idref="fl-1d"/>
      </object_component>
      <object_component id="oc-39">
         <name>.text.TIMG0_IRQHandler</name>
         <load_address>0x20c8</load_address>
         <readonly>true</readonly>
         <executable>true</executable>
         <run_address>0x20c8</run_address>
         <size>0xe8</size>
         <alignment>0x4</alignment>
         <input_file_ref idref="fl-b"/>
      </object_component>
      <object_component id="oc-66">
         <name>.text.__muldf3</name>
         <load_address>0x21b0</load_address>
         <readonly>true</readonly>
         <executable>true</executable>
         <run_address>0x21b0</run_address>
         <size>0xe4</size>
         <alignment>0x4</alignment>
         <input_file_ref idref="fl-bf"/>
      </object_component>
      <object_component id="oc-227">
         <name>.text.scalbn</name>
         <load_address>0x2294</load_address>
         <readonly>true</readonly>
         <executable>true</executable>
         <run_address>0x2294</run_address>
         <size>0xd8</size>
         <alignment>0x4</alignment>
         <input_file_ref idref="fl-43"/>
      </object_component>
      <object_component id="oc-152">
         <name>.text.SYSCFG_DL_PWM_0_init</name>
         <load_address>0x236c</load_address>
         <readonly>true</readonly>
         <executable>true</executable>
         <run_address>0x236c</run_address>
         <size>0xbc</size>
         <alignment>0x4</alignment>
         <input_file_ref idref="fl-2"/>
      </object_component>
      <object_component id="oc-216">
         <name>.text</name>
         <load_address>0x2428</load_address>
         <readonly>true</readonly>
         <executable>true</executable>
         <run_address>0x2428</run_address>
         <size>0xa2</size>
         <alignment>0x4</alignment>
         <input_file_ref idref="fl-d5"/>
      </object_component>
      <object_component id="oc-cb">
         <name>.text:memcpy</name>
         <load_address>0x24ca</load_address>
         <readonly>true</readonly>
         <executable>true</executable>
         <run_address>0x24ca</run_address>
         <size>0x9a</size>
         <alignment>0x1</alignment>
         <input_file_ref idref="fl-da"/>
      </object_component>
      <object_component id="oc-156">
         <name>.text.SYSCFG_DL_UART_0_init</name>
         <load_address>0x2564</load_address>
         <readonly>true</readonly>
         <executable>true</executable>
         <run_address>0x2564</run_address>
         <size>0x90</size>
         <alignment>0x4</alignment>
         <input_file_ref idref="fl-2"/>
      </object_component>
      <object_component id="oc-b0">
         <name>.text._CHRGR_Execute_Charging_State_with_Modified_Q</name>
         <load_address>0x25f4</load_address>
         <readonly>true</readonly>
         <executable>true</executable>
         <run_address>0x25f4</run_address>
         <size>0x80</size>
         <alignment>0x4</alignment>
         <input_file_ref idref="fl-6"/>
      </object_component>
      <object_component id="oc-ee">
         <name>.text.splitArray</name>
         <load_address>0x2674</load_address>
         <readonly>true</readonly>
         <executable>true</executable>
         <run_address>0x2674</run_address>
         <size>0x80</size>
         <alignment>0x2</alignment>
         <input_file_ref idref="fl-5"/>
      </object_component>
      <object_component id="oc-157">
         <name>.text.SYSCFG_DL_ADC12_0_init</name>
         <load_address>0x26f4</load_address>
         <readonly>true</readonly>
         <executable>true</executable>
         <run_address>0x26f4</run_address>
         <size>0x7c</size>
         <alignment>0x4</alignment>
         <input_file_ref idref="fl-2"/>
      </object_component>
      <object_component id="oc-14e">
         <name>.text.SYSCFG_DL_initPower</name>
         <load_address>0x2770</load_address>
         <readonly>true</readonly>
         <executable>true</executable>
         <run_address>0x2770</run_address>
         <size>0x7c</size>
         <alignment>0x4</alignment>
         <input_file_ref idref="fl-2"/>
      </object_component>
      <object_component id="oc-aa">
         <name>.text.HAL_SoftStart</name>
         <load_address>0x27ec</load_address>
         <readonly>true</readonly>
         <executable>true</executable>
         <run_address>0x27ec</run_address>
         <size>0x78</size>
         <alignment>0x4</alignment>
         <input_file_ref idref="fl-a"/>
      </object_component>
      <object_component id="oc-1c">
         <name>.text:decompress:lzss</name>
         <load_address>0x2864</load_address>
         <readonly>true</readonly>
         <executable>true</executable>
         <run_address>0x2864</run_address>
         <size>0x78</size>
         <alignment>0x4</alignment>
         <input_file_ref idref="fl-35"/>
      </object_component>
      <object_component id="oc-143">
         <name>.text._PRFL_lookup3StageCharging_modified_Q</name>
         <load_address>0x28dc</load_address>
         <readonly>true</readonly>
         <executable>true</executable>
         <run_address>0x28dc</run_address>
         <size>0x74</size>
         <alignment>0x4</alignment>
         <input_file_ref idref="fl-9"/>
      </object_component>
      <object_component id="oc-6e">
         <name>.text.__truncdfsf2</name>
         <load_address>0x2950</load_address>
         <readonly>true</readonly>
         <executable>true</executable>
         <run_address>0x2950</run_address>
         <size>0x74</size>
         <alignment>0x10</alignment>
         <input_file_ref idref="fl-cc"/>
      </object_component>
      <object_component id="oc-14f">
         <name>.text.SYSCFG_DL_GPIO_init</name>
         <load_address>0x29c4</load_address>
         <readonly>true</readonly>
         <executable>true</executable>
         <run_address>0x29c4</run_address>
         <size>0x70</size>
         <alignment>0x4</alignment>
         <input_file_ref idref="fl-2"/>
      </object_component>
      <object_component id="oc-221">
         <name>.text.__gedf2</name>
         <load_address>0x2a34</load_address>
         <readonly>true</readonly>
         <executable>true</executable>
         <run_address>0x2a34</run_address>
         <size>0x70</size>
         <alignment>0x4</alignment>
         <input_file_ref idref="fl-d7"/>
      </object_component>
      <object_component id="oc-21b">
         <name>.text.__ledf2</name>
         <load_address>0x2aa4</load_address>
         <readonly>true</readonly>
         <executable>true</executable>
         <run_address>0x2aa4</run_address>
         <size>0x6c</size>
         <alignment>0x4</alignment>
         <input_file_ref idref="fl-d7"/>
      </object_component>
      <object_component id="oc-158">
         <name>.text.SYSCFG_DL_ADC12_1_init</name>
         <load_address>0x2b10</load_address>
         <readonly>true</readonly>
         <executable>true</executable>
         <run_address>0x2b10</run_address>
         <size>0x68</size>
         <alignment>0x4</alignment>
         <input_file_ref idref="fl-2"/>
      </object_component>
      <object_component id="oc-233">
         <name>.text._mcpy</name>
         <load_address>0x2b78</load_address>
         <readonly>true</readonly>
         <executable>true</executable>
         <run_address>0x2b78</run_address>
         <size>0x66</size>
         <alignment>0x2</alignment>
         <input_file_ref idref="fl-36"/>
      </object_component>
      <object_component id="oc-165">
         <name>.text.__aeabi_idiv0</name>
         <load_address>0x2bde</load_address>
         <readonly>true</readonly>
         <executable>true</executable>
         <run_address>0x2bde</run_address>
         <size>0x2</size>
         <alignment>0x2</alignment>
         <input_file_ref idref="fl-d8"/>
      </object_component>
      <object_component id="oc-201">
         <name>.text.__aeabi_dcmp</name>
         <load_address>0x2be0</load_address>
         <readonly>true</readonly>
         <executable>true</executable>
         <run_address>0x2be0</run_address>
         <size>0x62</size>
         <alignment>0x4</alignment>
         <input_file_ref idref="fl-cd"/>
      </object_component>
      <object_component id="oc-237">
         <name>.text.__aeabi_ldiv0</name>
         <load_address>0x2c42</load_address>
         <readonly>true</readonly>
         <executable>true</executable>
         <run_address>0x2c42</run_address>
         <size>0x2</size>
         <alignment>0x2</alignment>
         <input_file_ref idref="fl-d8"/>
      </object_component>
      <object_component id="oc-9f">
         <name>.text.__aeabi_fcmp</name>
         <load_address>0x2c44</load_address>
         <readonly>true</readonly>
         <executable>true</executable>
         <run_address>0x2c44</run_address>
         <size>0x62</size>
         <alignment>0x4</alignment>
         <input_file_ref idref="fl-ce"/>
      </object_component>
      <object_component id="oc-14d">
         <name>.text:memset</name>
         <load_address>0x2ca6</load_address>
         <readonly>true</readonly>
         <executable>true</executable>
         <run_address>0x2ca6</run_address>
         <size>0x62</size>
         <alignment>0x1</alignment>
         <input_file_ref idref="fl-db"/>
      </object_component>
      <object_component id="oc-154">
         <name>.text.SYSCFG_DL_ISRTIMER_init</name>
         <load_address>0x2d08</load_address>
         <readonly>true</readonly>
         <executable>true</executable>
         <run_address>0x2d08</run_address>
         <size>0x60</size>
         <alignment>0x4</alignment>
         <input_file_ref idref="fl-2"/>
      </object_component>
      <object_component id="oc-150">
         <name>.text.SYSCFG_DL_SYSCTL_init</name>
         <load_address>0x2d68</load_address>
         <readonly>true</readonly>
         <executable>true</executable>
         <run_address>0x2d68</run_address>
         <size>0x5c</size>
         <alignment>0x4</alignment>
         <input_file_ref idref="fl-2"/>
      </object_component>
      <object_component id="oc-223">
         <name>.text.frexp</name>
         <load_address>0x2dc4</load_address>
         <readonly>true</readonly>
         <executable>true</executable>
         <run_address>0x2dc4</run_address>
         <size>0x5c</size>
         <alignment>0x4</alignment>
         <input_file_ref idref="fl-42"/>
      </object_component>
      <object_component id="oc-72">
         <name>.text.CHRGR_manageOperationProtectings</name>
         <load_address>0x2e20</load_address>
         <readonly>true</readonly>
         <executable>true</executable>
         <run_address>0x2e20</run_address>
         <size>0x58</size>
         <alignment>0x4</alignment>
         <input_file_ref idref="fl-6"/>
      </object_component>
      <object_component id="oc-153">
         <name>.text.SYSCFG_DL_FANPWM_init</name>
         <load_address>0x2e78</load_address>
         <readonly>true</readonly>
         <executable>true</executable>
         <run_address>0x2e78</run_address>
         <size>0x58</size>
         <alignment>0x4</alignment>
         <input_file_ref idref="fl-2"/>
      </object_component>
      <object_component id="oc-22b">
         <name>.text.__TI_ltoa</name>
         <load_address>0x2ed0</load_address>
         <readonly>true</readonly>
         <executable>true</executable>
         <run_address>0x2ed0</run_address>
         <size>0x58</size>
         <alignment>0x2</alignment>
         <input_file_ref idref="fl-3c"/>
      </object_component>
      <object_component id="oc-207">
         <name>.text._pconv_f</name>
         <load_address>0x2f28</load_address>
         <readonly>true</readonly>
         <executable>true</executable>
         <run_address>0x2f28</run_address>
         <size>0x58</size>
         <alignment>0x2</alignment>
         <input_file_ref idref="fl-36"/>
      </object_component>
      <object_component id="oc-f4">
         <name>.text.__aeabi_idivmod</name>
         <load_address>0x2f80</load_address>
         <readonly>true</readonly>
         <executable>true</executable>
         <run_address>0x2f80</run_address>
         <size>0x56</size>
         <alignment>0x4</alignment>
         <input_file_ref idref="fl-cf"/>
      </object_component>
      <object_component id="oc-209">
         <name>.text.DL_DMA_configTransfer</name>
         <load_address>0x2fd6</load_address>
         <readonly>true</readonly>
         <executable>true</executable>
         <run_address>0x2fd6</run_address>
         <size>0x54</size>
         <alignment>0x2</alignment>
         <input_file_ref idref="fl-1b"/>
      </object_component>
      <object_component id="oc-144">
         <name>.text.PRFL_getTemperatureDeratingCurrent</name>
         <load_address>0x302c</load_address>
         <readonly>true</readonly>
         <executable>true</executable>
         <run_address>0x302c</run_address>
         <size>0x54</size>
         <alignment>0x4</alignment>
         <input_file_ref idref="fl-9"/>
      </object_component>
      <object_component id="oc-d0">
         <name>.text.SYSCFG_DL_init</name>
         <load_address>0x3080</load_address>
         <readonly>true</readonly>
         <executable>true</executable>
         <run_address>0x3080</run_address>
         <size>0x54</size>
         <alignment>0x4</alignment>
         <input_file_ref idref="fl-2"/>
      </object_component>
      <object_component id="oc-231">
         <name>.text._ecpy</name>
         <load_address>0x30d4</load_address>
         <readonly>true</readonly>
         <executable>true</executable>
         <run_address>0x30d4</run_address>
         <size>0x52</size>
         <alignment>0x2</alignment>
         <input_file_ref idref="fl-36"/>
      </object_component>
      <object_component id="oc-d8">
         <name>.text.HAL_initSystem</name>
         <load_address>0x3128</load_address>
         <readonly>true</readonly>
         <executable>true</executable>
         <run_address>0x3128</run_address>
         <size>0x50</size>
         <alignment>0x4</alignment>
         <input_file_ref idref="fl-a"/>
      </object_component>
      <object_component id="oc-1b8">
         <name>.text.DL_ADC12_setClockConfig</name>
         <load_address>0x3178</load_address>
         <readonly>true</readonly>
         <executable>true</executable>
         <run_address>0x3178</run_address>
         <size>0x4c</size>
         <alignment>0x4</alignment>
         <input_file_ref idref="fl-19"/>
      </object_component>
      <object_component id="oc-1a4">
         <name>.text.DL_SYSCTL_switchMCLKfromSYSOSCtoHSCLK</name>
         <load_address>0x31c4</load_address>
         <readonly>true</readonly>
         <executable>true</executable>
         <run_address>0x31c4</run_address>
         <size>0x4c</size>
         <alignment>0x4</alignment>
         <input_file_ref idref="fl-1f"/>
      </object_component>
      <object_component id="oc-1b5">
         <name>.text.DL_UART_init</name>
         <load_address>0x3210</load_address>
         <readonly>true</readonly>
         <executable>true</executable>
         <run_address>0x3210</run_address>
         <size>0x4c</size>
         <alignment>0x4</alignment>
         <input_file_ref idref="fl-1e"/>
      </object_component>
      <object_component id="oc-159">
         <name>.text.SYSCFG_DL_COMP_0_init</name>
         <load_address>0x325c</load_address>
         <readonly>true</readonly>
         <executable>true</executable>
         <run_address>0x325c</run_address>
         <size>0x4c</size>
         <alignment>0x4</alignment>
         <input_file_ref idref="fl-2"/>
      </object_component>
      <object_component id="oc-34">
         <name>.text.UART1_IRQHandler</name>
         <load_address>0x32a8</load_address>
         <readonly>true</readonly>
         <executable>true</executable>
         <run_address>0x32a8</run_address>
         <size>0x4c</size>
         <alignment>0x4</alignment>
         <input_file_ref idref="fl-b"/>
      </object_component>
      <object_component id="oc-e5">
         <name>.text.__fixdfsi</name>
         <load_address>0x32f4</load_address>
         <readonly>true</readonly>
         <executable>true</executable>
         <run_address>0x32f4</run_address>
         <size>0x4a</size>
         <alignment>0x4</alignment>
         <input_file_ref idref="fl-c5"/>
      </object_component>
      <object_component id="oc-1e4">
         <name>.text.DL_DMA_initChannel</name>
         <load_address>0x333e</load_address>
         <readonly>true</readonly>
         <executable>true</executable>
         <run_address>0x333e</run_address>
         <size>0x46</size>
         <alignment>0x2</alignment>
         <input_file_ref idref="fl-1b"/>
      </object_component>
      <object_component id="oc-1a8">
         <name>.text.DL_Timer_setCaptureCompareOutCtl</name>
         <load_address>0x3384</load_address>
         <readonly>true</readonly>
         <executable>true</executable>
         <run_address>0x3384</run_address>
         <size>0x40</size>
         <alignment>0x4</alignment>
         <input_file_ref idref="fl-1d"/>
      </object_component>
      <object_component id="oc-b1">
         <name>.text.HAL_setPFM</name>
         <load_address>0x33c4</load_address>
         <readonly>true</readonly>
         <executable>true</executable>
         <run_address>0x33c4</run_address>
         <size>0x40</size>
         <alignment>0x4</alignment>
         <input_file_ref idref="fl-a"/>
      </object_component>
      <object_component id="oc-ea">
         <name>.text.__aeabi_uidivmod</name>
         <load_address>0x3404</load_address>
         <readonly>true</readonly>
         <executable>true</executable>
         <run_address>0x3404</run_address>
         <size>0x40</size>
         <alignment>0x4</alignment>
         <input_file_ref idref="fl-d2"/>
      </object_component>
      <object_component id="oc-16b">
         <name>.text.atoi</name>
         <load_address>0x3444</load_address>
         <readonly>true</readonly>
         <executable>true</executable>
         <run_address>0x3444</run_address>
         <size>0x40</size>
         <alignment>0x4</alignment>
         <input_file_ref idref="fl-2d"/>
      </object_component>
      <object_component id="oc-1db">
         <name>.text.DL_Timer_setCaptureCompareCtl</name>
         <load_address>0x3484</load_address>
         <readonly>true</readonly>
         <executable>true</executable>
         <run_address>0x3484</run_address>
         <size>0x3c</size>
         <alignment>0x4</alignment>
         <input_file_ref idref="fl-1d"/>
      </object_component>
      <object_component id="oc-12c">
         <name>.text.__gtsf2</name>
         <load_address>0x34c0</load_address>
         <readonly>true</readonly>
         <executable>true</executable>
         <run_address>0x34c0</run_address>
         <size>0x3c</size>
         <alignment>0x4</alignment>
         <input_file_ref idref="fl-d4"/>
      </object_component>
      <object_component id="oc-114">
         <name>.text:__TI_auto_init_nobinit_nopinit</name>
         <load_address>0x34fc</load_address>
         <readonly>true</readonly>
         <executable>true</executable>
         <run_address>0x34fc</run_address>
         <size>0x3c</size>
         <alignment>0x4</alignment>
         <input_file_ref idref="fl-30"/>
      </object_component>
      <object_component id="oc-127">
         <name>.text.__eqsf2</name>
         <load_address>0x3538</load_address>
         <readonly>true</readonly>
         <executable>true</executable>
         <run_address>0x3538</run_address>
         <size>0x3a</size>
         <alignment>0x4</alignment>
         <input_file_ref idref="fl-d4"/>
      </object_component>
      <object_component id="oc-98">
         <name>.text.__muldsi3</name>
         <load_address>0x3574</load_address>
         <readonly>true</readonly>
         <executable>true</executable>
         <run_address>0x3574</run_address>
         <size>0x3a</size>
         <alignment>0x4</alignment>
         <input_file_ref idref="fl-c0"/>
      </object_component>
      <object_component id="oc-20a">
         <name>.text.DL_DMA_setTrigger</name>
         <load_address>0x35b0</load_address>
         <readonly>true</readonly>
         <executable>true</executable>
         <run_address>0x35b0</run_address>
         <size>0x38</size>
         <alignment>0x4</alignment>
         <input_file_ref idref="fl-1b"/>
      </object_component>
      <object_component id="oc-f9">
         <name>.text.sprintf</name>
         <load_address>0x35e8</load_address>
         <readonly>true</readonly>
         <executable>true</executable>
         <run_address>0x35e8</run_address>
         <size>0x38</size>
         <alignment>0x4</alignment>
         <input_file_ref idref="fl-2c"/>
      </object_component>
      <object_component id="oc-1a9">
         <name>.text.DL_Timer_setCaptCompUpdateMethod</name>
         <load_address>0x3620</load_address>
         <readonly>true</readonly>
         <executable>true</executable>
         <run_address>0x3620</run_address>
         <size>0x34</size>
         <alignment>0x4</alignment>
         <input_file_ref idref="fl-1d"/>
      </object_component>
      <object_component id="oc-1da">
         <name>.text.DL_Timer_setCaptureCompareAction</name>
         <load_address>0x3654</load_address>
         <readonly>true</readonly>
         <executable>true</executable>
         <run_address>0x3654</run_address>
         <size>0x34</size>
         <alignment>0x4</alignment>
         <input_file_ref idref="fl-1d"/>
      </object_component>
      <object_component id="oc-1dc">
         <name>.text.DL_Timer_setCaptureCompareInput</name>
         <load_address>0x3688</load_address>
         <readonly>true</readonly>
         <executable>true</executable>
         <run_address>0x3688</run_address>
         <size>0x34</size>
         <alignment>0x2</alignment>
         <input_file_ref idref="fl-1d"/>
      </object_component>
      <object_component id="oc-1a6">
         <name>.text.DL_Timer_setClockConfig</name>
         <load_address>0x36bc</load_address>
         <readonly>true</readonly>
         <executable>true</executable>
         <run_address>0x36bc</run_address>
         <size>0x34</size>
         <alignment>0x4</alignment>
         <input_file_ref idref="fl-1d"/>
      </object_component>
      <object_component id="oc-1aa">
         <name>.text.DL_Timer_setFaultSourceConfig</name>
         <load_address>0x36f0</load_address>
         <readonly>true</readonly>
         <executable>true</executable>
         <run_address>0x36f0</run_address>
         <size>0x34</size>
         <alignment>0x4</alignment>
         <input_file_ref idref="fl-1d"/>
      </object_component>
      <object_component id="oc-232">
         <name>.text._fcpy</name>
         <load_address>0x3724</load_address>
         <readonly>true</readonly>
         <executable>true</executable>
         <run_address>0x3724</run_address>
         <size>0x30</size>
         <alignment>0x2</alignment>
         <input_file_ref idref="fl-36"/>
      </object_component>
      <object_component id="oc-dc">
         <name>.text.DL_Timer_setCaptureCompareValue</name>
         <load_address>0x3754</load_address>
         <readonly>true</readonly>
         <executable>true</executable>
         <run_address>0x3754</run_address>
         <size>0x2c</size>
         <alignment>0x4</alignment>
         <input_file_ref idref="fl-1d"/>
      </object_component>
      <object_component id="oc-12e">
         <name>.text.HAL_setPFWM</name>
         <load_address>0x3780</load_address>
         <readonly>true</readonly>
         <executable>true</executable>
         <run_address>0x3780</run_address>
         <size>0x2c</size>
         <alignment>0x4</alignment>
         <input_file_ref idref="fl-a"/>
      </object_component>
      <object_component id="oc-13a">
         <name>.text.ISR_Delay_us</name>
         <load_address>0x37ac</load_address>
         <readonly>true</readonly>
         <executable>true</executable>
         <run_address>0x37ac</run_address>
         <size>0x2c</size>
         <alignment>0x4</alignment>
         <input_file_ref idref="fl-1"/>
      </object_component>
      <object_component id="oc-155">
         <name>.text.SYSCFG_DL_MACHINECYCLETIMER_init</name>
         <load_address>0x37d8</load_address>
         <readonly>true</readonly>
         <executable>true</executable>
         <run_address>0x37d8</run_address>
         <size>0x2c</size>
         <alignment>0x4</alignment>
         <input_file_ref idref="fl-2"/>
      </object_component>
      <object_component id="oc-dd">
         <name>.text.__floatsidf</name>
         <load_address>0x3804</load_address>
         <readonly>true</readonly>
         <executable>true</executable>
         <run_address>0x3804</run_address>
         <size>0x2c</size>
         <alignment>0x4</alignment>
         <input_file_ref idref="fl-c8"/>
      </object_component>
      <object_component id="oc-1e3">
         <name>.text.DL_Common_updateReg</name>
         <load_address>0x3830</load_address>
         <readonly>true</readonly>
         <executable>true</executable>
         <run_address>0x3830</run_address>
         <size>0x28</size>
         <alignment>0x2</alignment>
         <input_file_ref idref="fl-19"/>
      </object_component>
      <object_component id="oc-236">
         <name>.text.DL_Common_updateReg</name>
         <load_address>0x3858</load_address>
         <readonly>true</readonly>
         <executable>true</executable>
         <run_address>0x3858</run_address>
         <size>0x28</size>
         <alignment>0x2</alignment>
         <input_file_ref idref="fl-1b"/>
      </object_component>
      <object_component id="oc-1d6">
         <name>.text.DL_Common_updateReg</name>
         <load_address>0x3880</load_address>
         <readonly>true</readonly>
         <executable>true</executable>
         <run_address>0x3880</run_address>
         <size>0x28</size>
         <alignment>0x2</alignment>
         <input_file_ref idref="fl-1f"/>
      </object_component>
      <object_component id="oc-1de">
         <name>.text.DL_Common_updateReg</name>
         <load_address>0x38a8</load_address>
         <readonly>true</readonly>
         <executable>true</executable>
         <run_address>0x38a8</run_address>
         <size>0x28</size>
         <alignment>0x2</alignment>
         <input_file_ref idref="fl-1d"/>
      </object_component>
      <object_component id="oc-1e2">
         <name>.text.DL_Common_updateReg</name>
         <load_address>0x38d0</load_address>
         <readonly>true</readonly>
         <executable>true</executable>
         <run_address>0x38d0</run_address>
         <size>0x28</size>
         <alignment>0x2</alignment>
         <input_file_ref idref="fl-1e"/>
      </object_component>
      <object_component id="oc-e9">
         <name>.text.DL_Timer_getCaptureCompareValue</name>
         <load_address>0x38f8</load_address>
         <readonly>true</readonly>
         <executable>true</executable>
         <run_address>0x38f8</run_address>
         <size>0x28</size>
         <alignment>0x4</alignment>
         <input_file_ref idref="fl-1d"/>
      </object_component>
      <object_component id="oc-da">
         <name>.text.PRFL_getTemperatureDeratingFAN</name>
         <load_address>0x3920</load_address>
         <readonly>true</readonly>
         <executable>true</executable>
         <run_address>0x3920</run_address>
         <size>0x28</size>
         <alignment>0x4</alignment>
         <input_file_ref idref="fl-9"/>
      </object_component>
      <object_component id="oc-56">
         <name>.text:_c_int00_noargs</name>
         <load_address>0x3948</load_address>
         <readonly>true</readonly>
         <executable>true</executable>
         <run_address>0x3948</run_address>
         <size>0x28</size>
         <alignment>0x4</alignment>
         <input_file_ref idref="fl-2e"/>
      </object_component>
      <object_component id="oc-1b4">
         <name>.text.DL_UART_setClockConfig</name>
         <load_address>0x3970</load_address>
         <readonly>true</readonly>
         <executable>true</executable>
         <run_address>0x3970</run_address>
         <size>0x24</size>
         <alignment>0x4</alignment>
         <input_file_ref idref="fl-1e"/>
      </object_component>
      <object_component id="oc-62">
         <name>.text.__floatunsidf</name>
         <load_address>0x3994</load_address>
         <readonly>true</readonly>
         <executable>true</executable>
         <run_address>0x3994</run_address>
         <size>0x24</size>
         <alignment>0x4</alignment>
         <input_file_ref idref="fl-c9"/>
      </object_component>
      <object_component id="oc-1f8">
         <name>.text.__muldi3</name>
         <load_address>0x39b8</load_address>
         <readonly>true</readonly>
         <executable>true</executable>
         <run_address>0x39b8</run_address>
         <size>0x24</size>
         <alignment>0x4</alignment>
         <input_file_ref idref="fl-cb"/>
      </object_component>
      <object_component id="oc-1e8">
         <name>.text.memccpy</name>
         <load_address>0x39dc</load_address>
         <readonly>true</readonly>
         <executable>true</executable>
         <run_address>0x39dc</run_address>
         <size>0x22</size>
         <alignment>0x2</alignment>
         <input_file_ref idref="fl-40"/>
      </object_component>
      <object_component id="oc-1d8">
         <name>.text.DL_CORE_configInstruction</name>
         <load_address>0x3a00</load_address>
         <readonly>true</readonly>
         <executable>true</executable>
         <run_address>0x3a00</run_address>
         <size>0x20</size>
         <alignment>0x4</alignment>
         <input_file_ref idref="fl-1f"/>
      </object_component>
      <object_component id="oc-1e0">
         <name>.text.DL_Timer_setCounterValueAfterEnable</name>
         <load_address>0x3a20</load_address>
         <readonly>true</readonly>
         <executable>true</executable>
         <run_address>0x3a20</run_address>
         <size>0x20</size>
         <alignment>0x4</alignment>
         <input_file_ref idref="fl-1d"/>
      </object_component>
      <object_component id="oc-238">
         <name>.text.__ashldi3</name>
         <load_address>0x3a40</load_address>
         <readonly>true</readonly>
         <executable>true</executable>
         <run_address>0x3a40</run_address>
         <size>0x1e</size>
         <alignment>0x4</alignment>
         <input_file_ref idref="fl-d6"/>
      </object_component>
      <object_component id="oc-d9">
         <name>.text.HAL_transmitUARTMessage</name>
         <load_address>0x3a60</load_address>
         <readonly>true</readonly>
         <executable>true</executable>
         <run_address>0x3a60</run_address>
         <size>0x1c</size>
         <alignment>0x4</alignment>
         <input_file_ref idref="fl-a"/>
      </object_component>
      <object_component id="oc-1d9">
         <name>.text.DL_SYSCTL_setHSCLKSource</name>
         <load_address>0x3a7c</load_address>
         <readonly>true</readonly>
         <executable>true</executable>
         <run_address>0x3a7c</run_address>
         <size>0x18</size>
         <alignment>0x4</alignment>
         <input_file_ref idref="fl-1f"/>
      </object_component>
      <object_component id="oc-1df">
         <name>.text.DL_Timer_setLoadValue</name>
         <load_address>0x3a94</load_address>
         <readonly>true</readonly>
         <executable>true</executable>
         <run_address>0x3a94</run_address>
         <size>0x18</size>
         <alignment>0x4</alignment>
         <input_file_ref idref="fl-1d"/>
      </object_component>
      <object_component id="oc-1bb">
         <name>.text.SYSCFG_DL_DMA_CH_TX_init</name>
         <load_address>0x3aac</load_address>
         <readonly>true</readonly>
         <executable>true</executable>
         <run_address>0x3aac</run_address>
         <size>0x18</size>
         <alignment>0x4</alignment>
         <input_file_ref idref="fl-2"/>
      </object_component>
      <object_component id="oc-18a">
         <name>.text._outs</name>
         <load_address>0x3ac4</load_address>
         <readonly>true</readonly>
         <executable>true</executable>
         <run_address>0x3ac4</run_address>
         <size>0x18</size>
         <alignment>0x2</alignment>
         <input_file_ref idref="fl-2c"/>
      </object_component>
      <object_component id="oc-1e1">
         <name>.text.DL_UART_disable</name>
         <load_address>0x3adc</load_address>
         <readonly>true</readonly>
         <executable>true</executable>
         <run_address>0x3adc</run_address>
         <size>0x16</size>
         <alignment>0x2</alignment>
         <input_file_ref idref="fl-1e"/>
      </object_component>
      <object_component id="oc-4d">
         <name>.text:decompress:ZI:__TI_zero_init_nomemset</name>
         <load_address>0x3af2</load_address>
         <readonly>true</readonly>
         <executable>true</executable>
         <run_address>0x3af2</run_address>
         <size>0x16</size>
         <alignment>0x2</alignment>
         <input_file_ref idref="fl-33"/>
      </object_component>
      <object_component id="oc-d7">
         <name>.text.DL_Common_delayCycles</name>
         <load_address>0x3b08</load_address>
         <readonly>true</readonly>
         <executable>true</executable>
         <run_address>0x3b08</run_address>
         <size>0x14</size>
         <alignment>0x2</alignment>
         <input_file_ref idref="fl-1a"/>
      </object_component>
      <object_component id="oc-1d4">
         <name>.text.DL_SYSCTL_disableSYSPLL</name>
         <load_address>0x3b1c</load_address>
         <readonly>true</readonly>
         <executable>true</executable>
         <run_address>0x3b1c</run_address>
         <size>0x14</size>
         <alignment>0x4</alignment>
         <input_file_ref idref="fl-1f"/>
      </object_component>
      <object_component id="oc-1fd">
         <name>.text.__aeabi_uldivmod</name>
         <load_address>0x3b30</load_address>
         <readonly>true</readonly>
         <executable>true</executable>
         <run_address>0x3b30</run_address>
         <size>0x14</size>
         <alignment>0x4</alignment>
         <input_file_ref idref="fl-d3"/>
      </object_component>
      <object_component id="oc-230">
         <name>.text.strchr</name>
         <load_address>0x3b44</load_address>
         <readonly>true</readonly>
         <executable>true</executable>
         <run_address>0x3b44</run_address>
         <size>0x14</size>
         <alignment>0x2</alignment>
         <input_file_ref idref="fl-36"/>
      </object_component>
      <object_component id="oc-20">
         <name>.text:decompress:none</name>
         <load_address>0x3b58</load_address>
         <readonly>true</readonly>
         <executable>true</executable>
         <run_address>0x3b58</run_address>
         <size>0x12</size>
         <alignment>0x2</alignment>
         <input_file_ref idref="fl-34"/>
      </object_component>
      <object_component id="oc-1d7">
         <name>.text.DL_CORE_getInstructionConfig</name>
         <load_address>0x3b6c</load_address>
         <readonly>true</readonly>
         <executable>true</executable>
         <run_address>0x3b6c</run_address>
         <size>0x10</size>
         <alignment>0x4</alignment>
         <input_file_ref idref="fl-1f"/>
      </object_component>
      <object_component id="oc-1ef">
         <name>.text.wcslen</name>
         <load_address>0x3b7c</load_address>
         <readonly>true</readonly>
         <executable>true</executable>
         <run_address>0x3b7c</run_address>
         <size>0x10</size>
         <alignment>0x2</alignment>
         <input_file_ref idref="fl-37"/>
      </object_component>
      <object_component id="oc-1e7">
         <name>.text.__aeabi_memset</name>
         <load_address>0x3b8c</load_address>
         <readonly>true</readonly>
         <executable>true</executable>
         <run_address>0x3b8c</run_address>
         <size>0xe</size>
         <alignment>0x4</alignment>
         <input_file_ref idref="fl-d1"/>
      </object_component>
      <object_component id="oc-1e6">
         <name>.text.strlen</name>
         <load_address>0x3b9a</load_address>
         <readonly>true</readonly>
         <executable>true</executable>
         <run_address>0x3b9a</run_address>
         <size>0xe</size>
         <alignment>0x2</alignment>
         <input_file_ref idref="fl-36"/>
      </object_component>
      <object_component id="oc-1d5">
         <name>.text.DL_SYSCTL_getClockStatus</name>
         <load_address>0x3ba8</load_address>
         <readonly>true</readonly>
         <executable>true</executable>
         <run_address>0x3ba8</run_address>
         <size>0xc</size>
         <alignment>0x4</alignment>
         <input_file_ref idref="fl-1f"/>
      </object_component>
      <object_component id="oc-19e">
         <name>.text._CTRL_Get_Ramp_Up_Value</name>
         <load_address>0x3bb4</load_address>
         <readonly>true</readonly>
         <executable>true</executable>
         <run_address>0x3bb4</run_address>
         <size>0xc</size>
         <alignment>0x2</alignment>
         <input_file_ref idref="fl-7"/>
      </object_component>
      <object_component id="oc-22f">
         <name>.text.OUTLINED_FUNCTION_0</name>
         <load_address>0x3bc0</load_address>
         <readonly>true</readonly>
         <executable>true</executable>
         <run_address>0x3bc0</run_address>
         <size>0xa</size>
         <alignment>0x2</alignment>
         <input_file_ref idref="fl-36"/>
      </object_component>
      <object_component id="oc-290">
         <name>.tramp.__aeabi_dsub.1</name>
         <load_address>0x3bcc</load_address>
         <readonly>true</readonly>
         <executable>true</executable>
         <run_address>0x3bcc</run_address>
         <size>0x10</size>
         <alignment>0x4</alignment>
         <input_file_ref idref="fl-be"/>
      </object_component>
      <object_component id="oc-234">
         <name>.text.OUTLINED_FUNCTION_1</name>
         <load_address>0x3bdc</load_address>
         <readonly>true</readonly>
         <executable>true</executable>
         <run_address>0x3bdc</run_address>
         <size>0xa</size>
         <alignment>0x2</alignment>
         <input_file_ref idref="fl-36"/>
      </object_component>
      <object_component id="oc-18b">
         <name>.text._outc</name>
         <load_address>0x3be6</load_address>
         <readonly>true</readonly>
         <executable>true</executable>
         <run_address>0x3be6</run_address>
         <size>0xa</size>
         <alignment>0x2</alignment>
         <input_file_ref idref="fl-2c"/>
      </object_component>
      <object_component id="oc-15a">
         <name>.text.SYSCFG_DL_DMA_init</name>
         <load_address>0x3bf0</load_address>
         <readonly>true</readonly>
         <executable>true</executable>
         <run_address>0x3bf0</run_address>
         <size>0x8</size>
         <alignment>0x2</alignment>
         <input_file_ref idref="fl-2"/>
      </object_component>
      <object_component id="oc-1f3">
         <name>.text.__aeabi_errno_addr</name>
         <load_address>0x3bf8</load_address>
         <readonly>true</readonly>
         <executable>true</executable>
         <run_address>0x3bf8</run_address>
         <size>0x8</size>
         <alignment>0x4</alignment>
         <input_file_ref idref="fl-39"/>
      </object_component>
      <object_component id="oc-46">
         <name>.text.__aeabi_memcpy</name>
         <load_address>0x3c00</load_address>
         <readonly>true</readonly>
         <executable>true</executable>
         <run_address>0x3c00</run_address>
         <size>0x8</size>
         <alignment>0x4</alignment>
         <input_file_ref idref="fl-d0"/>
      </object_component>
      <object_component id="oc-2f">
         <name>.text.Reset_Handler</name>
         <load_address>0x3c08</load_address>
         <readonly>true</readonly>
         <executable>true</executable>
         <run_address>0x3c08</run_address>
         <size>0x4</size>
         <alignment>0x2</alignment>
         <input_file_ref idref="fl-3"/>
      </object_component>
      <object_component id="oc-88">
         <name>.text._system_pre_init</name>
         <load_address>0x3c0c</load_address>
         <readonly>true</readonly>
         <executable>true</executable>
         <run_address>0x3c0c</run_address>
         <size>0x4</size>
         <alignment>0x2</alignment>
         <input_file_ref idref="fl-31"/>
      </object_component>
      <object_component id="oc-10d">
         <name>.text:abort</name>
         <load_address>0x3c10</load_address>
         <readonly>true</readonly>
         <executable>true</executable>
         <run_address>0x3c10</run_address>
         <size>0x4</size>
         <alignment>0x2</alignment>
         <input_file_ref idref="fl-3a"/>
      </object_component>
      <object_component id="oc-28c">
         <name>.cinit..data.load</name>
         <load_address>0x3f50</load_address>
         <readonly>true</readonly>
         <run_address>0x3f50</run_address>
         <size>0x33</size>
         <alignment>0x1</alignment>
      </object_component>
      <object_component id="oc-28a">
         <name>__TI_handler_table</name>
         <load_address>0x3f84</load_address>
         <readonly>true</readonly>
         <run_address>0x3f84</run_address>
         <size>0xc</size>
         <alignment>0x4</alignment>
      </object_component>
      <object_component id="oc-28d">
         <name>.cinit..bss.load</name>
         <load_address>0x3f90</load_address>
         <readonly>true</readonly>
         <run_address>0x3f90</run_address>
         <size>0x8</size>
         <alignment>0x4</alignment>
      </object_component>
      <object_component id="oc-28b">
         <name>__TI_cinit_table</name>
         <load_address>0x3f98</load_address>
         <readonly>true</readonly>
         <run_address>0x3f98</run_address>
         <size>0x10</size>
         <alignment>0x4</alignment>
      </object_component>
      <object_component id="oc-1bf">
         <name>.rodata:__aeabi_ctype_table_</name>
         <load_address>0x3c20</load_address>
         <readonly>true</readonly>
         <run_address>0x3c20</run_address>
         <size>0x101</size>
         <alignment>0x10</alignment>
         <input_file_ref idref="fl-38"/>
      </object_component>
      <object_component id="oc-161">
         <name>.rodata.str1.151386154206397035201</name>
         <load_address>0x3d21</load_address>
         <readonly>true</readonly>
         <run_address>0x3d21</run_address>
         <size>0x64</size>
         <alignment>0x1</alignment>
         <input_file_ref idref="fl-4"/>
      </object_component>
      <object_component id="oc-160">
         <name>.rodata.str1.17503736760117533011</name>
         <load_address>0x3d85</load_address>
         <readonly>true</readonly>
         <run_address>0x3d85</run_address>
         <size>0x5b</size>
         <alignment>0x1</alignment>
         <input_file_ref idref="fl-4"/>
      </object_component>
      <object_component id="oc-10c">
         <name>.rodata.str1.176328792963337784071</name>
         <load_address>0x3de0</load_address>
         <readonly>true</readonly>
         <run_address>0x3de0</run_address>
         <size>0x3a</size>
         <alignment>0x1</alignment>
         <input_file_ref idref="fl-b"/>
      </object_component>
      <object_component id="oc-1b6">
         <name>.rodata.gUART_0ClockConfig</name>
         <load_address>0x3e1a</load_address>
         <readonly>true</readonly>
         <run_address>0x3e1a</run_address>
         <size>0x2</size>
         <alignment>0x1</alignment>
         <input_file_ref idref="fl-2"/>
      </object_component>
      <object_component id="oc-1a5">
         <name>.rodata.gSYSPLLConfig</name>
         <load_address>0x3e1c</load_address>
         <readonly>true</readonly>
         <run_address>0x3e1c</run_address>
         <size>0x28</size>
         <alignment>0x4</alignment>
         <input_file_ref idref="fl-2"/>
      </object_component>
      <object_component id="oc-1e5">
         <name>.rodata.gDMA_CH_TXConfig</name>
         <load_address>0x3e44</load_address>
         <readonly>true</readonly>
         <run_address>0x3e44</run_address>
         <size>0x18</size>
         <alignment>0x4</alignment>
         <input_file_ref idref="fl-2"/>
      </object_component>
      <object_component id="oc-1b1">
         <name>.rodata.gISRTIMERTimerConfig</name>
         <load_address>0x3e5c</load_address>
         <readonly>true</readonly>
         <run_address>0x3e5c</run_address>
         <size>0x14</size>
         <alignment>0x4</alignment>
         <input_file_ref idref="fl-2"/>
      </object_component>
      <object_component id="oc-1b3">
         <name>.rodata.gMACHINECYCLETIMERTimerConfig</name>
         <load_address>0x3e70</load_address>
         <readonly>true</readonly>
         <run_address>0x3e70</run_address>
         <size>0x14</size>
         <alignment>0x4</alignment>
         <input_file_ref idref="fl-2"/>
      </object_component>
      <object_component id="oc-1fc">
         <name>.rodata.str1.11645776875810915891</name>
         <load_address>0x3e84</load_address>
         <readonly>true</readonly>
         <run_address>0x3e84</run_address>
         <size>0x11</size>
         <alignment>0x1</alignment>
         <input_file_ref idref="fl-36"/>
      </object_component>
      <object_component id="oc-1ec">
         <name>.rodata.str1.44690500295887128011</name>
         <load_address>0x3e95</load_address>
         <readonly>true</readonly>
         <run_address>0x3e95</run_address>
         <size>0x11</size>
         <alignment>0x1</alignment>
         <input_file_ref idref="fl-36"/>
      </object_component>
      <object_component id="oc-1b7">
         <name>.rodata.gUART_0Config</name>
         <load_address>0x3ea6</load_address>
         <readonly>true</readonly>
         <run_address>0x3ea6</run_address>
         <size>0xa</size>
         <alignment>0x2</alignment>
         <input_file_ref idref="fl-2"/>
      </object_component>
      <object_component id="oc-1b9">
         <name>.rodata.gADC12_0ClockConfig</name>
         <load_address>0x3eb0</load_address>
         <readonly>true</readonly>
[...]
         <value>0x3a61</value>
         <object_component_ref idref="oc-d9"/>
      </symbol>
      <symbol id="sm-17f">
         <name>HAL_initSystem</name>
         <value>0x3129</value>
         <object_component_ref idref="oc-d8"/>
      </symbol>
      <symbol id="sm-191">
         <name>main</name>
         <value>0xac1</value>
         <object_component_ref idref="oc-8c"/>
      </symbol>
      <symbol id="sm-192">
         <name>ReadPackage</name>
         <value>0x20200298</value>
      </symbol>
      <symbol id="sm-193">
         <name>Print_Saved_State</name>
         <value>0x20200293</value>
      </symbol>
      <symbol id="sm-194">
         <name>WritePackage</name>
         <value>0x202002c8</value>
      </symbol>
      <symbol id="sm-195">
         <name>Tsw</name>
         <value>0x2020037c</value>
         <object_component_ref idref="oc-104"/>
      </symbol>
      <symbol id="sm-196">
         <name>Fsw</name>
         <value>0x20200376</value>
         <object_component_ref idref="oc-105"/>
      </symbol>
      <symbol id="sm-197">
         <name>D</name>
         <value>0x20200374</value>
         <object_component_ref idref="oc-106"/>
      </symbol>
      <symbol id="sm-198">
         <name>rxPacket</name>
         <value>0x20200260</value>
      </symbol>
      <symbol id="sm-199">
         <name>index_rxPacket</name>
         <value>0x20200382</value>
         <object_component_ref idref="oc-5d"/>
      </symbol>
      <symbol id="sm-19a">
         <name>TIMG0_IRQHandler</name>
         <value>0x20c9</value>
         <object_component_ref idref="oc-39"/>
      </symbol>
      <symbol id="sm-19b">
         <name>time_measure</name>
         <value>0x2020037e</value>
         <object_component_ref idref="oc-7e"/>
      </symbol>
      <symbol id="sm-19c">
         <name>UART1_IRQHandler</name>
         <value>0x32a9</value>
         <object_component_ref idref="oc-34"/>
      </symbol>
      <symbol id="sm-19d">
         <name>receiveChar</name>
         <value>0x20200314</value>
      </symbol>
      <symbol id="sm-19e">
         <name>__TI_ATRegion0_src_addr</name>
         <value>0x0</value>
      </symbol>
      <symbol id="sm-19f">
         <name>__TI_ATRegion0_trg_addr</name>
         <value>0x0</value>
      </symbol>
      <symbol id="sm-1a0">
         <name>__TI_ATRegion0_region_sz</name>
         <value>0x0</value>
      </symbol>
      <symbol id="sm-1a1">
         <name>__TI_ATRegion1_src_addr</name>
         <value>0x0</value>
      </symbol>
      <symbol id="sm-1a2">
         <name>__TI_ATRegion1_trg_addr</name>
         <value>0x0</value>
      </symbol>
      <symbol id="sm-1a3">
         <name>__TI_ATRegion1_region_sz</name>
         <value>0x0</value>
      </symbol>
      <symbol id="sm-1a4">
         <name>__TI_ATRegion2_src_addr</name>
         <value>0x0</value>
      </symbol>
      <symbol id="sm-1a5">
         <name>__TI_ATRegion2_trg_addr</name>
         <value>0x0</value>
      </symbol>
      <symbol id="sm-1a6">
         <name>__TI_ATRegion2_region_sz</name>
         <value>0x0</value>
      </symbol>
      <symbol id="sm-1ac">
         <name>DL_ADC12_setClockConfig</name>
         <value>0x3179</value>
         <object_component_ref idref="oc-1b8"/>
      </symbol>
      <symbol id="sm-1af">
         <name>DL_Common_delayCycles</name>
         <value>0x3b09</value>
         <object_component_ref idref="oc-d7"/>
      </symbol>
      <symbol id="sm-1b9">
         <name>DL_DMA_initChannel</name>
         <value>0x333f</value>
         <object_component_ref idref="oc-1e4"/>
      </symbol>
      <symbol id="sm-1df">
         <name>DL_Timer_setClockConfig</name>
         <value>0x36bd</value>
         <object_component_ref idref="oc-1a6"/>
      </symbol>
      <symbol id="sm-1e0">
         <name>DL_Timer_initTimerMode</name>
         <value>0x1df1</value>
         <object_component_ref idref="oc-1af"/>
      </symbol>
      <symbol id="sm-1e1">
         <name>DL_Timer_setCaptureCompareValue</name>
         <value>0x3755</value>
         <object_component_ref idref="oc-dc"/>
      </symbol>
      <symbol id="sm-1e2">
         <name>DL_Timer_setCaptureCompareCtl</name>
         <value>0x3485</value>
         <object_component_ref idref="oc-1db"/>
      </symbol>
      <symbol id="sm-1e3">
         <name>DL_Timer_setCaptureCompareInput</name>
         <value>0x3689</value>
         <object_component_ref idref="oc-1dc"/>
      </symbol>
      <symbol id="sm-1e4">
         <name>DL_Timer_getCaptureCompareValue</name>
         <value>0x38f9</value>
         <object_component_ref idref="oc-e9"/>
      </symbol>
      <symbol id="sm-1e5">
         <name>DL_Timer_setCaptCompUpdateMethod</name>
         <value>0x3621</value>
         <object_component_ref idref="oc-1a9"/>
      </symbol>
      <symbol id="sm-1e6">
         <name>DL_Timer_setCaptureCompareOutCtl</name>
         <value>0x3385</value>
         <object_component_ref idref="oc-1a8"/>
      </symbol>
      <symbol id="sm-1e7">
         <name>DL_Timer_setCaptureCompareAction</name>
         <value>0x3655</value>
         <object_component_ref idref="oc-1da"/>
      </symbol>
      <symbol id="sm-1e8">
         <name>DL_Timer_initFourCCPWMMode</name>
         <value>0x1fdd</value>
         <object_component_ref idref="oc-1a7"/>
      </symbol>
      <symbol id="sm-1e9">
         <name>DL_Timer_setFaultSourceConfig</name>
         <value>0x36f1</value>
         <object_component_ref idref="oc-1aa"/>
      </symbol>
      <symbol id="sm-1f3">
         <name>DL_UART_init</name>
         <value>0x3211</value>
         <object_component_ref idref="oc-1b5"/>
      </symbol>
      <symbol id="sm-1f4">
         <name>DL_UART_setClockConfig</name>
         <value>0x3971</value>
         <object_component_ref idref="oc-1b4"/>
      </symbol>
      <symbol id="sm-20b">
         <name>DL_SYSCTL_configSYSPLL</name>
         <value>0x1ef1</value>
         <object_component_ref idref="oc-1a3"/>
      </symbol>
      <symbol id="sm-20c">
         <name>DL_SYSCTL_switchMCLKfromSYSOSCtoHSCLK</name>
         <value>0x31c5</value>
         <object_component_ref idref="oc-1a4"/>
      </symbol>
      <symbol id="sm-21d">
         <name>sprintf</name>
         <value>0x35e9</value>
         <object_component_ref idref="oc-f9"/>
      </symbol>
      <symbol id="sm-227">
         <name>atoi</name>
         <value>0x3445</value>
         <object_component_ref idref="oc-16b"/>
      </symbol>
      <symbol id="sm-232">
         <name>_c_int00_noargs</name>
         <value>0x3949</value>
         <object_component_ref idref="oc-56"/>
      </symbol>
      <symbol id="sm-233">
         <name>__stack</name>
         <value>0x20203e00</value>
         <object_component_ref idref="oc-1a"/>
      </symbol>
      <symbol id="sm-23f">
         <name>__TI_auto_init_nobinit_nopinit</name>
         <value>0x34fd</value>
         <object_component_ref idref="oc-114"/>
      </symbol>
      <symbol id="sm-247">
         <name>_system_pre_init</name>
         <value>0x3c0d</value>
         <object_component_ref idref="oc-88"/>
      </symbol>
      <symbol id="sm-252">
         <name>__TI_zero_init_nomemset</name>
         <value>0x3af3</value>
         <object_component_ref idref="oc-4d"/>
      </symbol>
      <symbol id="sm-25b">
         <name>__TI_decompress_none</name>
         <value>0x3b59</value>
         <object_component_ref idref="oc-20"/>
      </symbol>
      <symbol id="sm-266">
         <name>__TI_decompress_lzss</name>
         <value>0x2865</value>
         <object_component_ref idref="oc-1c"/>
      </symbol>
      <symbol id="sm-2af">
         <name>__TI_printfi</name>
         <value>0xc1</value>
         <object_component_ref idref="oc-1ca"/>
      </symbol>
      <symbol id="sm-2b8">
         <name>wcslen</name>
         <value>0x3b7d</value>
         <object_component_ref idref="oc-1ef"/>
      </symbol>
      <symbol id="sm-2b9">
         <name>__aeabi_ctype_table_</name>
         <value>0x3c20</value>
         <object_component_ref idref="oc-1bf"/>
      </symbol>
      <symbol id="sm-2ba">
         <name>__aeabi_ctype_table_C</name>
         <value>0x3c20</value>
         <object_component_ref idref="oc-1bf"/>
      </symbol>
      <symbol id="sm-2c5">
         <name>__aeabi_errno_addr</name>
         <value>0x3bf9</value>
         <object_component_ref idref="oc-1f3"/>
      </symbol>
      <symbol id="sm-2c6">
         <name>__aeabi_errno</name>
         <value>0x20200370</value>
         <object_component_ref idref="oc-211"/>
      </symbol>
      <symbol id="sm-2d0">
         <name>abort</name>
         <value>0x3c11</value>
         <object_component_ref idref="oc-10d"/>
      </symbol>
      <symbol id="sm-2d1">
         <name>C$$EXIT</name>
         <value>0x3c10</value>
         <object_component_ref idref="oc-10d"/>
      </symbol>
      <symbol id="sm-2db">
         <name>__TI_ltoa</name>
         <value>0x2ed1</value>
         <object_component_ref idref="oc-22b"/>
      </symbol>
      <symbol id="sm-2e7">
         <name>memccpy</name>
         <value>0x39dd</value>
         <object_component_ref idref="oc-1e8"/>
      </symbol>
      <symbol id="sm-2f2">
         <name>frexp</name>
         <value>0x2dc5</value>
         <object_component_ref idref="oc-223"/>
      </symbol>
      <symbol id="sm-2f3">
         <name>frexpl</name>
         <value>0x2dc5</value>
         <object_component_ref idref="oc-223"/>
      </symbol>
      <symbol id="sm-2fd">
         <name>scalbn</name>
         <value>0x2295</value>
         <object_component_ref idref="oc-227"/>
      </symbol>
      <symbol id="sm-2fe">
         <name>ldexp</name>
         <value>0x2295</value>
         <object_component_ref idref="oc-227"/>
      </symbol>
      <symbol id="sm-2ff">
         <name>scalbnl</name>
         <value>0x2295</value>
         <object_component_ref idref="oc-227"/>
      </symbol>
      <symbol id="sm-300">
         <name>ldexpl</name>
         <value>0x2295</value>
         <object_component_ref idref="oc-227"/>
      </symbol>
      <symbol id="sm-31c">
         <name>__aeabi_dadd</name>
         <value>0x16af</value>
         <object_component_ref idref="oc-6a"/>
      </symbol>
      <symbol id="sm-31d">
         <name>__adddf3</name>
         <value>0x16af</value>
         <object_component_ref idref="oc-6a"/>
      </symbol>
      <symbol id="sm-31e">
         <name>__aeabi_dsub</name>
         <value>0x16a5</value>
         <object_component_ref idref="oc-6a"/>
      </symbol>
      <symbol id="sm-31f">
         <name>__subdf3</name>
         <value>0x16a5</value>
         <object_component_ref idref="oc-6a"/>
      </symbol>
      <symbol id="sm-328">
         <name>__aeabi_dmul</name>
         <value>0x21b1</value>
         <object_component_ref idref="oc-66"/>
      </symbol>
      <symbol id="sm-329">
         <name>__muldf3</name>
         <value>0x21b1</value>
         <object_component_ref idref="oc-66"/>
      </symbol>
      <symbol id="sm-32f">
         <name>__muldsi3</name>
         <value>0x3575</value>
         <object_component_ref idref="oc-98"/>
      </symbol>
      <symbol id="sm-335">
         <name>__aeabi_ddiv</name>
         <value>0x1ce5</value>
         <object_component_ref idref="oc-e1"/>
      </symbol>
      <symbol id="sm-336">
         <name>__divdf3</name>
         <value>0x1ce5</value>
         <object_component_ref idref="oc-e1"/>
      </symbol>
      <symbol id="sm-33c">
         <name>__aeabi_d2iz</name>
         <value>0x32f5</value>
         <object_component_ref idref="oc-e5"/>
      </symbol>
      <symbol id="sm-33d">
         <name>__fixdfsi</name>
         <value>0x32f5</value>
         <object_component_ref idref="oc-e5"/>
      </symbol>
      <symbol id="sm-343">
         <name>__aeabi_i2d</name>
         <value>0x3805</value>
         <object_component_ref idref="oc-dd"/>
      </symbol>
      <symbol id="sm-344">
         <name>__floatsidf</name>
         <value>0x3805</value>
         <object_component_ref idref="oc-dd"/>
      </symbol>
      <symbol id="sm-34a">
         <name>__aeabi_ui2d</name>
         <value>0x3995</value>
         <object_component_ref idref="oc-62"/>
      </symbol>
      <symbol id="sm-34b">
         <name>__floatunsidf</name>
         <value>0x3995</value>
         <object_component_ref idref="oc-62"/>
      </symbol>
      <symbol id="sm-351">
         <name>__aeabi_lmul</name>
         <value>0x39b9</value>
         <object_component_ref idref="oc-1f8"/>
      </symbol>
      <symbol id="sm-352">
         <name>__muldi3</name>
         <value>0x39b9</value>
         <object_component_ref idref="oc-1f8"/>
      </symbol>
      <symbol id="sm-359">
         <name>__aeabi_d2f</name>
         <value>0x2951</value>
         <object_component_ref idref="oc-6e"/>
      </symbol>
      <symbol id="sm-35a">
         <name>__truncdfsf2</name>
         <value>0x2951</value>
         <object_component_ref idref="oc-6e"/>
      </symbol>
      <symbol id="sm-360">
         <name>__aeabi_dcmpeq</name>
         <value>0x2be1</value>
         <object_component_ref idref="oc-201"/>
      </symbol>
      <symbol id="sm-361">
         <name>__aeabi_dcmplt</name>
         <value>0x2bf5</value>
         <object_component_ref idref="oc-201"/>
      </symbol>
      <symbol id="sm-362">
         <name>__aeabi_dcmple</name>
         <value>0x2c09</value>
         <object_component_ref idref="oc-201"/>
      </symbol>
      <symbol id="sm-363">
         <name>__aeabi_dcmpge</name>
         <value>0x2c1d</value>
         <object_component_ref idref="oc-201"/>
      </symbol>
      <symbol id="sm-364">
         <name>__aeabi_dcmpgt</name>
         <value>0x2c31</value>
         <object_component_ref idref="oc-201"/>
      </symbol>
      <symbol id="sm-36a">
         <name>__aeabi_fcmpeq</name>
         <value>0x2c45</value>
         <object_component_ref idref="oc-9f"/>
      </symbol>
      <symbol id="sm-36b">
         <name>__aeabi_fcmplt</name>
         <value>0x2c59</value>
         <object_component_ref idref="oc-9f"/>
      </symbol>
      <symbol id="sm-36c">
         <name>__aeabi_fcmple</name>
         <value>0x2c6d</value>
         <object_component_ref idref="oc-9f"/>
      </symbol>
      <symbol id="sm-36d">
         <name>__aeabi_fcmpge</name>
         <value>0x2c81</value>
         <object_component_ref idref="oc-9f"/>
      </symbol>
      <symbol id="sm-36e">
         <name>__aeabi_fcmpgt</name>
         <value>0x2c95</value>
         <object_component_ref idref="oc-9f"/>
      </symbol>
      <symbol id="sm-374">
         <name>__aeabi_idiv</name>
         <value>0x2f81</value>
         <object_component_ref idref="oc-f4"/>
      </symbol>
      <symbol id="sm-375">
         <name>__aeabi_idivmod</name>
         <value>0x2f81</value>
         <object_component_ref idref="oc-f4"/>
      </symbol>
      <symbol id="sm-37b">
         <name>__aeabi_memcpy</name>
         <value>0x3c01</value>
         <object_component_ref idref="oc-46"/>
      </symbol>
      <symbol id="sm-37c">
         <name>__aeabi_memcpy4</name>
         <value>0x3c01</value>
         <object_component_ref idref="oc-46"/>
      </symbol>
      <symbol id="sm-37d">
         <name>__aeabi_memcpy8</name>
         <value>0x3c01</value>
         <object_component_ref idref="oc-46"/>
      </symbol>
      <symbol id="sm-384">
         <name>__aeabi_memset</name>
         <value>0x3b8d</value>
         <object_component_ref idref="oc-1e7"/>
      </symbol>
      <symbol id="sm-385">
         <name>__aeabi_memset4</name>
         <value>0x3b8d</value>
         <object_component_ref idref="oc-1e7"/>
      </symbol>
      <symbol id="sm-386">
         <name>__aeabi_memset8</name>
         <value>0x3b8d</value>
         <object_component_ref idref="oc-1e7"/>
      </symbol>
      <symbol id="sm-38c">
         <name>__aeabi_uidiv</name>
         <value>0x3405</value>
         <object_component_ref idref="oc-ea"/>
      </symbol>
      <symbol id="sm-38d">
         <name>__aeabi_uidivmod</name>
         <value>0x3405</value>
         <object_component_ref idref="oc-ea"/>
      </symbol>
      <symbol id="sm-393">
         <name>__aeabi_uldivmod</name>
         <value>0x3b31</value>
         <object_component_ref idref="oc-1fd"/>
      </symbol>
      <symbol id="sm-39c">
         <name>__eqsf2</name>
         <value>0x3539</value>
         <object_component_ref idref="oc-127"/>
      </symbol>
      <symbol id="sm-39d">
         <name>__lesf2</name>
         <value>0x3539</value>
         <object_component_ref idref="oc-127"/>
      </symbol>
      <symbol id="sm-39e">
         <name>__ltsf2</name>
         <value>0x3539</value>
         <object_component_ref idref="oc-127"/>
      </symbol>
      <symbol id="sm-39f">
         <name>__nesf2</name>
         <value>0x3539</value>
         <object_component_ref idref="oc-127"/>
      </symbol>
      <symbol id="sm-3a0">
         <name>__cmpsf2</name>
         <value>0x3539</value>
         <object_component_ref idref="oc-127"/>
      </symbol>
      <symbol id="sm-3a1">
         <name>__gtsf2</name>
         <value>0x34c1</value>
         <object_component_ref idref="oc-12c"/>
      </symbol>
      <symbol id="sm-3a2">
         <name>__gesf2</name>
         <value>0x34c1</value>
         <object_component_ref idref="oc-12c"/>
      </symbol>
      <symbol id="sm-3a8">
         <name>__udivmoddi4</name>
         <value>0x2429</value>
         <object_component_ref idref="oc-216"/>
      </symbol>
      <symbol id="sm-3ae">
         <name>__aeabi_llsl</name>
         <value>0x3a41</value>
         <object_component_ref idref="oc-238"/>
      </symbol>
      <symbol id="sm-3af">
         <name>__ashldi3</name>
         <value>0x3a41</value>
         <object_component_ref idref="oc-238"/>
      </symbol>
      <symbol id="sm-3bd">
         <name>__ledf2</name>
         <value>0x2aa5</value>
         <object_component_ref idref="oc-21b"/>
      </symbol>
      <symbol id="sm-3be">
         <name>__gedf2</name>
         <value>0x2a35</value>
         <object_component_ref idref="oc-221"/>
      </symbol>
      <symbol id="sm-3bf">
         <name>__cmpdf2</name>
         <value>0x2aa5</value>
         <object_component_ref idref="oc-21b"/>
      </symbol>
      <symbol id="sm-3c0">
         <name>__eqdf2</name>
         <value>0x2aa5</value>
         <object_component_ref idref="oc-21b"/>
      </symbol>
      <symbol id="sm-3c1">
         <name>__ltdf2</name>
         <value>0x2aa5</value>
         <object_component_ref idref="oc-21b"/>
      </symbol>
      <symbol id="sm-3c2">
         <name>__nedf2</name>
         <value>0x2aa5</value>
         <object_component_ref idref="oc-21b"/>
      </symbol>
      <symbol id="sm-3c3">
         <name>__gtdf2</name>
         <value>0x2a35</value>
         <object_component_ref idref="oc-221"/>
      </symbol>
      <symbol id="sm-3cf">
         <name>__aeabi_idiv0</name>
         <value>0x2bdf</value>
         <object_component_ref idref="oc-165"/>
      </symbol>
      <symbol id="sm-3d0">
         <name>__aeabi_ldiv0</name>
         <value>0x2c43</value>
         <object_component_ref idref="oc-237"/>
      </symbol>
      <symbol id="sm-3ea">
         <name>memcpy</name>
         <value>0x24cb</value>
         <object_component_ref idref="oc-cb"/>
      </symbol>
      <symbol id="sm-3f9">
         <name>memset</name>
         <value>0x2ca7</value>
         <object_component_ref idref="oc-14d"/>
      </symbol>
      <symbol id="sm-3fa">
         <name>__TI_static_base__</name>
         <value>0x0</value>
      </symbol>
      <symbol id="sm-3fe">
         <name>__mpu_init</name>
         <value>0x0</value>
      </symbol>
      <symbol id="sm-3ff">
         <name>_system_post_cinit</name>
         <value>0x0</value>
      </symbol>
   </symbol_table>
   <title>Link successful</title>
</link_info>
